ARM GAS  /tmp/ccgeRYqu.s 			page 1


   1              		.cpu cortex-m33
   2              		.arch armv8-m.main
   3              		.fpu fpv5-sp-d16
   4              		.arch_extension dsp
   5              		.eabi_attribute 27, 1
   6              		.eabi_attribute 28, 1
   7              		.eabi_attribute 20, 1
   8              		.eabi_attribute 21, 1
   9              		.eabi_attribute 23, 3
  10              		.eabi_attribute 24, 1
  11              		.eabi_attribute 25, 1
  12              		.eabi_attribute 26, 1
  13              		.eabi_attribute 30, 1
  14              		.eabi_attribute 34, 1
  15              		.eabi_attribute 18, 4
  16              		.file	"custom_memory_manager.c"
  17              		.text
  18              	.Ltext0:
  19              		.cfi_sections	.debug_frame
  20              		.file 1 "Core/Src/custom_memory_manager.c"
  21              		.section	.text.prvHeapInit,"ax",%progbits
  22              		.align	1
  23              		.syntax unified
  24              		.thumb
  25              		.thumb_func
  27              	prvHeapInit:
  28              	.LFB8:
   1:Core/Src/custom_memory_manager.c **** /*
   2:Core/Src/custom_memory_manager.c ****  * A custom implementation of pvPortMallocMicroROS() and vPortFreeMicroROS() with realloc and
   3:Core/Src/custom_memory_manager.c ****  * calloc features based on FreeRTOS heap4.c.
   4:Core/Src/custom_memory_manager.c ****  */
   5:Core/Src/custom_memory_manager.c ****  
   6:Core/Src/custom_memory_manager.c **** #include <stdlib.h>
   7:Core/Src/custom_memory_manager.c **** #include <string.h>
   8:Core/Src/custom_memory_manager.c **** 
   9:Core/Src/custom_memory_manager.c **** /* Defining MPU_WRAPPERS_INCLUDED_FROM_API_FILE prevents task.h from redefining
  10:Core/Src/custom_memory_manager.c **** all the API functions to use the MPU wrappers.  That should only be done when
  11:Core/Src/custom_memory_manager.c **** task.h is included from an application file. */
  12:Core/Src/custom_memory_manager.c **** #define MPU_WRAPPERS_INCLUDED_FROM_API_FILE
  13:Core/Src/custom_memory_manager.c **** 
  14:Core/Src/custom_memory_manager.c **** #include "FreeRTOS.h"
  15:Core/Src/custom_memory_manager.c **** #include "task.h"
  16:Core/Src/custom_memory_manager.c **** 
  17:Core/Src/custom_memory_manager.c **** #undef MPU_WRAPPERS_INCLUDED_FROM_API_FILE
  18:Core/Src/custom_memory_manager.c **** 
  19:Core/Src/custom_memory_manager.c **** #if( configSUPPORT_DYNAMIC_ALLOCATION == 0 )
  20:Core/Src/custom_memory_manager.c **** 	#error This file must not be used if configSUPPORT_DYNAMIC_ALLOCATION is 0
  21:Core/Src/custom_memory_manager.c **** #endif
  22:Core/Src/custom_memory_manager.c **** 
  23:Core/Src/custom_memory_manager.c **** /* Block sizes must not get too small. */
  24:Core/Src/custom_memory_manager.c **** #define heapMINIMUM_BLOCK_SIZE	( ( size_t ) ( xHeapStructSize << 1 ) )
  25:Core/Src/custom_memory_manager.c **** 
  26:Core/Src/custom_memory_manager.c **** /* Assumes 8bit bytes! */
  27:Core/Src/custom_memory_manager.c **** #define heapBITS_PER_BYTE		( ( size_t ) 8 )
  28:Core/Src/custom_memory_manager.c **** 
  29:Core/Src/custom_memory_manager.c **** /* Allocate the memory for the heap. */
  30:Core/Src/custom_memory_manager.c **** static uint8_t ucHeap[ configTOTAL_HEAP_SIZE ];
ARM GAS  /tmp/ccgeRYqu.s 			page 2


  31:Core/Src/custom_memory_manager.c **** 
  32:Core/Src/custom_memory_manager.c **** /* Define the linked list structure.  This is used to link free blocks in order
  33:Core/Src/custom_memory_manager.c **** of their memory address. */
  34:Core/Src/custom_memory_manager.c **** typedef struct A_BLOCK_LINK
  35:Core/Src/custom_memory_manager.c **** {
  36:Core/Src/custom_memory_manager.c **** 	struct A_BLOCK_LINK *pxNextFreeBlock;	/*<< The next free block in the list. */
  37:Core/Src/custom_memory_manager.c **** 	size_t xBlockSize;						/*<< The size of the free block. */
  38:Core/Src/custom_memory_manager.c **** } BlockLink_t;
  39:Core/Src/custom_memory_manager.c **** 
  40:Core/Src/custom_memory_manager.c **** /*-----------------------------------------------------------*/
  41:Core/Src/custom_memory_manager.c **** 
  42:Core/Src/custom_memory_manager.c **** /*
  43:Core/Src/custom_memory_manager.c ****  * Inserts a block of memory that is being freed into the correct position in
  44:Core/Src/custom_memory_manager.c ****  * the list of free memory blocks.  The block being freed will be merged with
  45:Core/Src/custom_memory_manager.c ****  * the block in front it and/or the block behind it if the memory blocks are
  46:Core/Src/custom_memory_manager.c ****  * adjacent to each other.
  47:Core/Src/custom_memory_manager.c ****  */
  48:Core/Src/custom_memory_manager.c **** static void prvInsertBlockIntoFreeList( BlockLink_t *pxBlockToInsert );
  49:Core/Src/custom_memory_manager.c **** 
  50:Core/Src/custom_memory_manager.c **** /*
  51:Core/Src/custom_memory_manager.c ****  * Called automatically to setup the required heap structures the first time
  52:Core/Src/custom_memory_manager.c ****  * pvPortMallocMicroROS() is called.
  53:Core/Src/custom_memory_manager.c ****  */
  54:Core/Src/custom_memory_manager.c **** static void prvHeapInit( void );
  55:Core/Src/custom_memory_manager.c **** 
  56:Core/Src/custom_memory_manager.c **** /*-----------------------------------------------------------*/
  57:Core/Src/custom_memory_manager.c **** 
  58:Core/Src/custom_memory_manager.c **** /* The size of the structure placed at the beginning of each allocated memory
  59:Core/Src/custom_memory_manager.c **** block must by correctly byte aligned. */
  60:Core/Src/custom_memory_manager.c **** static const size_t xHeapStructSize	= ( sizeof( BlockLink_t ) + ( ( size_t ) ( portBYTE_ALIGNMENT -
  61:Core/Src/custom_memory_manager.c **** 
  62:Core/Src/custom_memory_manager.c **** /* Create a couple of list links to mark the start and end of the list. */
  63:Core/Src/custom_memory_manager.c **** static BlockLink_t xStart, *pxEnd = NULL;
  64:Core/Src/custom_memory_manager.c **** 
  65:Core/Src/custom_memory_manager.c **** /* Keeps track of the number of free bytes remaining, but says nothing about
  66:Core/Src/custom_memory_manager.c **** fragmentation. */
  67:Core/Src/custom_memory_manager.c **** static size_t xFreeBytesRemaining = 0U;
  68:Core/Src/custom_memory_manager.c **** static size_t xMinimumEverFreeBytesRemaining = 0U;
  69:Core/Src/custom_memory_manager.c **** 
  70:Core/Src/custom_memory_manager.c **** /* Gets set to the top bit of an size_t type.  When this bit in the xBlockSize
  71:Core/Src/custom_memory_manager.c **** member of an BlockLink_t structure is set then the block belongs to the
  72:Core/Src/custom_memory_manager.c **** application.  When the bit is free the block is still part of the free heap
  73:Core/Src/custom_memory_manager.c **** space. */
  74:Core/Src/custom_memory_manager.c **** static size_t xBlockAllocatedBit = 0;
  75:Core/Src/custom_memory_manager.c **** 
  76:Core/Src/custom_memory_manager.c **** /*-----------------------------------------------------------*/
  77:Core/Src/custom_memory_manager.c **** 
  78:Core/Src/custom_memory_manager.c **** void *pvPortMallocMicroROS( size_t xWantedSize )
  79:Core/Src/custom_memory_manager.c **** {
  80:Core/Src/custom_memory_manager.c **** BlockLink_t *pxBlock, *pxPreviousBlock, *pxNewBlockLink;
  81:Core/Src/custom_memory_manager.c **** void *pvReturn = NULL;
  82:Core/Src/custom_memory_manager.c **** 
  83:Core/Src/custom_memory_manager.c **** 	vTaskSuspendAll();
  84:Core/Src/custom_memory_manager.c **** 	{
  85:Core/Src/custom_memory_manager.c **** 		/* If this is the first call to malloc then the heap will require
  86:Core/Src/custom_memory_manager.c **** 		initialisation to setup the list of free blocks. */
  87:Core/Src/custom_memory_manager.c **** 		if( pxEnd == NULL )
ARM GAS  /tmp/ccgeRYqu.s 			page 3


  88:Core/Src/custom_memory_manager.c **** 		{
  89:Core/Src/custom_memory_manager.c **** 			prvHeapInit();
  90:Core/Src/custom_memory_manager.c **** 		}
  91:Core/Src/custom_memory_manager.c **** 		else
  92:Core/Src/custom_memory_manager.c **** 		{
  93:Core/Src/custom_memory_manager.c **** 			mtCOVERAGE_TEST_MARKER();
  94:Core/Src/custom_memory_manager.c **** 		}
  95:Core/Src/custom_memory_manager.c **** 
  96:Core/Src/custom_memory_manager.c **** 		/* Check the requested block size is not so large that the top bit is
  97:Core/Src/custom_memory_manager.c **** 		set.  The top bit of the block size member of the BlockLink_t structure
  98:Core/Src/custom_memory_manager.c **** 		is used to determine who owns the block - the application or the
  99:Core/Src/custom_memory_manager.c **** 		kernel, so it must be free. */
 100:Core/Src/custom_memory_manager.c **** 		if( ( xWantedSize & xBlockAllocatedBit ) == 0 )
 101:Core/Src/custom_memory_manager.c **** 		{
 102:Core/Src/custom_memory_manager.c **** 			/* The wanted size is increased so it can contain a BlockLink_t
 103:Core/Src/custom_memory_manager.c **** 			structure in addition to the requested amount of bytes. */
 104:Core/Src/custom_memory_manager.c **** 			if( xWantedSize > 0 )
 105:Core/Src/custom_memory_manager.c **** 			{
 106:Core/Src/custom_memory_manager.c **** 				xWantedSize += xHeapStructSize;
 107:Core/Src/custom_memory_manager.c **** 
 108:Core/Src/custom_memory_manager.c **** 				/* Ensure that blocks are always aligned to the required number
 109:Core/Src/custom_memory_manager.c **** 				of bytes. */
 110:Core/Src/custom_memory_manager.c **** 				if( ( xWantedSize & portBYTE_ALIGNMENT_MASK ) != 0x00 )
 111:Core/Src/custom_memory_manager.c **** 				{
 112:Core/Src/custom_memory_manager.c **** 					/* Byte alignment required. */
 113:Core/Src/custom_memory_manager.c **** 					xWantedSize += ( portBYTE_ALIGNMENT - ( xWantedSize & portBYTE_ALIGNMENT_MASK ) );
 114:Core/Src/custom_memory_manager.c **** 					configASSERT( ( xWantedSize & portBYTE_ALIGNMENT_MASK ) == 0 );
 115:Core/Src/custom_memory_manager.c **** 				}
 116:Core/Src/custom_memory_manager.c **** 				else
 117:Core/Src/custom_memory_manager.c **** 				{
 118:Core/Src/custom_memory_manager.c **** 					mtCOVERAGE_TEST_MARKER();
 119:Core/Src/custom_memory_manager.c **** 				}
 120:Core/Src/custom_memory_manager.c **** 			}
 121:Core/Src/custom_memory_manager.c **** 			else
 122:Core/Src/custom_memory_manager.c **** 			{
 123:Core/Src/custom_memory_manager.c **** 				mtCOVERAGE_TEST_MARKER();
 124:Core/Src/custom_memory_manager.c **** 			}
 125:Core/Src/custom_memory_manager.c **** 
 126:Core/Src/custom_memory_manager.c **** 			if( ( xWantedSize > 0 ) && ( xWantedSize <= xFreeBytesRemaining ) )
 127:Core/Src/custom_memory_manager.c **** 			{
 128:Core/Src/custom_memory_manager.c **** 				/* Traverse the list from the start	(lowest address) block until
 129:Core/Src/custom_memory_manager.c **** 				one	of adequate size is found. */
 130:Core/Src/custom_memory_manager.c **** 				pxPreviousBlock = &xStart;
 131:Core/Src/custom_memory_manager.c **** 				pxBlock = xStart.pxNextFreeBlock;
 132:Core/Src/custom_memory_manager.c **** 				while( ( pxBlock->xBlockSize < xWantedSize ) && ( pxBlock->pxNextFreeBlock != NULL ) )
 133:Core/Src/custom_memory_manager.c **** 				{
 134:Core/Src/custom_memory_manager.c **** 					pxPreviousBlock = pxBlock;
 135:Core/Src/custom_memory_manager.c **** 					pxBlock = pxBlock->pxNextFreeBlock;
 136:Core/Src/custom_memory_manager.c **** 				}
 137:Core/Src/custom_memory_manager.c **** 
 138:Core/Src/custom_memory_manager.c **** 				/* If the end marker was reached then a block of adequate size
 139:Core/Src/custom_memory_manager.c **** 				was	not found. */
 140:Core/Src/custom_memory_manager.c **** 				if( pxBlock != pxEnd )
 141:Core/Src/custom_memory_manager.c **** 				{
 142:Core/Src/custom_memory_manager.c **** 					/* Return the memory space pointed to - jumping over the
 143:Core/Src/custom_memory_manager.c **** 					BlockLink_t structure at its start. */
 144:Core/Src/custom_memory_manager.c **** 					pvReturn = ( void * ) ( ( ( uint8_t * ) pxPreviousBlock->pxNextFreeBlock ) + xHeapStructSize )
ARM GAS  /tmp/ccgeRYqu.s 			page 4


 145:Core/Src/custom_memory_manager.c **** 
 146:Core/Src/custom_memory_manager.c **** 					/* This block is being returned for use so must be taken out
 147:Core/Src/custom_memory_manager.c **** 					of the list of free blocks. */
 148:Core/Src/custom_memory_manager.c **** 					pxPreviousBlock->pxNextFreeBlock = pxBlock->pxNextFreeBlock;
 149:Core/Src/custom_memory_manager.c **** 
 150:Core/Src/custom_memory_manager.c **** 					/* If the block is larger than required it can be split into
 151:Core/Src/custom_memory_manager.c **** 					two. */
 152:Core/Src/custom_memory_manager.c **** 					if( ( pxBlock->xBlockSize - xWantedSize ) > heapMINIMUM_BLOCK_SIZE )
 153:Core/Src/custom_memory_manager.c **** 					{
 154:Core/Src/custom_memory_manager.c **** 						/* This block is to be split into two.  Create a new
 155:Core/Src/custom_memory_manager.c **** 						block following the number of bytes requested. The void
 156:Core/Src/custom_memory_manager.c **** 						cast is used to prevent byte alignment warnings from the
 157:Core/Src/custom_memory_manager.c **** 						compiler. */
 158:Core/Src/custom_memory_manager.c **** 						pxNewBlockLink = ( void * ) ( ( ( uint8_t * ) pxBlock ) + xWantedSize );
 159:Core/Src/custom_memory_manager.c **** 						configASSERT( ( ( ( size_t ) pxNewBlockLink ) & portBYTE_ALIGNMENT_MASK ) == 0 );
 160:Core/Src/custom_memory_manager.c **** 
 161:Core/Src/custom_memory_manager.c **** 						/* Calculate the sizes of two blocks split from the
 162:Core/Src/custom_memory_manager.c **** 						single block. */
 163:Core/Src/custom_memory_manager.c **** 						pxNewBlockLink->xBlockSize = pxBlock->xBlockSize - xWantedSize;
 164:Core/Src/custom_memory_manager.c **** 						pxBlock->xBlockSize = xWantedSize;
 165:Core/Src/custom_memory_manager.c **** 
 166:Core/Src/custom_memory_manager.c **** 						/* Insert the new block into the list of free blocks. */
 167:Core/Src/custom_memory_manager.c **** 						prvInsertBlockIntoFreeList( pxNewBlockLink );
 168:Core/Src/custom_memory_manager.c **** 					}
 169:Core/Src/custom_memory_manager.c **** 					else
 170:Core/Src/custom_memory_manager.c **** 					{
 171:Core/Src/custom_memory_manager.c **** 						mtCOVERAGE_TEST_MARKER();
 172:Core/Src/custom_memory_manager.c **** 					}
 173:Core/Src/custom_memory_manager.c **** 
 174:Core/Src/custom_memory_manager.c **** 					xFreeBytesRemaining -= pxBlock->xBlockSize;
 175:Core/Src/custom_memory_manager.c **** 
 176:Core/Src/custom_memory_manager.c **** 					if( xFreeBytesRemaining < xMinimumEverFreeBytesRemaining )
 177:Core/Src/custom_memory_manager.c **** 					{
 178:Core/Src/custom_memory_manager.c **** 						xMinimumEverFreeBytesRemaining = xFreeBytesRemaining;
 179:Core/Src/custom_memory_manager.c **** 					}
 180:Core/Src/custom_memory_manager.c **** 					else
 181:Core/Src/custom_memory_manager.c **** 					{
 182:Core/Src/custom_memory_manager.c **** 						mtCOVERAGE_TEST_MARKER();
 183:Core/Src/custom_memory_manager.c **** 					}
 184:Core/Src/custom_memory_manager.c **** 
 185:Core/Src/custom_memory_manager.c **** 					/* The block is being returned - it is allocated and owned
 186:Core/Src/custom_memory_manager.c **** 					by the application and has no "next" block. */
 187:Core/Src/custom_memory_manager.c **** 					pxBlock->xBlockSize |= xBlockAllocatedBit;
 188:Core/Src/custom_memory_manager.c **** 					pxBlock->pxNextFreeBlock = NULL;
 189:Core/Src/custom_memory_manager.c **** 				}
 190:Core/Src/custom_memory_manager.c **** 				else
 191:Core/Src/custom_memory_manager.c **** 				{
 192:Core/Src/custom_memory_manager.c **** 					mtCOVERAGE_TEST_MARKER();
 193:Core/Src/custom_memory_manager.c **** 				}
 194:Core/Src/custom_memory_manager.c **** 			}
 195:Core/Src/custom_memory_manager.c **** 			else
 196:Core/Src/custom_memory_manager.c **** 			{
 197:Core/Src/custom_memory_manager.c **** 				mtCOVERAGE_TEST_MARKER();
 198:Core/Src/custom_memory_manager.c **** 			}
 199:Core/Src/custom_memory_manager.c **** 		}
 200:Core/Src/custom_memory_manager.c **** 		else
 201:Core/Src/custom_memory_manager.c **** 		{
ARM GAS  /tmp/ccgeRYqu.s 			page 5


 202:Core/Src/custom_memory_manager.c **** 			mtCOVERAGE_TEST_MARKER();
 203:Core/Src/custom_memory_manager.c **** 		}
 204:Core/Src/custom_memory_manager.c **** 
 205:Core/Src/custom_memory_manager.c **** 		traceMALLOC( pvReturn, xWantedSize );
 206:Core/Src/custom_memory_manager.c **** 	}
 207:Core/Src/custom_memory_manager.c **** 	( void ) xTaskResumeAll();
 208:Core/Src/custom_memory_manager.c **** 
 209:Core/Src/custom_memory_manager.c **** 	#if( configUSE_MALLOC_FAILED_HOOK == 1 )
 210:Core/Src/custom_memory_manager.c **** 	{
 211:Core/Src/custom_memory_manager.c **** 		if( pvReturn == NULL )
 212:Core/Src/custom_memory_manager.c **** 		{
 213:Core/Src/custom_memory_manager.c **** 			extern void vApplicationMallocFailedHook( void );
 214:Core/Src/custom_memory_manager.c **** 			vApplicationMallocFailedHook();
 215:Core/Src/custom_memory_manager.c **** 		}
 216:Core/Src/custom_memory_manager.c **** 		else
 217:Core/Src/custom_memory_manager.c **** 		{
 218:Core/Src/custom_memory_manager.c **** 			mtCOVERAGE_TEST_MARKER();
 219:Core/Src/custom_memory_manager.c **** 		}
 220:Core/Src/custom_memory_manager.c **** 	}
 221:Core/Src/custom_memory_manager.c **** 	#endif
 222:Core/Src/custom_memory_manager.c **** 
 223:Core/Src/custom_memory_manager.c **** 	configASSERT( ( ( ( size_t ) pvReturn ) & ( size_t ) portBYTE_ALIGNMENT_MASK ) == 0 );
 224:Core/Src/custom_memory_manager.c **** 	return pvReturn;
 225:Core/Src/custom_memory_manager.c **** }
 226:Core/Src/custom_memory_manager.c **** /*-----------------------------------------------------------*/
 227:Core/Src/custom_memory_manager.c **** 
 228:Core/Src/custom_memory_manager.c **** void vPortFreeMicroROS( void *pv )
 229:Core/Src/custom_memory_manager.c **** {
 230:Core/Src/custom_memory_manager.c **** uint8_t *puc = ( uint8_t * ) pv;
 231:Core/Src/custom_memory_manager.c **** BlockLink_t *pxLink;
 232:Core/Src/custom_memory_manager.c **** 
 233:Core/Src/custom_memory_manager.c **** 	if( pv != NULL )
 234:Core/Src/custom_memory_manager.c **** 	{
 235:Core/Src/custom_memory_manager.c **** 		/* The memory being freed will have an BlockLink_t structure immediately
 236:Core/Src/custom_memory_manager.c **** 		before it. */
 237:Core/Src/custom_memory_manager.c **** 		puc -= xHeapStructSize;
 238:Core/Src/custom_memory_manager.c **** 
 239:Core/Src/custom_memory_manager.c **** 		/* This casting is to keep the compiler from issuing warnings. */
 240:Core/Src/custom_memory_manager.c **** 		pxLink = ( void * ) puc;
 241:Core/Src/custom_memory_manager.c **** 
 242:Core/Src/custom_memory_manager.c **** 		/* Check the block is actually allocated. */
 243:Core/Src/custom_memory_manager.c **** 		configASSERT( ( pxLink->xBlockSize & xBlockAllocatedBit ) != 0 );
 244:Core/Src/custom_memory_manager.c **** 		configASSERT( pxLink->pxNextFreeBlock == NULL );
 245:Core/Src/custom_memory_manager.c **** 
 246:Core/Src/custom_memory_manager.c **** 		if( ( pxLink->xBlockSize & xBlockAllocatedBit ) != 0 )
 247:Core/Src/custom_memory_manager.c **** 		{
 248:Core/Src/custom_memory_manager.c **** 			if( pxLink->pxNextFreeBlock == NULL )
 249:Core/Src/custom_memory_manager.c **** 			{
 250:Core/Src/custom_memory_manager.c **** 				/* The block is being returned to the heap - it is no longer
 251:Core/Src/custom_memory_manager.c **** 				allocated. */
 252:Core/Src/custom_memory_manager.c **** 				pxLink->xBlockSize &= ~xBlockAllocatedBit;
 253:Core/Src/custom_memory_manager.c **** 
 254:Core/Src/custom_memory_manager.c **** 				vTaskSuspendAll();
 255:Core/Src/custom_memory_manager.c **** 				{
 256:Core/Src/custom_memory_manager.c **** 					/* Add this block to the list of free blocks. */
 257:Core/Src/custom_memory_manager.c **** 					xFreeBytesRemaining += pxLink->xBlockSize;
 258:Core/Src/custom_memory_manager.c **** 					traceFREE( pv, pxLink->xBlockSize );
ARM GAS  /tmp/ccgeRYqu.s 			page 6


 259:Core/Src/custom_memory_manager.c **** 					prvInsertBlockIntoFreeList( ( ( BlockLink_t * ) pxLink ) );
 260:Core/Src/custom_memory_manager.c **** 				}
 261:Core/Src/custom_memory_manager.c **** 				( void ) xTaskResumeAll();
 262:Core/Src/custom_memory_manager.c **** 			}
 263:Core/Src/custom_memory_manager.c **** 			else
 264:Core/Src/custom_memory_manager.c **** 			{
 265:Core/Src/custom_memory_manager.c **** 				mtCOVERAGE_TEST_MARKER();
 266:Core/Src/custom_memory_manager.c **** 			}
 267:Core/Src/custom_memory_manager.c **** 		}
 268:Core/Src/custom_memory_manager.c **** 		else
 269:Core/Src/custom_memory_manager.c **** 		{
 270:Core/Src/custom_memory_manager.c **** 			mtCOVERAGE_TEST_MARKER();
 271:Core/Src/custom_memory_manager.c **** 		}
 272:Core/Src/custom_memory_manager.c **** 	}
 273:Core/Src/custom_memory_manager.c **** }
 274:Core/Src/custom_memory_manager.c **** /*-----------------------------------------------------------*/
 275:Core/Src/custom_memory_manager.c **** 
 276:Core/Src/custom_memory_manager.c **** /*-----------------------------------------------------------*/
 277:Core/Src/custom_memory_manager.c **** size_t getBlockSize( void *pv )
 278:Core/Src/custom_memory_manager.c **** {
 279:Core/Src/custom_memory_manager.c **** 
 280:Core/Src/custom_memory_manager.c **** 	uint8_t *puc = ( uint8_t * ) pv;
 281:Core/Src/custom_memory_manager.c **** 	BlockLink_t *pxLink;
 282:Core/Src/custom_memory_manager.c **** 
 283:Core/Src/custom_memory_manager.c **** 	puc -= xHeapStructSize;
 284:Core/Src/custom_memory_manager.c **** 	pxLink = ( void * ) puc;
 285:Core/Src/custom_memory_manager.c **** 
 286:Core/Src/custom_memory_manager.c **** 	size_t count = pxLink->xBlockSize & ~xBlockAllocatedBit;
 287:Core/Src/custom_memory_manager.c **** 
 288:Core/Src/custom_memory_manager.c **** 	return count;
 289:Core/Src/custom_memory_manager.c **** }
 290:Core/Src/custom_memory_manager.c **** /*-----------------------------------------------------------*/
 291:Core/Src/custom_memory_manager.c **** 
 292:Core/Src/custom_memory_manager.c **** void *pvPortReallocMicroROS( void *pv, size_t xWantedSize )
 293:Core/Src/custom_memory_manager.c **** {
 294:Core/Src/custom_memory_manager.c **** 	vTaskSuspendAll();
 295:Core/Src/custom_memory_manager.c **** 
 296:Core/Src/custom_memory_manager.c **** 	void * newmem = pvPortMallocMicroROS(xWantedSize);
 297:Core/Src/custom_memory_manager.c **** 	if (newmem != NULL && pv != NULL)
 298:Core/Src/custom_memory_manager.c **** 	{
 299:Core/Src/custom_memory_manager.c **** 		size_t count = getBlockSize(pv) - xHeapStructSize;
 300:Core/Src/custom_memory_manager.c **** 		if (xWantedSize < count)
 301:Core/Src/custom_memory_manager.c **** 		{
 302:Core/Src/custom_memory_manager.c **** 			count = xWantedSize;
 303:Core/Src/custom_memory_manager.c **** 		}
 304:Core/Src/custom_memory_manager.c **** 		memcpy(newmem, pv, count);
 305:Core/Src/custom_memory_manager.c **** 
 306:Core/Src/custom_memory_manager.c **** 		vPortFreeMicroROS(pv);
 307:Core/Src/custom_memory_manager.c **** 	}
 308:Core/Src/custom_memory_manager.c **** 
 309:Core/Src/custom_memory_manager.c **** 	( void ) xTaskResumeAll();
 310:Core/Src/custom_memory_manager.c **** 
 311:Core/Src/custom_memory_manager.c **** 	return newmem;
 312:Core/Src/custom_memory_manager.c **** }
 313:Core/Src/custom_memory_manager.c **** /*-----------------------------------------------------------*/
 314:Core/Src/custom_memory_manager.c **** 
 315:Core/Src/custom_memory_manager.c **** void *pvPortCallocMicroROS( size_t num, size_t xWantedSize )
ARM GAS  /tmp/ccgeRYqu.s 			page 7


 316:Core/Src/custom_memory_manager.c **** {
 317:Core/Src/custom_memory_manager.c **** 	vTaskSuspendAll();
 318:Core/Src/custom_memory_manager.c **** 	size_t count = xWantedSize*num;
 319:Core/Src/custom_memory_manager.c **** 
 320:Core/Src/custom_memory_manager.c **** 	void * mem = pvPortMallocMicroROS(count);
 321:Core/Src/custom_memory_manager.c ****   	char *in_dest = (char*)mem;
 322:Core/Src/custom_memory_manager.c **** 
 323:Core/Src/custom_memory_manager.c ****   	while(count--)
 324:Core/Src/custom_memory_manager.c ****     	*in_dest++ = 0;
 325:Core/Src/custom_memory_manager.c **** 
 326:Core/Src/custom_memory_manager.c **** 	( void ) xTaskResumeAll();
 327:Core/Src/custom_memory_manager.c ****   	return mem;
 328:Core/Src/custom_memory_manager.c **** }
 329:Core/Src/custom_memory_manager.c **** /*-----------------------------------------------------------*/
 330:Core/Src/custom_memory_manager.c **** 
 331:Core/Src/custom_memory_manager.c **** size_t xPortGetFreeHeapSizeMicroROS( void )
 332:Core/Src/custom_memory_manager.c **** {
 333:Core/Src/custom_memory_manager.c **** 	return xFreeBytesRemaining;
 334:Core/Src/custom_memory_manager.c **** }
 335:Core/Src/custom_memory_manager.c **** /*-----------------------------------------------------------*/
 336:Core/Src/custom_memory_manager.c **** 
 337:Core/Src/custom_memory_manager.c **** size_t xPortGetMinimumEverFreeHeapSizeMicroROS( void )
 338:Core/Src/custom_memory_manager.c **** {
 339:Core/Src/custom_memory_manager.c **** 	return xMinimumEverFreeBytesRemaining;
 340:Core/Src/custom_memory_manager.c **** }
 341:Core/Src/custom_memory_manager.c **** /*-----------------------------------------------------------*/
 342:Core/Src/custom_memory_manager.c **** 
 343:Core/Src/custom_memory_manager.c **** void vPortInitialiseBlocksMicroROS( void )
 344:Core/Src/custom_memory_manager.c **** {
 345:Core/Src/custom_memory_manager.c **** 	/* This just exists to keep the linker quiet. */
 346:Core/Src/custom_memory_manager.c **** }
 347:Core/Src/custom_memory_manager.c **** /*-----------------------------------------------------------*/
 348:Core/Src/custom_memory_manager.c **** 
 349:Core/Src/custom_memory_manager.c **** static void prvHeapInit( void )
 350:Core/Src/custom_memory_manager.c **** {
  29              		.loc 1 350 1 view -0
  30              		.cfi_startproc
  31              		@ args = 0, pretend = 0, frame = 0
  32              		@ frame_needed = 0, uses_anonymous_args = 0
  33              		@ link register save eliminated.
 351:Core/Src/custom_memory_manager.c **** BlockLink_t *pxFirstFreeBlock;
  34              		.loc 1 351 1 view .LVU1
 352:Core/Src/custom_memory_manager.c **** uint8_t *pucAlignedHeap;
  35              		.loc 1 352 1 view .LVU2
 353:Core/Src/custom_memory_manager.c **** size_t uxAddress;
  36              		.loc 1 353 1 view .LVU3
 354:Core/Src/custom_memory_manager.c **** size_t xTotalHeapSize = configTOTAL_HEAP_SIZE;
  37              		.loc 1 354 1 view .LVU4
  38              	.LVL0:
 355:Core/Src/custom_memory_manager.c **** 
 356:Core/Src/custom_memory_manager.c **** 	/* Ensure the heap starts on a correctly aligned boundary. */
 357:Core/Src/custom_memory_manager.c **** 	uxAddress = ( size_t ) ucHeap;
  39              		.loc 1 357 2 view .LVU5
  40              		.loc 1 357 12 is_stmt 0 view .LVU6
  41 0000 134A     		ldr	r2, .L4
  42              	.LVL1:
 358:Core/Src/custom_memory_manager.c **** 
ARM GAS  /tmp/ccgeRYqu.s 			page 8


 359:Core/Src/custom_memory_manager.c **** 	if( ( uxAddress & portBYTE_ALIGNMENT_MASK ) != 0 )
  43              		.loc 1 359 2 is_stmt 1 view .LVU7
  44              		.loc 1 359 4 is_stmt 0 view .LVU8
  45 0002 12F0070F 		tst	r2, #7
  46 0006 1FD0     		beq	.L3
 360:Core/Src/custom_memory_manager.c **** 	{
 361:Core/Src/custom_memory_manager.c **** 		uxAddress += ( portBYTE_ALIGNMENT - 1 );
  47              		.loc 1 361 3 is_stmt 1 view .LVU9
  48              		.loc 1 361 13 is_stmt 0 view .LVU10
  49 0008 D11D     		adds	r1, r2, #7
  50              	.LVL2:
 362:Core/Src/custom_memory_manager.c **** 		uxAddress &= ~( ( size_t ) portBYTE_ALIGNMENT_MASK );
  51              		.loc 1 362 3 is_stmt 1 view .LVU11
  52              		.loc 1 362 13 is_stmt 0 view .LVU12
  53 000a 21F00701 		bic	r1, r1, #7
  54              	.LVL3:
 363:Core/Src/custom_memory_manager.c **** 		xTotalHeapSize -= uxAddress - ( size_t ) ucHeap;
  55              		.loc 1 363 3 is_stmt 1 view .LVU13
  56              		.loc 1 363 18 is_stmt 0 view .LVU14
  57 000e C1F51C43 		rsb	r3, r1, #39936
  58 0012 4033     		adds	r3, r3, #64
  59 0014 1344     		add	r3, r3, r2
  60              	.LVL4:
 362:Core/Src/custom_memory_manager.c **** 		uxAddress &= ~( ( size_t ) portBYTE_ALIGNMENT_MASK );
  61              		.loc 1 362 13 view .LVU15
  62 0016 0A46     		mov	r2, r1
  63              	.LVL5:
  64              	.L2:
 364:Core/Src/custom_memory_manager.c **** 	}
 365:Core/Src/custom_memory_manager.c **** 
 366:Core/Src/custom_memory_manager.c **** 	pucAlignedHeap = ( uint8_t * ) uxAddress;
  65              		.loc 1 366 2 is_stmt 1 view .LVU16
 367:Core/Src/custom_memory_manager.c **** 
 368:Core/Src/custom_memory_manager.c **** 	/* xStart is used to hold a pointer to the first item in the list of free
 369:Core/Src/custom_memory_manager.c **** 	blocks.  The void cast is used to prevent compiler warnings. */
 370:Core/Src/custom_memory_manager.c **** 	xStart.pxNextFreeBlock = ( void * ) pucAlignedHeap;
  66              		.loc 1 370 2 view .LVU17
  67              		.loc 1 370 25 is_stmt 0 view .LVU18
  68 0018 0E48     		ldr	r0, .L4+4
  69 001a 0260     		str	r2, [r0]
 371:Core/Src/custom_memory_manager.c **** 	xStart.xBlockSize = ( size_t ) 0;
  70              		.loc 1 371 2 is_stmt 1 view .LVU19
  71              		.loc 1 371 20 is_stmt 0 view .LVU20
  72 001c 0021     		movs	r1, #0
  73 001e 4160     		str	r1, [r0, #4]
 372:Core/Src/custom_memory_manager.c **** 
 373:Core/Src/custom_memory_manager.c **** 	/* pxEnd is used to mark the end of the list of free blocks and is inserted
 374:Core/Src/custom_memory_manager.c **** 	at the end of the heap space. */
 375:Core/Src/custom_memory_manager.c **** 	uxAddress = ( ( size_t ) pucAlignedHeap ) + xTotalHeapSize;
  74              		.loc 1 375 2 is_stmt 1 view .LVU21
  75              		.loc 1 375 12 is_stmt 0 view .LVU22
  76 0020 1344     		add	r3, r3, r2
  77              	.LVL6:
 376:Core/Src/custom_memory_manager.c **** 	uxAddress -= xHeapStructSize;
  78              		.loc 1 376 2 is_stmt 1 view .LVU23
  79              		.loc 1 376 12 is_stmt 0 view .LVU24
  80 0022 083B     		subs	r3, r3, #8
ARM GAS  /tmp/ccgeRYqu.s 			page 9


  81              	.LVL7:
 377:Core/Src/custom_memory_manager.c **** 	uxAddress &= ~( ( size_t ) portBYTE_ALIGNMENT_MASK );
  82              		.loc 1 377 2 is_stmt 1 view .LVU25
  83              		.loc 1 377 12 is_stmt 0 view .LVU26
  84 0024 23F00703 		bic	r3, r3, #7
  85              	.LVL8:
 378:Core/Src/custom_memory_manager.c **** 	pxEnd = ( void * ) uxAddress;
  86              		.loc 1 378 2 is_stmt 1 view .LVU27
  87              		.loc 1 378 8 is_stmt 0 view .LVU28
  88 0028 0B48     		ldr	r0, .L4+8
  89 002a 0360     		str	r3, [r0]
 379:Core/Src/custom_memory_manager.c **** 	pxEnd->xBlockSize = 0;
  90              		.loc 1 379 2 is_stmt 1 view .LVU29
  91              		.loc 1 379 20 is_stmt 0 view .LVU30
  92 002c 5960     		str	r1, [r3, #4]
 380:Core/Src/custom_memory_manager.c **** 	pxEnd->pxNextFreeBlock = NULL;
  93              		.loc 1 380 2 is_stmt 1 view .LVU31
  94              		.loc 1 380 25 is_stmt 0 view .LVU32
  95 002e 1960     		str	r1, [r3]
 381:Core/Src/custom_memory_manager.c **** 
 382:Core/Src/custom_memory_manager.c **** 	/* To start with there is a single free block that is sized to take up the
 383:Core/Src/custom_memory_manager.c **** 	entire heap space, minus the space taken by pxEnd. */
 384:Core/Src/custom_memory_manager.c **** 	pxFirstFreeBlock = ( void * ) pucAlignedHeap;
  96              		.loc 1 384 2 is_stmt 1 view .LVU33
  97              	.LVL9:
 385:Core/Src/custom_memory_manager.c **** 	pxFirstFreeBlock->xBlockSize = uxAddress - ( size_t ) pxFirstFreeBlock;
  98              		.loc 1 385 2 view .LVU34
  99              		.loc 1 385 43 is_stmt 0 view .LVU35
 100 0030 991A     		subs	r1, r3, r2
 101              		.loc 1 385 31 view .LVU36
 102 0032 5160     		str	r1, [r2, #4]
 386:Core/Src/custom_memory_manager.c **** 	pxFirstFreeBlock->pxNextFreeBlock = pxEnd;
 103              		.loc 1 386 2 is_stmt 1 view .LVU37
 104              		.loc 1 386 36 is_stmt 0 view .LVU38
 105 0034 1360     		str	r3, [r2]
 387:Core/Src/custom_memory_manager.c **** 
 388:Core/Src/custom_memory_manager.c **** 	/* Only one block exists - and it covers the entire usable heap space. */
 389:Core/Src/custom_memory_manager.c **** 	xMinimumEverFreeBytesRemaining = pxFirstFreeBlock->xBlockSize;
 106              		.loc 1 389 2 is_stmt 1 view .LVU39
 107              		.loc 1 389 33 is_stmt 0 view .LVU40
 108 0036 094B     		ldr	r3, .L4+12
 109              	.LVL10:
 110              		.loc 1 389 33 view .LVU41
 111 0038 1960     		str	r1, [r3]
 390:Core/Src/custom_memory_manager.c **** 	xFreeBytesRemaining = pxFirstFreeBlock->xBlockSize;
 112              		.loc 1 390 2 is_stmt 1 view .LVU42
 113              		.loc 1 390 22 is_stmt 0 view .LVU43
 114 003a 094B     		ldr	r3, .L4+16
 115 003c 1960     		str	r1, [r3]
 391:Core/Src/custom_memory_manager.c **** 
 392:Core/Src/custom_memory_manager.c **** 	/* Work out the position of the top bit in a size_t variable. */
 393:Core/Src/custom_memory_manager.c **** 	xBlockAllocatedBit = ( ( size_t ) 1 ) << ( ( sizeof( size_t ) * heapBITS_PER_BYTE ) - 1 );
 116              		.loc 1 393 2 is_stmt 1 view .LVU44
 117              		.loc 1 393 21 is_stmt 0 view .LVU45
 118 003e 094B     		ldr	r3, .L4+20
 119 0040 4FF00042 		mov	r2, #-2147483648
 120              	.LVL11:
ARM GAS  /tmp/ccgeRYqu.s 			page 10


 121              		.loc 1 393 21 view .LVU46
 122 0044 1A60     		str	r2, [r3]
 394:Core/Src/custom_memory_manager.c **** }
 123              		.loc 1 394 1 view .LVU47
 124 0046 7047     		bx	lr
 125              	.LVL12:
 126              	.L3:
 354:Core/Src/custom_memory_manager.c **** 
 127              		.loc 1 354 8 view .LVU48
 128 0048 49F64043 		movw	r3, #40000
 129 004c E4E7     		b	.L2
 130              	.L5:
 131 004e 00BF     		.align	2
 132              	.L4:
 133 0050 00000000 		.word	ucHeap
 134 0054 00000000 		.word	xStart
 135 0058 00000000 		.word	pxEnd
 136 005c 00000000 		.word	xMinimumEverFreeBytesRemaining
 137 0060 00000000 		.word	xFreeBytesRemaining
 138 0064 00000000 		.word	xBlockAllocatedBit
 139              		.cfi_endproc
 140              	.LFE8:
 142              		.section	.text.prvInsertBlockIntoFreeList,"ax",%progbits
 143              		.align	1
 144              		.syntax unified
 145              		.thumb
 146              		.thumb_func
 148              	prvInsertBlockIntoFreeList:
 149              	.LVL13:
 150              	.LFB9:
 395:Core/Src/custom_memory_manager.c **** /*-----------------------------------------------------------*/
 396:Core/Src/custom_memory_manager.c **** 
 397:Core/Src/custom_memory_manager.c **** static void prvInsertBlockIntoFreeList( BlockLink_t *pxBlockToInsert )
 398:Core/Src/custom_memory_manager.c **** {
 151              		.loc 1 398 1 is_stmt 1 view -0
 152              		.cfi_startproc
 153              		@ args = 0, pretend = 0, frame = 0
 154              		@ frame_needed = 0, uses_anonymous_args = 0
 155              		@ link register save eliminated.
 399:Core/Src/custom_memory_manager.c **** BlockLink_t *pxIterator;
 156              		.loc 1 399 1 view .LVU50
 400:Core/Src/custom_memory_manager.c **** uint8_t *puc;
 157              		.loc 1 400 1 view .LVU51
 401:Core/Src/custom_memory_manager.c **** 
 402:Core/Src/custom_memory_manager.c **** 	/* Iterate through the list until a block is found that has a higher address
 403:Core/Src/custom_memory_manager.c **** 	than the block being inserted. */
 404:Core/Src/custom_memory_manager.c **** 	for( pxIterator = &xStart; pxIterator->pxNextFreeBlock < pxBlockToInsert; pxIterator = pxIterator-
 158              		.loc 1 404 2 view .LVU52
 159              		.loc 1 404 18 is_stmt 0 view .LVU53
 160 0000 164B     		ldr	r3, .L21
 161              	.LVL14:
 162              	.L7:
 163              		.loc 1 404 57 is_stmt 1 discriminator 1 view .LVU54
 164 0002 1A46     		mov	r2, r3
 165              		.loc 1 404 39 is_stmt 0 discriminator 1 view .LVU55
 166 0004 1B68     		ldr	r3, [r3]
 167              	.LVL15:
ARM GAS  /tmp/ccgeRYqu.s 			page 11


 168              		.loc 1 404 57 discriminator 1 view .LVU56
 169 0006 8342     		cmp	r3, r0
 170 0008 FBD3     		bcc	.L7
 405:Core/Src/custom_memory_manager.c **** 	{
 406:Core/Src/custom_memory_manager.c **** 		/* Nothing to do here, just iterate to the right position. */
 407:Core/Src/custom_memory_manager.c **** 	}
 408:Core/Src/custom_memory_manager.c **** 
 409:Core/Src/custom_memory_manager.c **** 	/* Do the block being inserted, and the block it is being inserted after
 410:Core/Src/custom_memory_manager.c **** 	make a contiguous block of memory? */
 411:Core/Src/custom_memory_manager.c **** 	puc = ( uint8_t * ) pxIterator;
 171              		.loc 1 411 2 is_stmt 1 view .LVU57
 172              	.LVL16:
 412:Core/Src/custom_memory_manager.c **** 	if( ( puc + pxIterator->xBlockSize ) == ( uint8_t * ) pxBlockToInsert )
 173              		.loc 1 412 2 view .LVU58
 174              		.loc 1 412 24 is_stmt 0 view .LVU59
 175 000a 5168     		ldr	r1, [r2, #4]
 176              		.loc 1 412 12 view .LVU60
 177 000c 02EB010C 		add	ip, r2, r1
 178              		.loc 1 412 4 view .LVU61
 179 0010 8445     		cmp	ip, r0
 180 0012 09D0     		beq	.L19
 181              	.L8:
 413:Core/Src/custom_memory_manager.c **** 	{
 414:Core/Src/custom_memory_manager.c **** 		pxIterator->xBlockSize += pxBlockToInsert->xBlockSize;
 415:Core/Src/custom_memory_manager.c **** 		pxBlockToInsert = pxIterator;
 416:Core/Src/custom_memory_manager.c **** 	}
 417:Core/Src/custom_memory_manager.c **** 	else
 418:Core/Src/custom_memory_manager.c **** 	{
 419:Core/Src/custom_memory_manager.c **** 		mtCOVERAGE_TEST_MARKER();
 182              		.loc 1 419 27 is_stmt 1 view .LVU62
 420:Core/Src/custom_memory_manager.c **** 	}
 421:Core/Src/custom_memory_manager.c **** 
 422:Core/Src/custom_memory_manager.c **** 	/* Do the block being inserted, and the block it is being inserted before
 423:Core/Src/custom_memory_manager.c **** 	make a contiguous block of memory? */
 424:Core/Src/custom_memory_manager.c **** 	puc = ( uint8_t * ) pxBlockToInsert;
 183              		.loc 1 424 2 view .LVU63
 184              	.LVL17:
 425:Core/Src/custom_memory_manager.c **** 	if( ( puc + pxBlockToInsert->xBlockSize ) == ( uint8_t * ) pxIterator->pxNextFreeBlock )
 185              		.loc 1 425 2 view .LVU64
 186              		.loc 1 425 29 is_stmt 0 view .LVU65
 187 0014 4168     		ldr	r1, [r0, #4]
 188              		.loc 1 425 12 view .LVU66
 189 0016 00EB010C 		add	ip, r0, r1
 190              		.loc 1 425 4 view .LVU67
 191 001a 6345     		cmp	r3, ip
 192 001c 09D0     		beq	.L20
 426:Core/Src/custom_memory_manager.c **** 	{
 427:Core/Src/custom_memory_manager.c **** 		if( pxIterator->pxNextFreeBlock != pxEnd )
 428:Core/Src/custom_memory_manager.c **** 		{
 429:Core/Src/custom_memory_manager.c **** 			/* Form one big block from the two blocks. */
 430:Core/Src/custom_memory_manager.c **** 			pxBlockToInsert->xBlockSize += pxIterator->pxNextFreeBlock->xBlockSize;
 431:Core/Src/custom_memory_manager.c **** 			pxBlockToInsert->pxNextFreeBlock = pxIterator->pxNextFreeBlock->pxNextFreeBlock;
 432:Core/Src/custom_memory_manager.c **** 		}
 433:Core/Src/custom_memory_manager.c **** 		else
 434:Core/Src/custom_memory_manager.c **** 		{
 435:Core/Src/custom_memory_manager.c **** 			pxBlockToInsert->pxNextFreeBlock = pxEnd;
 436:Core/Src/custom_memory_manager.c **** 		}
ARM GAS  /tmp/ccgeRYqu.s 			page 12


 437:Core/Src/custom_memory_manager.c **** 	}
 438:Core/Src/custom_memory_manager.c **** 	else
 439:Core/Src/custom_memory_manager.c **** 	{
 440:Core/Src/custom_memory_manager.c **** 		pxBlockToInsert->pxNextFreeBlock = pxIterator->pxNextFreeBlock;
 193              		.loc 1 440 3 is_stmt 1 view .LVU68
 194              		.loc 1 440 36 is_stmt 0 view .LVU69
 195 001e 0360     		str	r3, [r0]
 441:Core/Src/custom_memory_manager.c **** 	}
 442:Core/Src/custom_memory_manager.c **** 
 443:Core/Src/custom_memory_manager.c **** 	/* If the block being inserted plugged a gab, so was merged with the block
 444:Core/Src/custom_memory_manager.c **** 	before and the block after, then it's pxNextFreeBlock pointer will have
 445:Core/Src/custom_memory_manager.c **** 	already been set, and should not be set here as that would make it point
 446:Core/Src/custom_memory_manager.c **** 	to itself. */
 447:Core/Src/custom_memory_manager.c **** 	if( pxIterator != pxBlockToInsert )
 196              		.loc 1 447 2 is_stmt 1 view .LVU70
 197              		.loc 1 447 4 is_stmt 0 view .LVU71
 198 0020 9042     		cmp	r0, r2
 199 0022 19D0     		beq	.L16
 448:Core/Src/custom_memory_manager.c **** 	{
 449:Core/Src/custom_memory_manager.c **** 		pxIterator->pxNextFreeBlock = pxBlockToInsert;
 200              		.loc 1 449 3 is_stmt 1 view .LVU72
 201              		.loc 1 449 31 is_stmt 0 view .LVU73
 202 0024 1060     		str	r0, [r2]
 450:Core/Src/custom_memory_manager.c **** 	}
 451:Core/Src/custom_memory_manager.c **** 	else
 452:Core/Src/custom_memory_manager.c **** 	{
 453:Core/Src/custom_memory_manager.c **** 		mtCOVERAGE_TEST_MARKER();
 203              		.loc 1 453 27 is_stmt 1 view .LVU74
 204 0026 7047     		bx	lr
 205              	.LVL18:
 206              	.L19:
 414:Core/Src/custom_memory_manager.c **** 		pxBlockToInsert = pxIterator;
 207              		.loc 1 414 3 view .LVU75
 414:Core/Src/custom_memory_manager.c **** 		pxBlockToInsert = pxIterator;
 208              		.loc 1 414 44 is_stmt 0 view .LVU76
 209 0028 4068     		ldr	r0, [r0, #4]
 210              	.LVL19:
 414:Core/Src/custom_memory_manager.c **** 		pxBlockToInsert = pxIterator;
 211              		.loc 1 414 26 view .LVU77
 212 002a 0144     		add	r1, r1, r0
 213 002c 5160     		str	r1, [r2, #4]
 415:Core/Src/custom_memory_manager.c **** 	}
 214              		.loc 1 415 3 is_stmt 1 view .LVU78
 215              	.LVL20:
 415:Core/Src/custom_memory_manager.c **** 	}
 216              		.loc 1 415 19 is_stmt 0 view .LVU79
 217 002e 1046     		mov	r0, r2
 218 0030 F0E7     		b	.L8
 219              	.LVL21:
 220              	.L20:
 398:Core/Src/custom_memory_manager.c **** BlockLink_t *pxIterator;
 221              		.loc 1 398 1 view .LVU80
 222 0032 10B4     		push	{r4}
 223              	.LCFI0:
 224              		.cfi_def_cfa_offset 4
 225              		.cfi_offset 4, -4
 427:Core/Src/custom_memory_manager.c **** 		{
ARM GAS  /tmp/ccgeRYqu.s 			page 13


 226              		.loc 1 427 3 is_stmt 1 view .LVU81
 427:Core/Src/custom_memory_manager.c **** 		{
 227              		.loc 1 427 35 is_stmt 0 view .LVU82
 228 0034 0A4C     		ldr	r4, .L21+4
 229 0036 2468     		ldr	r4, [r4]
 427:Core/Src/custom_memory_manager.c **** 		{
 230              		.loc 1 427 5 view .LVU83
 231 0038 A342     		cmp	r3, r4
 232 003a 0BD0     		beq	.L10
 430:Core/Src/custom_memory_manager.c **** 			pxBlockToInsert->pxNextFreeBlock = pxIterator->pxNextFreeBlock->pxNextFreeBlock;
 233              		.loc 1 430 4 is_stmt 1 view .LVU84
 430:Core/Src/custom_memory_manager.c **** 			pxBlockToInsert->pxNextFreeBlock = pxIterator->pxNextFreeBlock->pxNextFreeBlock;
 234              		.loc 1 430 62 is_stmt 0 view .LVU85
 235 003c 5B68     		ldr	r3, [r3, #4]
 430:Core/Src/custom_memory_manager.c **** 			pxBlockToInsert->pxNextFreeBlock = pxIterator->pxNextFreeBlock->pxNextFreeBlock;
 236              		.loc 1 430 32 view .LVU86
 237 003e 1944     		add	r1, r1, r3
 238 0040 4160     		str	r1, [r0, #4]
 431:Core/Src/custom_memory_manager.c **** 		}
 239              		.loc 1 431 4 is_stmt 1 view .LVU87
 431:Core/Src/custom_memory_manager.c **** 		}
 240              		.loc 1 431 49 is_stmt 0 view .LVU88
 241 0042 1368     		ldr	r3, [r2]
 431:Core/Src/custom_memory_manager.c **** 		}
 242              		.loc 1 431 66 view .LVU89
 243 0044 1B68     		ldr	r3, [r3]
 431:Core/Src/custom_memory_manager.c **** 		}
 244              		.loc 1 431 37 view .LVU90
 245 0046 0360     		str	r3, [r0]
 246              	.L11:
 447:Core/Src/custom_memory_manager.c **** 	{
 247              		.loc 1 447 2 is_stmt 1 view .LVU91
 447:Core/Src/custom_memory_manager.c **** 	{
 248              		.loc 1 447 4 is_stmt 0 view .LVU92
 249 0048 9042     		cmp	r0, r2
 250 004a 00D0     		beq	.L6
 449:Core/Src/custom_memory_manager.c **** 	}
 251              		.loc 1 449 3 is_stmt 1 view .LVU93
 449:Core/Src/custom_memory_manager.c **** 	}
 252              		.loc 1 449 31 is_stmt 0 view .LVU94
 253 004c 1060     		str	r0, [r2]
 254              		.loc 1 453 27 is_stmt 1 view .LVU95
 255              	.L6:
 454:Core/Src/custom_memory_manager.c **** 	}
 455:Core/Src/custom_memory_manager.c **** }
 256              		.loc 1 455 1 is_stmt 0 view .LVU96
 257 004e 5DF8044B 		ldr	r4, [sp], #4
 258              	.LCFI1:
 259              		.cfi_remember_state
 260              		.cfi_restore 4
 261              		.cfi_def_cfa_offset 0
 262 0052 7047     		bx	lr
 263              	.L10:
 264              	.LCFI2:
 265              		.cfi_restore_state
 435:Core/Src/custom_memory_manager.c **** 		}
 266              		.loc 1 435 4 is_stmt 1 view .LVU97
ARM GAS  /tmp/ccgeRYqu.s 			page 14


 435:Core/Src/custom_memory_manager.c **** 		}
 267              		.loc 1 435 37 is_stmt 0 view .LVU98
 268 0054 0460     		str	r4, [r0]
 269 0056 F7E7     		b	.L11
 270              	.L16:
 271              	.LCFI3:
 272              		.cfi_def_cfa_offset 0
 273              		.cfi_restore 4
 435:Core/Src/custom_memory_manager.c **** 		}
 274              		.loc 1 435 37 view .LVU99
 275 0058 7047     		bx	lr
 276              	.L22:
 277 005a 00BF     		.align	2
 278              	.L21:
 279 005c 00000000 		.word	xStart
 280 0060 00000000 		.word	pxEnd
 281              		.cfi_endproc
 282              	.LFE9:
 284              		.section	.text.pvPortMallocMicroROS,"ax",%progbits
 285              		.align	1
 286              		.global	pvPortMallocMicroROS
 287              		.syntax unified
 288              		.thumb
 289              		.thumb_func
 291              	pvPortMallocMicroROS:
 292              	.LVL22:
 293              	.LFB0:
  79:Core/Src/custom_memory_manager.c **** BlockLink_t *pxBlock, *pxPreviousBlock, *pxNewBlockLink;
 294              		.loc 1 79 1 is_stmt 1 view -0
 295              		.cfi_startproc
 296              		@ args = 0, pretend = 0, frame = 0
 297              		@ frame_needed = 0, uses_anonymous_args = 0
  79:Core/Src/custom_memory_manager.c **** BlockLink_t *pxBlock, *pxPreviousBlock, *pxNewBlockLink;
 298              		.loc 1 79 1 is_stmt 0 view .LVU101
 299 0000 38B5     		push	{r3, r4, r5, lr}
 300              	.LCFI4:
 301              		.cfi_def_cfa_offset 16
 302              		.cfi_offset 3, -16
 303              		.cfi_offset 4, -12
 304              		.cfi_offset 5, -8
 305              		.cfi_offset 14, -4
 306 0002 0446     		mov	r4, r0
  80:Core/Src/custom_memory_manager.c **** void *pvReturn = NULL;
 307              		.loc 1 80 1 is_stmt 1 view .LVU102
  81:Core/Src/custom_memory_manager.c **** 
 308              		.loc 1 81 1 view .LVU103
 309              	.LVL23:
  83:Core/Src/custom_memory_manager.c **** 	{
 310              		.loc 1 83 2 view .LVU104
 311 0004 FFF7FEFF 		bl	vTaskSuspendAll
 312              	.LVL24:
  87:Core/Src/custom_memory_manager.c **** 		{
 313              		.loc 1 87 3 view .LVU105
  87:Core/Src/custom_memory_manager.c **** 		{
 314              		.loc 1 87 13 is_stmt 0 view .LVU106
 315 0008 304B     		ldr	r3, .L44
 316 000a 1B68     		ldr	r3, [r3]
ARM GAS  /tmp/ccgeRYqu.s 			page 15


  87:Core/Src/custom_memory_manager.c **** 		{
 317              		.loc 1 87 5 view .LVU107
 318 000c B3B1     		cbz	r3, .L42
 319              	.L24:
  93:Core/Src/custom_memory_manager.c **** 		}
 320              		.loc 1 93 28 is_stmt 1 view .LVU108
 100:Core/Src/custom_memory_manager.c **** 		{
 321              		.loc 1 100 3 view .LVU109
 100:Core/Src/custom_memory_manager.c **** 		{
 322              		.loc 1 100 21 is_stmt 0 view .LVU110
 323 000e 304B     		ldr	r3, .L44+4
 324 0010 1B68     		ldr	r3, [r3]
 100:Core/Src/custom_memory_manager.c **** 		{
 325              		.loc 1 100 5 view .LVU111
 326 0012 1C42     		tst	r4, r3
 327 0014 46D1     		bne	.L35
 104:Core/Src/custom_memory_manager.c **** 			{
 328              		.loc 1 104 4 is_stmt 1 view .LVU112
 104:Core/Src/custom_memory_manager.c **** 			{
 329              		.loc 1 104 6 is_stmt 0 view .LVU113
 330 0016 002C     		cmp	r4, #0
 331 0018 46D0     		beq	.L36
 106:Core/Src/custom_memory_manager.c **** 
 332              		.loc 1 106 5 is_stmt 1 view .LVU114
 106:Core/Src/custom_memory_manager.c **** 
 333              		.loc 1 106 17 is_stmt 0 view .LVU115
 334 001a 04F10802 		add	r2, r4, #8
 335              	.LVL25:
 110:Core/Src/custom_memory_manager.c **** 				{
 336              		.loc 1 110 5 is_stmt 1 view .LVU116
 110:Core/Src/custom_memory_manager.c **** 				{
 337              		.loc 1 110 7 is_stmt 0 view .LVU117
 338 001e 14F0070F 		tst	r4, #7
 339 0022 02D0     		beq	.L26
 113:Core/Src/custom_memory_manager.c **** 					configASSERT( ( xWantedSize & portBYTE_ALIGNMENT_MASK ) == 0 );
 340              		.loc 1 113 6 is_stmt 1 view .LVU118
 113:Core/Src/custom_memory_manager.c **** 					configASSERT( ( xWantedSize & portBYTE_ALIGNMENT_MASK ) == 0 );
 341              		.loc 1 113 18 is_stmt 0 view .LVU119
 342 0024 22F00702 		bic	r2, r2, #7
 343              	.LVL26:
 113:Core/Src/custom_memory_manager.c **** 					configASSERT( ( xWantedSize & portBYTE_ALIGNMENT_MASK ) == 0 );
 344              		.loc 1 113 18 view .LVU120
 345 0028 0832     		adds	r2, r2, #8
 346              	.LVL27:
 114:Core/Src/custom_memory_manager.c **** 				}
 347              		.loc 1 114 6 is_stmt 1 view .LVU121
 348              	.L26:
 123:Core/Src/custom_memory_manager.c **** 			}
 349              		.loc 1 123 29 view .LVU122
 126:Core/Src/custom_memory_manager.c **** 			{
 350              		.loc 1 126 4 view .LVU123
 126:Core/Src/custom_memory_manager.c **** 			{
 351              		.loc 1 126 6 is_stmt 0 view .LVU124
 352 002a 002A     		cmp	r2, #0
 353 002c 44D0     		beq	.L37
 126:Core/Src/custom_memory_manager.c **** 			{
 354              		.loc 1 126 45 discriminator 1 view .LVU125
ARM GAS  /tmp/ccgeRYqu.s 			page 16


 355 002e 294B     		ldr	r3, .L44+8
 356 0030 1B68     		ldr	r3, [r3]
 126:Core/Src/custom_memory_manager.c **** 			{
 357              		.loc 1 126 28 discriminator 1 view .LVU126
 358 0032 9342     		cmp	r3, r2
 359 0034 42D3     		bcc	.L38
 130:Core/Src/custom_memory_manager.c **** 				pxBlock = xStart.pxNextFreeBlock;
 360              		.loc 1 130 5 is_stmt 1 view .LVU127
 361              	.LVL28:
 131:Core/Src/custom_memory_manager.c **** 				while( ( pxBlock->xBlockSize < xWantedSize ) && ( pxBlock->pxNextFreeBlock != NULL ) )
 362              		.loc 1 131 5 view .LVU128
 131:Core/Src/custom_memory_manager.c **** 				while( ( pxBlock->xBlockSize < xWantedSize ) && ( pxBlock->pxNextFreeBlock != NULL ) )
 363              		.loc 1 131 13 is_stmt 0 view .LVU129
 364 0036 2849     		ldr	r1, .L44+12
 365 0038 0C68     		ldr	r4, [r1]
 366              	.LVL29:
 132:Core/Src/custom_memory_manager.c **** 				{
 367              		.loc 1 132 5 is_stmt 1 view .LVU130
 132:Core/Src/custom_memory_manager.c **** 				{
 368              		.loc 1 132 10 is_stmt 0 view .LVU131
 369 003a 04E0     		b	.L28
 370              	.LVL30:
 371              	.L42:
  89:Core/Src/custom_memory_manager.c **** 		}
 372              		.loc 1 89 4 is_stmt 1 view .LVU132
 373 003c FFF7FEFF 		bl	prvHeapInit
 374              	.LVL31:
 375 0040 E5E7     		b	.L24
 376              	.LVL32:
 377              	.L39:
 134:Core/Src/custom_memory_manager.c **** 					pxBlock = pxBlock->pxNextFreeBlock;
 378              		.loc 1 134 22 is_stmt 0 view .LVU133
 379 0042 2146     		mov	r1, r4
 380              	.LVL33:
 135:Core/Src/custom_memory_manager.c **** 				}
 381              		.loc 1 135 14 view .LVU134
 382 0044 1C46     		mov	r4, r3
 383              	.LVL34:
 384              	.L28:
 132:Core/Src/custom_memory_manager.c **** 				{
 385              		.loc 1 132 50 is_stmt 1 view .LVU135
 132:Core/Src/custom_memory_manager.c **** 				{
 386              		.loc 1 132 21 is_stmt 0 view .LVU136
 387 0046 6368     		ldr	r3, [r4, #4]
 132:Core/Src/custom_memory_manager.c **** 				{
 388              		.loc 1 132 50 view .LVU137
 389 0048 9342     		cmp	r3, r2
 390 004a 02D2     		bcs	.L27
 132:Core/Src/custom_memory_manager.c **** 				{
 391              		.loc 1 132 62 discriminator 1 view .LVU138
 392 004c 2368     		ldr	r3, [r4]
 132:Core/Src/custom_memory_manager.c **** 				{
 393              		.loc 1 132 50 discriminator 1 view .LVU139
 394 004e 002B     		cmp	r3, #0
 395 0050 F7D1     		bne	.L39
 396              	.L27:
 140:Core/Src/custom_memory_manager.c **** 				{
ARM GAS  /tmp/ccgeRYqu.s 			page 17


 397              		.loc 1 140 5 is_stmt 1 view .LVU140
 140:Core/Src/custom_memory_manager.c **** 				{
 398              		.loc 1 140 17 is_stmt 0 view .LVU141
 399 0052 1E4B     		ldr	r3, .L44
 400 0054 1B68     		ldr	r3, [r3]
 140:Core/Src/custom_memory_manager.c **** 				{
 401              		.loc 1 140 7 view .LVU142
 402 0056 A342     		cmp	r3, r4
 403 0058 32D0     		beq	.L40
 144:Core/Src/custom_memory_manager.c **** 
 404              		.loc 1 144 6 is_stmt 1 view .LVU143
 144:Core/Src/custom_memory_manager.c **** 
 405              		.loc 1 144 61 is_stmt 0 view .LVU144
 406 005a 0D68     		ldr	r5, [r1]
 144:Core/Src/custom_memory_manager.c **** 
 407              		.loc 1 144 15 view .LVU145
 408 005c 0835     		adds	r5, r5, #8
 409              	.LVL35:
 148:Core/Src/custom_memory_manager.c **** 
 410              		.loc 1 148 6 is_stmt 1 view .LVU146
 148:Core/Src/custom_memory_manager.c **** 
 411              		.loc 1 148 48 is_stmt 0 view .LVU147
 412 005e 2368     		ldr	r3, [r4]
 148:Core/Src/custom_memory_manager.c **** 
 413              		.loc 1 148 39 view .LVU148
 414 0060 0B60     		str	r3, [r1]
 152:Core/Src/custom_memory_manager.c **** 					{
 415              		.loc 1 152 6 is_stmt 1 view .LVU149
 152:Core/Src/custom_memory_manager.c **** 					{
 416              		.loc 1 152 19 is_stmt 0 view .LVU150
 417 0062 6368     		ldr	r3, [r4, #4]
 152:Core/Src/custom_memory_manager.c **** 					{
 418              		.loc 1 152 32 view .LVU151
 419 0064 9B1A     		subs	r3, r3, r2
 152:Core/Src/custom_memory_manager.c **** 					{
 420              		.loc 1 152 8 view .LVU152
 421 0066 102B     		cmp	r3, #16
 422 0068 0AD9     		bls	.L29
 158:Core/Src/custom_memory_manager.c **** 						configASSERT( ( ( ( size_t ) pxNewBlockLink ) & portBYTE_ALIGNMENT_MASK ) == 0 );
 423              		.loc 1 158 7 is_stmt 1 view .LVU153
 158:Core/Src/custom_memory_manager.c **** 						configASSERT( ( ( ( size_t ) pxNewBlockLink ) & portBYTE_ALIGNMENT_MASK ) == 0 );
 424              		.loc 1 158 22 is_stmt 0 view .LVU154
 425 006a A018     		adds	r0, r4, r2
 426              	.LVL36:
 159:Core/Src/custom_memory_manager.c **** 
 427              		.loc 1 159 7 is_stmt 1 view .LVU155
 428 006c 10F0070F 		tst	r0, #7
 429 0070 02D0     		beq	.L30
 159:Core/Src/custom_memory_manager.c **** 
 430              		.loc 1 159 7 discriminator 1 view .LVU156
 431 0072 FFF7FEFF 		bl	ulSetInterruptMask
 432              	.LVL37:
 433              	.L31:
 159:Core/Src/custom_memory_manager.c **** 
 434              		.loc 1 159 7 discriminator 3 view .LVU157
 159:Core/Src/custom_memory_manager.c **** 
 435              		.loc 1 159 7 discriminator 3 view .LVU158
ARM GAS  /tmp/ccgeRYqu.s 			page 18


 436 0076 FEE7     		b	.L31
 437              	.LVL38:
 438              	.L30:
 159:Core/Src/custom_memory_manager.c **** 
 439              		.loc 1 159 87 discriminator 2 view .LVU159
 163:Core/Src/custom_memory_manager.c **** 						pxBlock->xBlockSize = xWantedSize;
 440              		.loc 1 163 7 view .LVU160
 163:Core/Src/custom_memory_manager.c **** 						pxBlock->xBlockSize = xWantedSize;
 441              		.loc 1 163 34 is_stmt 0 view .LVU161
 442 0078 4360     		str	r3, [r0, #4]
 164:Core/Src/custom_memory_manager.c **** 
 443              		.loc 1 164 7 is_stmt 1 view .LVU162
 164:Core/Src/custom_memory_manager.c **** 
 444              		.loc 1 164 27 is_stmt 0 view .LVU163
 445 007a 6260     		str	r2, [r4, #4]
 167:Core/Src/custom_memory_manager.c **** 					}
 446              		.loc 1 167 7 is_stmt 1 view .LVU164
 447 007c FFF7FEFF 		bl	prvInsertBlockIntoFreeList
 448              	.LVL39:
 449              	.L29:
 171:Core/Src/custom_memory_manager.c **** 					}
 450              		.loc 1 171 31 view .LVU165
 174:Core/Src/custom_memory_manager.c **** 
 451              		.loc 1 174 6 view .LVU166
 174:Core/Src/custom_memory_manager.c **** 
 452              		.loc 1 174 36 is_stmt 0 view .LVU167
 453 0080 6268     		ldr	r2, [r4, #4]
 174:Core/Src/custom_memory_manager.c **** 
 454              		.loc 1 174 26 view .LVU168
 455 0082 1449     		ldr	r1, .L44+8
 456 0084 0B68     		ldr	r3, [r1]
 457 0086 9B1A     		subs	r3, r3, r2
 458 0088 0B60     		str	r3, [r1]
 176:Core/Src/custom_memory_manager.c **** 					{
 459              		.loc 1 176 6 is_stmt 1 view .LVU169
 176:Core/Src/custom_memory_manager.c **** 					{
 460              		.loc 1 176 30 is_stmt 0 view .LVU170
 461 008a 1449     		ldr	r1, .L44+16
 462 008c 0968     		ldr	r1, [r1]
 176:Core/Src/custom_memory_manager.c **** 					{
 463              		.loc 1 176 8 view .LVU171
 464 008e 8B42     		cmp	r3, r1
 465 0090 01D2     		bcs	.L32
 178:Core/Src/custom_memory_manager.c **** 					}
 466              		.loc 1 178 7 is_stmt 1 view .LVU172
 178:Core/Src/custom_memory_manager.c **** 					}
 467              		.loc 1 178 38 is_stmt 0 view .LVU173
 468 0092 1249     		ldr	r1, .L44+16
 469 0094 0B60     		str	r3, [r1]
 470              	.L32:
 182:Core/Src/custom_memory_manager.c **** 					}
 471              		.loc 1 182 31 is_stmt 1 view .LVU174
 187:Core/Src/custom_memory_manager.c **** 					pxBlock->pxNextFreeBlock = NULL;
 472              		.loc 1 187 6 view .LVU175
 187:Core/Src/custom_memory_manager.c **** 					pxBlock->pxNextFreeBlock = NULL;
 473              		.loc 1 187 26 is_stmt 0 view .LVU176
 474 0096 0E4B     		ldr	r3, .L44+4
ARM GAS  /tmp/ccgeRYqu.s 			page 19


 475 0098 1B68     		ldr	r3, [r3]
 476 009a 1343     		orrs	r3, r3, r2
 477 009c 6360     		str	r3, [r4, #4]
 188:Core/Src/custom_memory_manager.c **** 				}
 478              		.loc 1 188 6 is_stmt 1 view .LVU177
 188:Core/Src/custom_memory_manager.c **** 				}
 479              		.loc 1 188 31 is_stmt 0 view .LVU178
 480 009e 0023     		movs	r3, #0
 481 00a0 2360     		str	r3, [r4]
 482 00a2 02E0     		b	.L25
 483              	.LVL40:
 484              	.L35:
  81:Core/Src/custom_memory_manager.c **** 
 485              		.loc 1 81 7 view .LVU179
 486 00a4 0025     		movs	r5, #0
 487 00a6 00E0     		b	.L25
 488              	.L36:
 489 00a8 0025     		movs	r5, #0
 490              	.LVL41:
 491              	.L25:
 202:Core/Src/custom_memory_manager.c **** 		}
 492              		.loc 1 202 28 is_stmt 1 view .LVU180
 205:Core/Src/custom_memory_manager.c **** 	}
 493              		.loc 1 205 39 view .LVU181
 207:Core/Src/custom_memory_manager.c **** 
 494              		.loc 1 207 2 view .LVU182
 207:Core/Src/custom_memory_manager.c **** 
 495              		.loc 1 207 11 is_stmt 0 view .LVU183
 496 00aa FFF7FEFF 		bl	xTaskResumeAll
 497              	.LVL42:
 223:Core/Src/custom_memory_manager.c **** 	return pvReturn;
 498              		.loc 1 223 2 is_stmt 1 view .LVU184
 499 00ae 15F0070F 		tst	r5, #7
 500 00b2 07D1     		bne	.L43
 225:Core/Src/custom_memory_manager.c **** /*-----------------------------------------------------------*/
 501              		.loc 1 225 1 is_stmt 0 view .LVU185
 502 00b4 2846     		mov	r0, r5
 503 00b6 38BD     		pop	{r3, r4, r5, pc}
 504              	.LVL43:
 505              	.L37:
  81:Core/Src/custom_memory_manager.c **** 
 506              		.loc 1 81 7 view .LVU186
 507 00b8 0025     		movs	r5, #0
 508 00ba F6E7     		b	.L25
 509              	.L38:
 510 00bc 0025     		movs	r5, #0
 511 00be F4E7     		b	.L25
 512              	.LVL44:
 513              	.L40:
  81:Core/Src/custom_memory_manager.c **** 
 514              		.loc 1 81 7 view .LVU187
 515 00c0 0025     		movs	r5, #0
 516 00c2 F2E7     		b	.L25
 517              	.LVL45:
 518              	.L43:
 223:Core/Src/custom_memory_manager.c **** 	return pvReturn;
 519              		.loc 1 223 2 is_stmt 1 discriminator 1 view .LVU188
ARM GAS  /tmp/ccgeRYqu.s 			page 20


 520 00c4 FFF7FEFF 		bl	ulSetInterruptMask
 521              	.LVL46:
 522              	.L34:
 223:Core/Src/custom_memory_manager.c **** 	return pvReturn;
 523              		.loc 1 223 2 discriminator 3 view .LVU189
 223:Core/Src/custom_memory_manager.c **** 	return pvReturn;
 524              		.loc 1 223 2 discriminator 3 view .LVU190
 525 00c8 FEE7     		b	.L34
 526              	.L45:
 527 00ca 00BF     		.align	2
 528              	.L44:
 529 00cc 00000000 		.word	pxEnd
 530 00d0 00000000 		.word	xBlockAllocatedBit
 531 00d4 00000000 		.word	xFreeBytesRemaining
 532 00d8 00000000 		.word	xStart
 533 00dc 00000000 		.word	xMinimumEverFreeBytesRemaining
 534              		.cfi_endproc
 535              	.LFE0:
 537              		.section	.text.vPortFreeMicroROS,"ax",%progbits
 538              		.align	1
 539              		.global	vPortFreeMicroROS
 540              		.syntax unified
 541              		.thumb
 542              		.thumb_func
 544              	vPortFreeMicroROS:
 545              	.LVL47:
 546              	.LFB1:
 229:Core/Src/custom_memory_manager.c **** uint8_t *puc = ( uint8_t * ) pv;
 547              		.loc 1 229 1 view -0
 548              		.cfi_startproc
 549              		@ args = 0, pretend = 0, frame = 0
 550              		@ frame_needed = 0, uses_anonymous_args = 0
 230:Core/Src/custom_memory_manager.c **** BlockLink_t *pxLink;
 551              		.loc 1 230 1 view .LVU192
 231:Core/Src/custom_memory_manager.c **** 
 552              		.loc 1 231 1 view .LVU193
 233:Core/Src/custom_memory_manager.c **** 	{
 553              		.loc 1 233 2 view .LVU194
 233:Core/Src/custom_memory_manager.c **** 	{
 554              		.loc 1 233 4 is_stmt 0 view .LVU195
 555 0000 20B3     		cbz	r0, .L53
 229:Core/Src/custom_memory_manager.c **** uint8_t *puc = ( uint8_t * ) pv;
 556              		.loc 1 229 1 view .LVU196
 557 0002 38B5     		push	{r3, r4, r5, lr}
 558              	.LCFI5:
 559              		.cfi_def_cfa_offset 16
 560              		.cfi_offset 3, -16
 561              		.cfi_offset 4, -12
 562              		.cfi_offset 5, -8
 563              		.cfi_offset 14, -4
 564 0004 0446     		mov	r4, r0
 237:Core/Src/custom_memory_manager.c **** 
 565              		.loc 1 237 3 is_stmt 1 view .LVU197
 237:Core/Src/custom_memory_manager.c **** 
 566              		.loc 1 237 7 is_stmt 0 view .LVU198
 567 0006 A0F10805 		sub	r5, r0, #8
 568              	.LVL48:
ARM GAS  /tmp/ccgeRYqu.s 			page 21


 240:Core/Src/custom_memory_manager.c **** 
 569              		.loc 1 240 3 is_stmt 1 view .LVU199
 243:Core/Src/custom_memory_manager.c **** 		configASSERT( pxLink->pxNextFreeBlock == NULL );
 570              		.loc 1 243 3 view .LVU200
 571 000a 50F8043C 		ldr	r3, [r0, #-4]
 572 000e 104A     		ldr	r2, .L57
 573 0010 1268     		ldr	r2, [r2]
 574 0012 1342     		tst	r3, r2
 575 0014 05D0     		beq	.L56
 243:Core/Src/custom_memory_manager.c **** 		configASSERT( pxLink->pxNextFreeBlock == NULL );
 576              		.loc 1 243 67 discriminator 2 view .LVU201
 244:Core/Src/custom_memory_manager.c **** 
 577              		.loc 1 244 3 view .LVU202
 578 0016 50F8081C 		ldr	r1, [r0, #-8]
 579 001a 29B1     		cbz	r1, .L50
 244:Core/Src/custom_memory_manager.c **** 
 580              		.loc 1 244 3 discriminator 1 view .LVU203
 581 001c FFF7FEFF 		bl	ulSetInterruptMask
 582              	.LVL49:
 583              	.L51:
 244:Core/Src/custom_memory_manager.c **** 
 584              		.loc 1 244 3 discriminator 3 view .LVU204
 244:Core/Src/custom_memory_manager.c **** 
 585              		.loc 1 244 3 discriminator 3 view .LVU205
 586 0020 FEE7     		b	.L51
 587              	.LVL50:
 588              	.L56:
 243:Core/Src/custom_memory_manager.c **** 		configASSERT( pxLink->pxNextFreeBlock == NULL );
 589              		.loc 1 243 3 discriminator 1 view .LVU206
 590 0022 FFF7FEFF 		bl	ulSetInterruptMask
 591              	.LVL51:
 592              	.L49:
 243:Core/Src/custom_memory_manager.c **** 		configASSERT( pxLink->pxNextFreeBlock == NULL );
 593              		.loc 1 243 3 discriminator 3 view .LVU207
 243:Core/Src/custom_memory_manager.c **** 		configASSERT( pxLink->pxNextFreeBlock == NULL );
 594              		.loc 1 243 3 discriminator 3 view .LVU208
 595 0026 FEE7     		b	.L49
 596              	.LVL52:
 597              	.L50:
 244:Core/Src/custom_memory_manager.c **** 
 598              		.loc 1 244 50 discriminator 2 view .LVU209
 246:Core/Src/custom_memory_manager.c **** 		{
 599              		.loc 1 246 3 view .LVU210
 248:Core/Src/custom_memory_manager.c **** 			{
 600              		.loc 1 248 4 view .LVU211
 252:Core/Src/custom_memory_manager.c **** 
 601              		.loc 1 252 5 view .LVU212
 252:Core/Src/custom_memory_manager.c **** 
 602              		.loc 1 252 24 is_stmt 0 view .LVU213
 603 0028 23EA0203 		bic	r3, r3, r2
 604 002c 40F8043C 		str	r3, [r0, #-4]
 254:Core/Src/custom_memory_manager.c **** 				{
 605              		.loc 1 254 5 is_stmt 1 view .LVU214
 606 0030 FFF7FEFF 		bl	vTaskSuspendAll
 607              	.LVL53:
 257:Core/Src/custom_memory_manager.c **** 					traceFREE( pv, pxLink->xBlockSize );
 608              		.loc 1 257 6 view .LVU215
ARM GAS  /tmp/ccgeRYqu.s 			page 22


 257:Core/Src/custom_memory_manager.c **** 					traceFREE( pv, pxLink->xBlockSize );
 609              		.loc 1 257 35 is_stmt 0 view .LVU216
 610 0034 54F8041C 		ldr	r1, [r4, #-4]
 257:Core/Src/custom_memory_manager.c **** 					traceFREE( pv, pxLink->xBlockSize );
 611              		.loc 1 257 26 view .LVU217
 612 0038 064A     		ldr	r2, .L57+4
 613 003a 1368     		ldr	r3, [r2]
 614 003c 0B44     		add	r3, r3, r1
 615 003e 1360     		str	r3, [r2]
 258:Core/Src/custom_memory_manager.c **** 					prvInsertBlockIntoFreeList( ( ( BlockLink_t * ) pxLink ) );
 616              		.loc 1 258 41 is_stmt 1 view .LVU218
 259:Core/Src/custom_memory_manager.c **** 				}
 617              		.loc 1 259 6 view .LVU219
 618 0040 2846     		mov	r0, r5
 619 0042 FFF7FEFF 		bl	prvInsertBlockIntoFreeList
 620              	.LVL54:
 261:Core/Src/custom_memory_manager.c **** 			}
 621              		.loc 1 261 5 view .LVU220
 261:Core/Src/custom_memory_manager.c **** 			}
 622              		.loc 1 261 14 is_stmt 0 view .LVU221
 623 0046 FFF7FEFF 		bl	xTaskResumeAll
 624              	.LVL55:
 270:Core/Src/custom_memory_manager.c **** 		}
 625              		.loc 1 270 28 is_stmt 1 view .LVU222
 273:Core/Src/custom_memory_manager.c **** /*-----------------------------------------------------------*/
 626              		.loc 1 273 1 is_stmt 0 view .LVU223
 627 004a 38BD     		pop	{r3, r4, r5, pc}
 628              	.LVL56:
 629              	.L53:
 630              	.LCFI6:
 631              		.cfi_def_cfa_offset 0
 632              		.cfi_restore 3
 633              		.cfi_restore 4
 634              		.cfi_restore 5
 635              		.cfi_restore 14
 273:Core/Src/custom_memory_manager.c **** /*-----------------------------------------------------------*/
 636              		.loc 1 273 1 view .LVU224
 637 004c 7047     		bx	lr
 638              	.L58:
 639 004e 00BF     		.align	2
 640              	.L57:
 641 0050 00000000 		.word	xBlockAllocatedBit
 642 0054 00000000 		.word	xFreeBytesRemaining
 643              		.cfi_endproc
 644              	.LFE1:
 646              		.section	.text.getBlockSize,"ax",%progbits
 647              		.align	1
 648              		.global	getBlockSize
 649              		.syntax unified
 650              		.thumb
 651              		.thumb_func
 653              	getBlockSize:
 654              	.LVL57:
 655              	.LFB2:
 278:Core/Src/custom_memory_manager.c **** 
 656              		.loc 1 278 1 is_stmt 1 view -0
 657              		.cfi_startproc
ARM GAS  /tmp/ccgeRYqu.s 			page 23


 658              		@ args = 0, pretend = 0, frame = 0
 659              		@ frame_needed = 0, uses_anonymous_args = 0
 660              		@ link register save eliminated.
 280:Core/Src/custom_memory_manager.c **** 	BlockLink_t *pxLink;
 661              		.loc 1 280 2 view .LVU226
 281:Core/Src/custom_memory_manager.c **** 
 662              		.loc 1 281 2 view .LVU227
 283:Core/Src/custom_memory_manager.c **** 	pxLink = ( void * ) puc;
 663              		.loc 1 283 2 view .LVU228
 284:Core/Src/custom_memory_manager.c **** 
 664              		.loc 1 284 2 view .LVU229
 286:Core/Src/custom_memory_manager.c **** 
 665              		.loc 1 286 2 view .LVU230
 286:Core/Src/custom_memory_manager.c **** 
 666              		.loc 1 286 23 is_stmt 0 view .LVU231
 667 0000 50F8043C 		ldr	r3, [r0, #-4]
 286:Core/Src/custom_memory_manager.c **** 
 668              		.loc 1 286 38 view .LVU232
 669 0004 024A     		ldr	r2, .L60
 670 0006 1068     		ldr	r0, [r2]
 671              	.LVL58:
 288:Core/Src/custom_memory_manager.c **** }
 672              		.loc 1 288 2 is_stmt 1 view .LVU233
 289:Core/Src/custom_memory_manager.c **** /*-----------------------------------------------------------*/
 673              		.loc 1 289 1 is_stmt 0 view .LVU234
 674 0008 23EA0000 		bic	r0, r3, r0
 675              	.LVL59:
 289:Core/Src/custom_memory_manager.c **** /*-----------------------------------------------------------*/
 676              		.loc 1 289 1 view .LVU235
 677 000c 7047     		bx	lr
 678              	.L61:
 679 000e 00BF     		.align	2
 680              	.L60:
 681 0010 00000000 		.word	xBlockAllocatedBit
 682              		.cfi_endproc
 683              	.LFE2:
 685              		.section	.text.pvPortReallocMicroROS,"ax",%progbits
 686              		.align	1
 687              		.global	pvPortReallocMicroROS
 688              		.syntax unified
 689              		.thumb
 690              		.thumb_func
 692              	pvPortReallocMicroROS:
 693              	.LVL60:
 694              	.LFB3:
 293:Core/Src/custom_memory_manager.c **** 	vTaskSuspendAll();
 695              		.loc 1 293 1 is_stmt 1 view -0
 696              		.cfi_startproc
 697              		@ args = 0, pretend = 0, frame = 0
 698              		@ frame_needed = 0, uses_anonymous_args = 0
 293:Core/Src/custom_memory_manager.c **** 	vTaskSuspendAll();
 699              		.loc 1 293 1 is_stmt 0 view .LVU237
 700 0000 70B5     		push	{r4, r5, r6, lr}
 701              	.LCFI7:
 702              		.cfi_def_cfa_offset 16
 703              		.cfi_offset 4, -16
 704              		.cfi_offset 5, -12
ARM GAS  /tmp/ccgeRYqu.s 			page 24


 705              		.cfi_offset 6, -8
 706              		.cfi_offset 14, -4
 707 0002 0546     		mov	r5, r0
 708 0004 0C46     		mov	r4, r1
 294:Core/Src/custom_memory_manager.c **** 
 709              		.loc 1 294 2 is_stmt 1 view .LVU238
 710 0006 FFF7FEFF 		bl	vTaskSuspendAll
 711              	.LVL61:
 296:Core/Src/custom_memory_manager.c **** 	if (newmem != NULL && pv != NULL)
 712              		.loc 1 296 2 view .LVU239
 296:Core/Src/custom_memory_manager.c **** 	if (newmem != NULL && pv != NULL)
 713              		.loc 1 296 18 is_stmt 0 view .LVU240
 714 000a 2046     		mov	r0, r4
 715 000c FFF7FEFF 		bl	pvPortMallocMicroROS
 716              	.LVL62:
 297:Core/Src/custom_memory_manager.c **** 	{
 717              		.loc 1 297 2 is_stmt 1 view .LVU241
 297:Core/Src/custom_memory_manager.c **** 	{
 718              		.loc 1 297 5 is_stmt 0 view .LVU242
 719 0010 0646     		mov	r6, r0
 720 0012 78B1     		cbz	r0, .L63
 297:Core/Src/custom_memory_manager.c **** 	{
 721              		.loc 1 297 21 discriminator 1 view .LVU243
 722 0014 75B1     		cbz	r5, .L63
 723              	.LBB2:
 299:Core/Src/custom_memory_manager.c **** 		if (xWantedSize < count)
 724              		.loc 1 299 3 is_stmt 1 view .LVU244
 299:Core/Src/custom_memory_manager.c **** 		if (xWantedSize < count)
 725              		.loc 1 299 18 is_stmt 0 view .LVU245
 726 0016 2846     		mov	r0, r5
 727              	.LVL63:
 299:Core/Src/custom_memory_manager.c **** 		if (xWantedSize < count)
 728              		.loc 1 299 18 view .LVU246
 729 0018 FFF7FEFF 		bl	getBlockSize
 730              	.LVL64:
 299:Core/Src/custom_memory_manager.c **** 		if (xWantedSize < count)
 731              		.loc 1 299 10 discriminator 1 view .LVU247
 732 001c 0838     		subs	r0, r0, #8
 733              	.LVL65:
 300:Core/Src/custom_memory_manager.c **** 		{
 734              		.loc 1 300 3 is_stmt 1 view .LVU248
 300:Core/Src/custom_memory_manager.c **** 		{
 735              		.loc 1 300 6 is_stmt 0 view .LVU249
 736 001e 8442     		cmp	r4, r0
 737 0020 00D3     		bcc	.L64
 299:Core/Src/custom_memory_manager.c **** 		if (xWantedSize < count)
 738              		.loc 1 299 10 discriminator 1 view .LVU250
 739 0022 0446     		mov	r4, r0
 740              	.LVL66:
 741              	.L64:
 304:Core/Src/custom_memory_manager.c **** 
 742              		.loc 1 304 3 is_stmt 1 view .LVU251
 743 0024 2246     		mov	r2, r4
 744 0026 2946     		mov	r1, r5
 745 0028 3046     		mov	r0, r6
 746 002a FFF7FEFF 		bl	memcpy
 747              	.LVL67:
ARM GAS  /tmp/ccgeRYqu.s 			page 25


 306:Core/Src/custom_memory_manager.c **** 	}
 748              		.loc 1 306 3 view .LVU252
 749 002e 2846     		mov	r0, r5
 750 0030 FFF7FEFF 		bl	vPortFreeMicroROS
 751              	.LVL68:
 752              	.L63:
 306:Core/Src/custom_memory_manager.c **** 	}
 753              		.loc 1 306 3 is_stmt 0 view .LVU253
 754              	.LBE2:
 309:Core/Src/custom_memory_manager.c **** 
 755              		.loc 1 309 2 is_stmt 1 view .LVU254
 309:Core/Src/custom_memory_manager.c **** 
 756              		.loc 1 309 11 is_stmt 0 view .LVU255
 757 0034 FFF7FEFF 		bl	xTaskResumeAll
 758              	.LVL69:
 311:Core/Src/custom_memory_manager.c **** }
 759              		.loc 1 311 2 is_stmt 1 view .LVU256
 312:Core/Src/custom_memory_manager.c **** /*-----------------------------------------------------------*/
 760              		.loc 1 312 1 is_stmt 0 view .LVU257
 761 0038 3046     		mov	r0, r6
 762 003a 70BD     		pop	{r4, r5, r6, pc}
 312:Core/Src/custom_memory_manager.c **** /*-----------------------------------------------------------*/
 763              		.loc 1 312 1 view .LVU258
 764              		.cfi_endproc
 765              	.LFE3:
 767              		.section	.text.pvPortCallocMicroROS,"ax",%progbits
 768              		.align	1
 769              		.global	pvPortCallocMicroROS
 770              		.syntax unified
 771              		.thumb
 772              		.thumb_func
 774              	pvPortCallocMicroROS:
 775              	.LVL70:
 776              	.LFB4:
 316:Core/Src/custom_memory_manager.c **** 	vTaskSuspendAll();
 777              		.loc 1 316 1 is_stmt 1 view -0
 778              		.cfi_startproc
 779              		@ args = 0, pretend = 0, frame = 0
 780              		@ frame_needed = 0, uses_anonymous_args = 0
 316:Core/Src/custom_memory_manager.c **** 	vTaskSuspendAll();
 781              		.loc 1 316 1 is_stmt 0 view .LVU260
 782 0000 38B5     		push	{r3, r4, r5, lr}
 783              	.LCFI8:
 784              		.cfi_def_cfa_offset 16
 785              		.cfi_offset 3, -16
 786              		.cfi_offset 4, -12
 787              		.cfi_offset 5, -8
 788              		.cfi_offset 14, -4
 789 0002 0546     		mov	r5, r0
 790 0004 0C46     		mov	r4, r1
 317:Core/Src/custom_memory_manager.c **** 	size_t count = xWantedSize*num;
 791              		.loc 1 317 2 is_stmt 1 view .LVU261
 792 0006 FFF7FEFF 		bl	vTaskSuspendAll
 793              	.LVL71:
 318:Core/Src/custom_memory_manager.c **** 
 794              		.loc 1 318 2 view .LVU262
 318:Core/Src/custom_memory_manager.c **** 
ARM GAS  /tmp/ccgeRYqu.s 			page 26


 795              		.loc 1 318 9 is_stmt 0 view .LVU263
 796 000a 05FB04F4 		mul	r4, r5, r4
 797              	.LVL72:
 320:Core/Src/custom_memory_manager.c ****   	char *in_dest = (char*)mem;
 798              		.loc 1 320 2 is_stmt 1 view .LVU264
 320:Core/Src/custom_memory_manager.c ****   	char *in_dest = (char*)mem;
 799              		.loc 1 320 15 is_stmt 0 view .LVU265
 800 000e 2046     		mov	r0, r4
 801 0010 FFF7FEFF 		bl	pvPortMallocMicroROS
 802              	.LVL73:
 803 0014 0546     		mov	r5, r0
 804              	.LVL74:
 321:Core/Src/custom_memory_manager.c **** 
 805              		.loc 1 321 4 is_stmt 1 view .LVU266
 323:Core/Src/custom_memory_manager.c ****     	*in_dest++ = 0;
 806              		.loc 1 323 4 view .LVU267
 321:Core/Src/custom_memory_manager.c **** 
 807              		.loc 1 321 10 is_stmt 0 view .LVU268
 808 0016 0346     		mov	r3, r0
 323:Core/Src/custom_memory_manager.c ****     	*in_dest++ = 0;
 809              		.loc 1 323 9 view .LVU269
 810 0018 03E0     		b	.L67
 811              	.LVL75:
 812              	.L68:
 324:Core/Src/custom_memory_manager.c **** 
 813              		.loc 1 324 6 is_stmt 1 view .LVU270
 324:Core/Src/custom_memory_manager.c **** 
 814              		.loc 1 324 17 is_stmt 0 view .LVU271
 815 001a 0021     		movs	r1, #0
 816 001c 03F8011B 		strb	r1, [r3], #1
 817              	.LVL76:
 323:Core/Src/custom_memory_manager.c ****     	*in_dest++ = 0;
 818              		.loc 1 323 15 view .LVU272
 819 0020 1446     		mov	r4, r2
 820              	.LVL77:
 821              	.L67:
 323:Core/Src/custom_memory_manager.c ****     	*in_dest++ = 0;
 822              		.loc 1 323 10 is_stmt 1 view .LVU273
 323:Core/Src/custom_memory_manager.c ****     	*in_dest++ = 0;
 823              		.loc 1 323 15 is_stmt 0 view .LVU274
 824 0022 621E     		subs	r2, r4, #1
 825              	.LVL78:
 323:Core/Src/custom_memory_manager.c ****     	*in_dest++ = 0;
 826              		.loc 1 323 10 view .LVU275
 827 0024 002C     		cmp	r4, #0
 828 0026 F8D1     		bne	.L68
 326:Core/Src/custom_memory_manager.c ****   	return mem;
 829              		.loc 1 326 2 is_stmt 1 view .LVU276
 326:Core/Src/custom_memory_manager.c ****   	return mem;
 830              		.loc 1 326 11 is_stmt 0 view .LVU277
 831 0028 FFF7FEFF 		bl	xTaskResumeAll
 832              	.LVL79:
 327:Core/Src/custom_memory_manager.c **** }
 833              		.loc 1 327 4 is_stmt 1 view .LVU278
 328:Core/Src/custom_memory_manager.c **** /*-----------------------------------------------------------*/
 834              		.loc 1 328 1 is_stmt 0 view .LVU279
 835 002c 2846     		mov	r0, r5
ARM GAS  /tmp/ccgeRYqu.s 			page 27


 836 002e 38BD     		pop	{r3, r4, r5, pc}
 328:Core/Src/custom_memory_manager.c **** /*-----------------------------------------------------------*/
 837              		.loc 1 328 1 view .LVU280
 838              		.cfi_endproc
 839              	.LFE4:
 841              		.section	.text.xPortGetFreeHeapSizeMicroROS,"ax",%progbits
 842              		.align	1
 843              		.global	xPortGetFreeHeapSizeMicroROS
 844              		.syntax unified
 845              		.thumb
 846              		.thumb_func
 848              	xPortGetFreeHeapSizeMicroROS:
 849              	.LFB5:
 332:Core/Src/custom_memory_manager.c **** 	return xFreeBytesRemaining;
 850              		.loc 1 332 1 is_stmt 1 view -0
 851              		.cfi_startproc
 852              		@ args = 0, pretend = 0, frame = 0
 853              		@ frame_needed = 0, uses_anonymous_args = 0
 854              		@ link register save eliminated.
 333:Core/Src/custom_memory_manager.c **** }
 855              		.loc 1 333 2 view .LVU282
 334:Core/Src/custom_memory_manager.c **** /*-----------------------------------------------------------*/
 856              		.loc 1 334 1 is_stmt 0 view .LVU283
 857 0000 014B     		ldr	r3, .L71
 858 0002 1868     		ldr	r0, [r3]
 859 0004 7047     		bx	lr
 860              	.L72:
 861 0006 00BF     		.align	2
 862              	.L71:
 863 0008 00000000 		.word	xFreeBytesRemaining
 864              		.cfi_endproc
 865              	.LFE5:
 867              		.section	.text.xPortGetMinimumEverFreeHeapSizeMicroROS,"ax",%progbits
 868              		.align	1
 869              		.global	xPortGetMinimumEverFreeHeapSizeMicroROS
 870              		.syntax unified
 871              		.thumb
 872              		.thumb_func
 874              	xPortGetMinimumEverFreeHeapSizeMicroROS:
 875              	.LFB6:
 338:Core/Src/custom_memory_manager.c **** 	return xMinimumEverFreeBytesRemaining;
 876              		.loc 1 338 1 is_stmt 1 view -0
 877              		.cfi_startproc
 878              		@ args = 0, pretend = 0, frame = 0
 879              		@ frame_needed = 0, uses_anonymous_args = 0
 880              		@ link register save eliminated.
 339:Core/Src/custom_memory_manager.c **** }
 881              		.loc 1 339 2 view .LVU285
 340:Core/Src/custom_memory_manager.c **** /*-----------------------------------------------------------*/
 882              		.loc 1 340 1 is_stmt 0 view .LVU286
 883 0000 014B     		ldr	r3, .L74
 884 0002 1868     		ldr	r0, [r3]
 885 0004 7047     		bx	lr
 886              	.L75:
 887 0006 00BF     		.align	2
 888              	.L74:
 889 0008 00000000 		.word	xMinimumEverFreeBytesRemaining
ARM GAS  /tmp/ccgeRYqu.s 			page 28


 890              		.cfi_endproc
 891              	.LFE6:
 893              		.section	.text.vPortInitialiseBlocksMicroROS,"ax",%progbits
 894              		.align	1
 895              		.global	vPortInitialiseBlocksMicroROS
 896              		.syntax unified
 897              		.thumb
 898              		.thumb_func
 900              	vPortInitialiseBlocksMicroROS:
 901              	.LFB7:
 344:Core/Src/custom_memory_manager.c **** 	/* This just exists to keep the linker quiet. */
 902              		.loc 1 344 1 is_stmt 1 view -0
 903              		.cfi_startproc
 904              		@ args = 0, pretend = 0, frame = 0
 905              		@ frame_needed = 0, uses_anonymous_args = 0
 906              		@ link register save eliminated.
 346:Core/Src/custom_memory_manager.c **** /*-----------------------------------------------------------*/
 907              		.loc 1 346 1 view .LVU288
 908 0000 7047     		bx	lr
 909              		.cfi_endproc
 910              	.LFE7:
 912              		.section	.bss.xBlockAllocatedBit,"aw",%nobits
 913              		.align	2
 916              	xBlockAllocatedBit:
 917 0000 00000000 		.space	4
 918              		.section	.bss.xMinimumEverFreeBytesRemaining,"aw",%nobits
 919              		.align	2
 922              	xMinimumEverFreeBytesRemaining:
 923 0000 00000000 		.space	4
 924              		.section	.bss.xFreeBytesRemaining,"aw",%nobits
 925              		.align	2
 928              	xFreeBytesRemaining:
 929 0000 00000000 		.space	4
 930              		.section	.bss.pxEnd,"aw",%nobits
 931              		.align	2
 934              	pxEnd:
 935 0000 00000000 		.space	4
 936              		.section	.bss.xStart,"aw",%nobits
 937              		.align	2
 940              	xStart:
 941 0000 00000000 		.space	8
 941      00000000 
 942              		.section	.bss.ucHeap,"aw",%nobits
 943              		.align	2
 946              	ucHeap:
 947 0000 00000000 		.space	40000
 947      00000000 
 947      00000000 
 947      00000000 
 947      00000000 
 948              		.text
 949              	.Letext0:
 950              		.file 2 "/usr/lib/gcc/arm-none-eabi/13.2.1/include/stddef.h"
 951              		.file 3 "/usr/lib/gcc/arm-none-eabi/13.2.1/include/stdint.h"
 952              		.file 4 "Middlewares/Third_Party/FreeRTOS/Source/portable/GCC/ARM_CM33_NTZ/non_secure/portmacrocom
 953              		.file 5 "Middlewares/Third_Party/FreeRTOS/Source/include/task.h"
 954              		.file 6 "/usr/include/newlib/string.h"
ARM GAS  /tmp/ccgeRYqu.s 			page 29


 955              		.file 7 "<built-in>"
ARM GAS  /tmp/ccgeRYqu.s 			page 30


DEFINED SYMBOLS
                            *ABS*:00000000 custom_memory_manager.c
     /tmp/ccgeRYqu.s:22     .text.prvHeapInit:00000000 $t
     /tmp/ccgeRYqu.s:27     .text.prvHeapInit:00000000 prvHeapInit
     /tmp/ccgeRYqu.s:133    .text.prvHeapInit:00000050 $d
     /tmp/ccgeRYqu.s:946    .bss.ucHeap:00000000 ucHeap
     /tmp/ccgeRYqu.s:940    .bss.xStart:00000000 xStart
     /tmp/ccgeRYqu.s:934    .bss.pxEnd:00000000 pxEnd
     /tmp/ccgeRYqu.s:922    .bss.xMinimumEverFreeBytesRemaining:00000000 xMinimumEverFreeBytesRemaining
     /tmp/ccgeRYqu.s:928    .bss.xFreeBytesRemaining:00000000 xFreeBytesRemaining
     /tmp/ccgeRYqu.s:916    .bss.xBlockAllocatedBit:00000000 xBlockAllocatedBit
     /tmp/ccgeRYqu.s:143    .text.prvInsertBlockIntoFreeList:00000000 $t
     /tmp/ccgeRYqu.s:148    .text.prvInsertBlockIntoFreeList:00000000 prvInsertBlockIntoFreeList
     /tmp/ccgeRYqu.s:279    .text.prvInsertBlockIntoFreeList:0000005c $d
     /tmp/ccgeRYqu.s:285    .text.pvPortMallocMicroROS:00000000 $t
     /tmp/ccgeRYqu.s:291    .text.pvPortMallocMicroROS:00000000 pvPortMallocMicroROS
     /tmp/ccgeRYqu.s:529    .text.pvPortMallocMicroROS:000000cc $d
     /tmp/ccgeRYqu.s:538    .text.vPortFreeMicroROS:00000000 $t
     /tmp/ccgeRYqu.s:544    .text.vPortFreeMicroROS:00000000 vPortFreeMicroROS
     /tmp/ccgeRYqu.s:641    .text.vPortFreeMicroROS:00000050 $d
     /tmp/ccgeRYqu.s:647    .text.getBlockSize:00000000 $t
     /tmp/ccgeRYqu.s:653    .text.getBlockSize:00000000 getBlockSize
     /tmp/ccgeRYqu.s:681    .text.getBlockSize:00000010 $d
     /tmp/ccgeRYqu.s:686    .text.pvPortReallocMicroROS:00000000 $t
     /tmp/ccgeRYqu.s:692    .text.pvPortReallocMicroROS:00000000 pvPortReallocMicroROS
     /tmp/ccgeRYqu.s:768    .text.pvPortCallocMicroROS:00000000 $t
     /tmp/ccgeRYqu.s:774    .text.pvPortCallocMicroROS:00000000 pvPortCallocMicroROS
     /tmp/ccgeRYqu.s:842    .text.xPortGetFreeHeapSizeMicroROS:00000000 $t
     /tmp/ccgeRYqu.s:848    .text.xPortGetFreeHeapSizeMicroROS:00000000 xPortGetFreeHeapSizeMicroROS
     /tmp/ccgeRYqu.s:863    .text.xPortGetFreeHeapSizeMicroROS:00000008 $d
     /tmp/ccgeRYqu.s:868    .text.xPortGetMinimumEverFreeHeapSizeMicroROS:00000000 $t
     /tmp/ccgeRYqu.s:874    .text.xPortGetMinimumEverFreeHeapSizeMicroROS:00000000 xPortGetMinimumEverFreeHeapSizeMicroROS
     /tmp/ccgeRYqu.s:889    .text.xPortGetMinimumEverFreeHeapSizeMicroROS:00000008 $d
     /tmp/ccgeRYqu.s:894    .text.vPortInitialiseBlocksMicroROS:00000000 $t
     /tmp/ccgeRYqu.s:900    .text.vPortInitialiseBlocksMicroROS:00000000 vPortInitialiseBlocksMicroROS
     /tmp/ccgeRYqu.s:913    .bss.xBlockAllocatedBit:00000000 $d
     /tmp/ccgeRYqu.s:919    .bss.xMinimumEverFreeBytesRemaining:00000000 $d
     /tmp/ccgeRYqu.s:925    .bss.xFreeBytesRemaining:00000000 $d
     /tmp/ccgeRYqu.s:931    .bss.pxEnd:00000000 $d
     /tmp/ccgeRYqu.s:937    .bss.xStart:00000000 $d
     /tmp/ccgeRYqu.s:943    .bss.ucHeap:00000000 $d

UNDEFINED SYMBOLS
vTaskSuspendAll
ulSetInterruptMask
xTaskResumeAll
memcpy
