ARM GAS  /tmp/cclWZGZT.s 			page 1


   1              		.cpu cortex-m33
   2              		.arch armv8-m.main
   3              		.fpu fpv5-sp-d16
   4              		.arch_extension dsp
   5              		.eabi_attribute 27, 1
   6              		.eabi_attribute 28, 1
   7              		.eabi_attribute 20, 1
   8              		.eabi_attribute 21, 1
   9              		.eabi_attribute 23, 3
  10              		.eabi_attribute 24, 1
  11              		.eabi_attribute 25, 1
  12              		.eabi_attribute 26, 1
  13              		.eabi_attribute 30, 1
  14              		.eabi_attribute 34, 1
  15              		.eabi_attribute 18, 4
  16              		.file	"fdcan.c"
  17              		.text
  18              	.Ltext0:
  19              		.cfi_sections	.debug_frame
  20              		.file 1 "Core/Src/fdcan.c"
  21              		.section	.text.MX_FDCAN1_Init,"ax",%progbits
  22              		.align	1
  23              		.global	MX_FDCAN1_Init
  24              		.syntax unified
  25              		.thumb
  26              		.thumb_func
  28              	MX_FDCAN1_Init:
  29              	.LFB157:
   1:Core/Src/fdcan.c **** /* USER CODE BEGIN Header */
   2:Core/Src/fdcan.c **** /**
   3:Core/Src/fdcan.c ****   ******************************************************************************
   4:Core/Src/fdcan.c ****   * @file    fdcan.c
   5:Core/Src/fdcan.c ****   * @brief   This file provides code for the configuration
   6:Core/Src/fdcan.c ****   *          of the FDCAN instances.
   7:Core/Src/fdcan.c ****   ******************************************************************************
   8:Core/Src/fdcan.c ****   * @attention
   9:Core/Src/fdcan.c ****   *
  10:Core/Src/fdcan.c ****   * Copyright (c) 2026 STMicroelectronics.
  11:Core/Src/fdcan.c ****   * All rights reserved.
  12:Core/Src/fdcan.c ****   *
  13:Core/Src/fdcan.c ****   * This software is licensed under terms that can be found in the LICENSE file
  14:Core/Src/fdcan.c ****   * in the root directory of this software component.
  15:Core/Src/fdcan.c ****   * If no LICENSE file comes with this software, it is provided AS-IS.
  16:Core/Src/fdcan.c ****   *
  17:Core/Src/fdcan.c ****   ******************************************************************************
  18:Core/Src/fdcan.c ****   */
  19:Core/Src/fdcan.c **** /* USER CODE END Header */
  20:Core/Src/fdcan.c **** /* Includes ------------------------------------------------------------------*/
  21:Core/Src/fdcan.c **** #include "fdcan.h"
  22:Core/Src/fdcan.c **** 
  23:Core/Src/fdcan.c **** /* USER CODE BEGIN 0 */
  24:Core/Src/fdcan.c **** 
  25:Core/Src/fdcan.c **** /* USER CODE END 0 */
  26:Core/Src/fdcan.c **** 
  27:Core/Src/fdcan.c **** FDCAN_HandleTypeDef hfdcan1;
  28:Core/Src/fdcan.c **** 
  29:Core/Src/fdcan.c **** /* FDCAN1 init function */
ARM GAS  /tmp/cclWZGZT.s 			page 2


  30:Core/Src/fdcan.c **** void MX_FDCAN1_Init(void)
  31:Core/Src/fdcan.c **** {
  30              		.loc 1 31 1 view -0
  31              		.cfi_startproc
  32              		@ args = 0, pretend = 0, frame = 0
  33              		@ frame_needed = 0, uses_anonymous_args = 0
  34 0000 08B5     		push	{r3, lr}
  35              	.LCFI0:
  36              		.cfi_def_cfa_offset 8
  37              		.cfi_offset 3, -8
  38              		.cfi_offset 14, -4
  32:Core/Src/fdcan.c **** 
  33:Core/Src/fdcan.c ****   /* USER CODE BEGIN FDCAN1_Init 0 */
  34:Core/Src/fdcan.c **** 
  35:Core/Src/fdcan.c ****   /* USER CODE END FDCAN1_Init 0 */
  36:Core/Src/fdcan.c **** 
  37:Core/Src/fdcan.c ****   /* USER CODE BEGIN FDCAN1_Init 1 */
  38:Core/Src/fdcan.c **** 
  39:Core/Src/fdcan.c ****   /* USER CODE END FDCAN1_Init 1 */
  40:Core/Src/fdcan.c ****   hfdcan1.Instance = FDCAN1;
  39              		.loc 1 40 3 view .LVU1
  40              		.loc 1 40 20 is_stmt 0 view .LVU2
  41 0002 0F48     		ldr	r0, .L5
  42 0004 0F4B     		ldr	r3, .L5+4
  43 0006 0360     		str	r3, [r0]
  41:Core/Src/fdcan.c ****   hfdcan1.Init.ClockDivider = FDCAN_CLOCK_DIV1;
  44              		.loc 1 41 3 is_stmt 1 view .LVU3
  45              		.loc 1 41 29 is_stmt 0 view .LVU4
  46 0008 0023     		movs	r3, #0
  47 000a 4360     		str	r3, [r0, #4]
  42:Core/Src/fdcan.c ****   hfdcan1.Init.FrameFormat = FDCAN_FRAME_CLASSIC;
  48              		.loc 1 42 3 is_stmt 1 view .LVU5
  49              		.loc 1 42 28 is_stmt 0 view .LVU6
  50 000c 8360     		str	r3, [r0, #8]
  43:Core/Src/fdcan.c ****   hfdcan1.Init.Mode = FDCAN_MODE_NORMAL;
  51              		.loc 1 43 3 is_stmt 1 view .LVU7
  52              		.loc 1 43 21 is_stmt 0 view .LVU8
  53 000e C360     		str	r3, [r0, #12]
  44:Core/Src/fdcan.c ****   hfdcan1.Init.AutoRetransmission = DISABLE;
  54              		.loc 1 44 3 is_stmt 1 view .LVU9
  55              		.loc 1 44 35 is_stmt 0 view .LVU10
  56 0010 0374     		strb	r3, [r0, #16]
  45:Core/Src/fdcan.c ****   hfdcan1.Init.TransmitPause = DISABLE;
  57              		.loc 1 45 3 is_stmt 1 view .LVU11
  58              		.loc 1 45 30 is_stmt 0 view .LVU12
  59 0012 4374     		strb	r3, [r0, #17]
  46:Core/Src/fdcan.c ****   hfdcan1.Init.ProtocolException = DISABLE;
  60              		.loc 1 46 3 is_stmt 1 view .LVU13
  61              		.loc 1 46 34 is_stmt 0 view .LVU14
  62 0014 8374     		strb	r3, [r0, #18]
  47:Core/Src/fdcan.c ****   hfdcan1.Init.NominalPrescaler = 8;
  63              		.loc 1 47 3 is_stmt 1 view .LVU15
  64              		.loc 1 47 33 is_stmt 0 view .LVU16
  65 0016 0822     		movs	r2, #8
  66 0018 4261     		str	r2, [r0, #20]
  48:Core/Src/fdcan.c ****   hfdcan1.Init.NominalSyncJumpWidth = 1;
  67              		.loc 1 48 3 is_stmt 1 view .LVU17
ARM GAS  /tmp/cclWZGZT.s 			page 3


  68              		.loc 1 48 37 is_stmt 0 view .LVU18
  69 001a 0122     		movs	r2, #1
  70 001c 8261     		str	r2, [r0, #24]
  49:Core/Src/fdcan.c ****   hfdcan1.Init.NominalTimeSeg1 = 1;
  71              		.loc 1 49 3 is_stmt 1 view .LVU19
  72              		.loc 1 49 32 is_stmt 0 view .LVU20
  73 001e C261     		str	r2, [r0, #28]
  50:Core/Src/fdcan.c ****   hfdcan1.Init.NominalTimeSeg2 = 1;
  74              		.loc 1 50 3 is_stmt 1 view .LVU21
  75              		.loc 1 50 32 is_stmt 0 view .LVU22
  76 0020 0262     		str	r2, [r0, #32]
  51:Core/Src/fdcan.c ****   hfdcan1.Init.DataPrescaler = 1;
  77              		.loc 1 51 3 is_stmt 1 view .LVU23
  78              		.loc 1 51 30 is_stmt 0 view .LVU24
  79 0022 4262     		str	r2, [r0, #36]
  52:Core/Src/fdcan.c ****   hfdcan1.Init.DataSyncJumpWidth = 1;
  80              		.loc 1 52 3 is_stmt 1 view .LVU25
  81              		.loc 1 52 34 is_stmt 0 view .LVU26
  82 0024 8262     		str	r2, [r0, #40]
  53:Core/Src/fdcan.c ****   hfdcan1.Init.DataTimeSeg1 = 1;
  83              		.loc 1 53 3 is_stmt 1 view .LVU27
  84              		.loc 1 53 29 is_stmt 0 view .LVU28
  85 0026 C262     		str	r2, [r0, #44]
  54:Core/Src/fdcan.c ****   hfdcan1.Init.DataTimeSeg2 = 1;
  86              		.loc 1 54 3 is_stmt 1 view .LVU29
  87              		.loc 1 54 29 is_stmt 0 view .LVU30
  88 0028 0263     		str	r2, [r0, #48]
  55:Core/Src/fdcan.c ****   hfdcan1.Init.StdFiltersNbr = 0;
  89              		.loc 1 55 3 is_stmt 1 view .LVU31
  90              		.loc 1 55 30 is_stmt 0 view .LVU32
  91 002a 4363     		str	r3, [r0, #52]
  56:Core/Src/fdcan.c ****   hfdcan1.Init.ExtFiltersNbr = 0;
  92              		.loc 1 56 3 is_stmt 1 view .LVU33
  93              		.loc 1 56 30 is_stmt 0 view .LVU34
  94 002c 8363     		str	r3, [r0, #56]
  57:Core/Src/fdcan.c ****   hfdcan1.Init.TxFifoQueueMode = FDCAN_TX_FIFO_OPERATION;
  95              		.loc 1 57 3 is_stmt 1 view .LVU35
  96              		.loc 1 57 32 is_stmt 0 view .LVU36
  97 002e C363     		str	r3, [r0, #60]
  58:Core/Src/fdcan.c ****   if (HAL_FDCAN_Init(&hfdcan1) != HAL_OK)
  98              		.loc 1 58 3 is_stmt 1 view .LVU37
  99              		.loc 1 58 7 is_stmt 0 view .LVU38
 100 0030 FFF7FEFF 		bl	HAL_FDCAN_Init
 101              	.LVL0:
 102              		.loc 1 58 6 discriminator 1 view .LVU39
 103 0034 00B9     		cbnz	r0, .L4
 104              	.L1:
  59:Core/Src/fdcan.c ****   {
  60:Core/Src/fdcan.c ****     Error_Handler();
  61:Core/Src/fdcan.c ****   }
  62:Core/Src/fdcan.c ****   /* USER CODE BEGIN FDCAN1_Init 2 */
  63:Core/Src/fdcan.c **** 
  64:Core/Src/fdcan.c ****   /* USER CODE END FDCAN1_Init 2 */
  65:Core/Src/fdcan.c **** 
  66:Core/Src/fdcan.c **** }
 105              		.loc 1 66 1 view .LVU40
 106 0036 08BD     		pop	{r3, pc}
ARM GAS  /tmp/cclWZGZT.s 			page 4


 107              	.L4:
  60:Core/Src/fdcan.c ****   }
 108              		.loc 1 60 5 is_stmt 1 view .LVU41
 109 0038 FFF7FEFF 		bl	Error_Handler
 110              	.LVL1:
 111              		.loc 1 66 1 is_stmt 0 view .LVU42
 112 003c FBE7     		b	.L1
 113              	.L6:
 114 003e 00BF     		.align	2
 115              	.L5:
 116 0040 00000000 		.word	hfdcan1
 117 0044 00A40040 		.word	1073783808
 118              		.cfi_endproc
 119              	.LFE157:
 121              		.section	.text.HAL_FDCAN_MspInit,"ax",%progbits
 122              		.align	1
 123              		.global	HAL_FDCAN_MspInit
 124              		.syntax unified
 125              		.thumb
 126              		.thumb_func
 128              	HAL_FDCAN_MspInit:
 129              	.LVL2:
 130              	.LFB158:
  67:Core/Src/fdcan.c **** 
  68:Core/Src/fdcan.c **** void HAL_FDCAN_MspInit(FDCAN_HandleTypeDef* fdcanHandle)
  69:Core/Src/fdcan.c **** {
 131              		.loc 1 69 1 is_stmt 1 view -0
 132              		.cfi_startproc
 133              		@ args = 0, pretend = 0, frame = 240
 134              		@ frame_needed = 0, uses_anonymous_args = 0
 135              		.loc 1 69 1 is_stmt 0 view .LVU44
 136 0000 10B5     		push	{r4, lr}
 137              	.LCFI1:
 138              		.cfi_def_cfa_offset 8
 139              		.cfi_offset 4, -8
 140              		.cfi_offset 14, -4
 141 0002 BCB0     		sub	sp, sp, #240
 142              	.LCFI2:
 143              		.cfi_def_cfa_offset 248
 144 0004 0446     		mov	r4, r0
  70:Core/Src/fdcan.c **** 
  71:Core/Src/fdcan.c ****   GPIO_InitTypeDef GPIO_InitStruct = {0};
 145              		.loc 1 71 3 is_stmt 1 view .LVU45
 146              		.loc 1 71 20 is_stmt 0 view .LVU46
 147 0006 0021     		movs	r1, #0
 148 0008 3791     		str	r1, [sp, #220]
 149 000a 3891     		str	r1, [sp, #224]
 150 000c 3991     		str	r1, [sp, #228]
 151 000e 3A91     		str	r1, [sp, #232]
 152 0010 3B91     		str	r1, [sp, #236]
  72:Core/Src/fdcan.c ****   RCC_PeriphCLKInitTypeDef PeriphClkInitStruct = {0};
 153              		.loc 1 72 3 is_stmt 1 view .LVU47
 154              		.loc 1 72 28 is_stmt 0 view .LVU48
 155 0012 D022     		movs	r2, #208
 156 0014 02A8     		add	r0, sp, #8
 157              	.LVL3:
 158              		.loc 1 72 28 view .LVU49
ARM GAS  /tmp/cclWZGZT.s 			page 5


 159 0016 FFF7FEFF 		bl	memset
 160              	.LVL4:
  73:Core/Src/fdcan.c ****   if(fdcanHandle->Instance==FDCAN1)
 161              		.loc 1 73 3 is_stmt 1 view .LVU50
 162              		.loc 1 73 17 is_stmt 0 view .LVU51
 163 001a 2268     		ldr	r2, [r4]
 164              		.loc 1 73 5 view .LVU52
 165 001c 244B     		ldr	r3, .L13
 166 001e 9A42     		cmp	r2, r3
 167 0020 01D0     		beq	.L11
 168              	.LVL5:
 169              	.L7:
  74:Core/Src/fdcan.c ****   {
  75:Core/Src/fdcan.c ****   /* USER CODE BEGIN FDCAN1_MspInit 0 */
  76:Core/Src/fdcan.c **** 
  77:Core/Src/fdcan.c ****   /* USER CODE END FDCAN1_MspInit 0 */
  78:Core/Src/fdcan.c **** 
  79:Core/Src/fdcan.c ****   /** Initializes the peripherals clock
  80:Core/Src/fdcan.c ****   */
  81:Core/Src/fdcan.c ****     PeriphClkInitStruct.PeriphClockSelection = RCC_PERIPHCLK_FDCAN;
  82:Core/Src/fdcan.c ****     PeriphClkInitStruct.FdcanClockSelection = RCC_FDCANCLKSOURCE_HSE;
  83:Core/Src/fdcan.c ****     if (HAL_RCCEx_PeriphCLKConfig(&PeriphClkInitStruct) != HAL_OK)
  84:Core/Src/fdcan.c ****     {
  85:Core/Src/fdcan.c ****       Error_Handler();
  86:Core/Src/fdcan.c ****     }
  87:Core/Src/fdcan.c **** 
  88:Core/Src/fdcan.c ****     /* FDCAN1 clock enable */
  89:Core/Src/fdcan.c ****     __HAL_RCC_FDCAN_CLK_ENABLE();
  90:Core/Src/fdcan.c **** 
  91:Core/Src/fdcan.c ****     __HAL_RCC_GPIOA_CLK_ENABLE();
  92:Core/Src/fdcan.c ****     /**FDCAN1 GPIO Configuration
  93:Core/Src/fdcan.c ****     PA11     ------> FDCAN1_RX
  94:Core/Src/fdcan.c ****     PA12     ------> FDCAN1_TX
  95:Core/Src/fdcan.c ****     */
  96:Core/Src/fdcan.c ****     GPIO_InitStruct.Pin = GPIO_PIN_11|GPIO_PIN_12;
  97:Core/Src/fdcan.c ****     GPIO_InitStruct.Mode = GPIO_MODE_AF_PP;
  98:Core/Src/fdcan.c ****     GPIO_InitStruct.Pull = GPIO_NOPULL;
  99:Core/Src/fdcan.c ****     GPIO_InitStruct.Speed = GPIO_SPEED_FREQ_LOW;
 100:Core/Src/fdcan.c ****     GPIO_InitStruct.Alternate = GPIO_AF9_FDCAN1;
 101:Core/Src/fdcan.c ****     HAL_GPIO_Init(GPIOA, &GPIO_InitStruct);
 102:Core/Src/fdcan.c **** 
 103:Core/Src/fdcan.c ****     /* FDCAN1 interrupt Init */
 104:Core/Src/fdcan.c ****     HAL_NVIC_SetPriority(FDCAN1_IT0_IRQn, 5, 0);
 105:Core/Src/fdcan.c ****     HAL_NVIC_EnableIRQ(FDCAN1_IT0_IRQn);
 106:Core/Src/fdcan.c ****     HAL_NVIC_SetPriority(FDCAN1_IT1_IRQn, 5, 0);
 107:Core/Src/fdcan.c ****     HAL_NVIC_EnableIRQ(FDCAN1_IT1_IRQn);
 108:Core/Src/fdcan.c ****   /* USER CODE BEGIN FDCAN1_MspInit 1 */
 109:Core/Src/fdcan.c **** 
 110:Core/Src/fdcan.c ****   /* USER CODE END FDCAN1_MspInit 1 */
 111:Core/Src/fdcan.c ****   }
 112:Core/Src/fdcan.c **** }
 170              		.loc 1 112 1 view .LVU53
 171 0022 3CB0     		add	sp, sp, #240
 172              	.LCFI3:
 173              		.cfi_remember_state
 174              		.cfi_def_cfa_offset 8
 175              		@ sp needed
ARM GAS  /tmp/cclWZGZT.s 			page 6


 176 0024 10BD     		pop	{r4, pc}
 177              	.LVL6:
 178              	.L11:
 179              	.LCFI4:
 180              		.cfi_restore_state
  81:Core/Src/fdcan.c ****     PeriphClkInitStruct.FdcanClockSelection = RCC_FDCANCLKSOURCE_HSE;
 181              		.loc 1 81 5 is_stmt 1 view .LVU54
  81:Core/Src/fdcan.c ****     PeriphClkInitStruct.FdcanClockSelection = RCC_FDCANCLKSOURCE_HSE;
 182              		.loc 1 81 46 is_stmt 0 view .LVU55
 183 0026 0022     		movs	r2, #0
 184 0028 0423     		movs	r3, #4
 185 002a CDE90223 		strd	r2, [sp, #8]
  82:Core/Src/fdcan.c ****     if (HAL_RCCEx_PeriphCLKConfig(&PeriphClkInitStruct) != HAL_OK)
 186              		.loc 1 82 5 is_stmt 1 view .LVU56
  83:Core/Src/fdcan.c ****     {
 187              		.loc 1 83 5 view .LVU57
  83:Core/Src/fdcan.c ****     {
 188              		.loc 1 83 9 is_stmt 0 view .LVU58
 189 002e 02A8     		add	r0, sp, #8
 190 0030 FFF7FEFF 		bl	HAL_RCCEx_PeriphCLKConfig
 191              	.LVL7:
  83:Core/Src/fdcan.c ****     {
 192              		.loc 1 83 8 discriminator 1 view .LVU59
 193 0034 0028     		cmp	r0, #0
 194 0036 37D1     		bne	.L12
 195              	.L9:
  89:Core/Src/fdcan.c **** 
 196              		.loc 1 89 5 is_stmt 1 view .LVU60
 197              	.LBB2:
  89:Core/Src/fdcan.c **** 
 198              		.loc 1 89 5 view .LVU61
  89:Core/Src/fdcan.c **** 
 199              		.loc 1 89 5 view .LVU62
 200 0038 1E4B     		ldr	r3, .L13+4
 201 003a D3F8A020 		ldr	r2, [r3, #160]
 202 003e 42F40072 		orr	r2, r2, #512
 203 0042 C3F8A020 		str	r2, [r3, #160]
  89:Core/Src/fdcan.c **** 
 204              		.loc 1 89 5 view .LVU63
 205 0046 D3F8A020 		ldr	r2, [r3, #160]
 206 004a 02F40072 		and	r2, r2, #512
 207 004e 0092     		str	r2, [sp]
  89:Core/Src/fdcan.c **** 
 208              		.loc 1 89 5 view .LVU64
 209 0050 009A     		ldr	r2, [sp]
 210              	.LBE2:
  89:Core/Src/fdcan.c **** 
 211              		.loc 1 89 5 view .LVU65
  91:Core/Src/fdcan.c ****     /**FDCAN1 GPIO Configuration
 212              		.loc 1 91 5 view .LVU66
 213              	.LBB3:
  91:Core/Src/fdcan.c ****     /**FDCAN1 GPIO Configuration
 214              		.loc 1 91 5 view .LVU67
  91:Core/Src/fdcan.c ****     /**FDCAN1 GPIO Configuration
 215              		.loc 1 91 5 view .LVU68
 216 0052 D3F88C20 		ldr	r2, [r3, #140]
 217 0056 42F00102 		orr	r2, r2, #1
ARM GAS  /tmp/cclWZGZT.s 			page 7


 218 005a C3F88C20 		str	r2, [r3, #140]
  91:Core/Src/fdcan.c ****     /**FDCAN1 GPIO Configuration
 219              		.loc 1 91 5 view .LVU69
 220 005e D3F88C30 		ldr	r3, [r3, #140]
 221 0062 03F00103 		and	r3, r3, #1
 222 0066 0193     		str	r3, [sp, #4]
  91:Core/Src/fdcan.c ****     /**FDCAN1 GPIO Configuration
 223              		.loc 1 91 5 view .LVU70
 224 0068 019B     		ldr	r3, [sp, #4]
 225              	.LBE3:
  91:Core/Src/fdcan.c ****     /**FDCAN1 GPIO Configuration
 226              		.loc 1 91 5 view .LVU71
  96:Core/Src/fdcan.c ****     GPIO_InitStruct.Mode = GPIO_MODE_AF_PP;
 227              		.loc 1 96 5 view .LVU72
  96:Core/Src/fdcan.c ****     GPIO_InitStruct.Mode = GPIO_MODE_AF_PP;
 228              		.loc 1 96 25 is_stmt 0 view .LVU73
 229 006a 4FF4C053 		mov	r3, #6144
 230 006e 3793     		str	r3, [sp, #220]
  97:Core/Src/fdcan.c ****     GPIO_InitStruct.Pull = GPIO_NOPULL;
 231              		.loc 1 97 5 is_stmt 1 view .LVU74
  97:Core/Src/fdcan.c ****     GPIO_InitStruct.Pull = GPIO_NOPULL;
 232              		.loc 1 97 26 is_stmt 0 view .LVU75
 233 0070 0223     		movs	r3, #2
 234 0072 3893     		str	r3, [sp, #224]
  98:Core/Src/fdcan.c ****     GPIO_InitStruct.Speed = GPIO_SPEED_FREQ_LOW;
 235              		.loc 1 98 5 is_stmt 1 view .LVU76
  98:Core/Src/fdcan.c ****     GPIO_InitStruct.Speed = GPIO_SPEED_FREQ_LOW;
 236              		.loc 1 98 26 is_stmt 0 view .LVU77
 237 0074 0024     		movs	r4, #0
 238              	.LVL8:
  98:Core/Src/fdcan.c ****     GPIO_InitStruct.Speed = GPIO_SPEED_FREQ_LOW;
 239              		.loc 1 98 26 view .LVU78
 240 0076 3994     		str	r4, [sp, #228]
  99:Core/Src/fdcan.c ****     GPIO_InitStruct.Alternate = GPIO_AF9_FDCAN1;
 241              		.loc 1 99 5 is_stmt 1 view .LVU79
  99:Core/Src/fdcan.c ****     GPIO_InitStruct.Alternate = GPIO_AF9_FDCAN1;
 242              		.loc 1 99 27 is_stmt 0 view .LVU80
 243 0078 3A94     		str	r4, [sp, #232]
 100:Core/Src/fdcan.c ****     HAL_GPIO_Init(GPIOA, &GPIO_InitStruct);
 244              		.loc 1 100 5 is_stmt 1 view .LVU81
 100:Core/Src/fdcan.c ****     HAL_GPIO_Init(GPIOA, &GPIO_InitStruct);
 245              		.loc 1 100 31 is_stmt 0 view .LVU82
 246 007a 0923     		movs	r3, #9
 247 007c 3B93     		str	r3, [sp, #236]
 101:Core/Src/fdcan.c **** 
 248              		.loc 1 101 5 is_stmt 1 view .LVU83
 249 007e 37A9     		add	r1, sp, #220
 250 0080 0D48     		ldr	r0, .L13+8
 251 0082 FFF7FEFF 		bl	HAL_GPIO_Init
 252              	.LVL9:
 104:Core/Src/fdcan.c ****     HAL_NVIC_EnableIRQ(FDCAN1_IT0_IRQn);
 253              		.loc 1 104 5 view .LVU84
 254 0086 2246     		mov	r2, r4
 255 0088 0521     		movs	r1, #5
 256 008a 2720     		movs	r0, #39
 257 008c FFF7FEFF 		bl	HAL_NVIC_SetPriority
 258              	.LVL10:
ARM GAS  /tmp/cclWZGZT.s 			page 8


 105:Core/Src/fdcan.c ****     HAL_NVIC_SetPriority(FDCAN1_IT1_IRQn, 5, 0);
 259              		.loc 1 105 5 view .LVU85
 260 0090 2720     		movs	r0, #39
 261 0092 FFF7FEFF 		bl	HAL_NVIC_EnableIRQ
 262              	.LVL11:
 106:Core/Src/fdcan.c ****     HAL_NVIC_EnableIRQ(FDCAN1_IT1_IRQn);
 263              		.loc 1 106 5 view .LVU86
 264 0096 2246     		mov	r2, r4
 265 0098 0521     		movs	r1, #5
 266 009a 2820     		movs	r0, #40
 267 009c FFF7FEFF 		bl	HAL_NVIC_SetPriority
 268              	.LVL12:
 107:Core/Src/fdcan.c ****   /* USER CODE BEGIN FDCAN1_MspInit 1 */
 269              		.loc 1 107 5 view .LVU87
 270 00a0 2820     		movs	r0, #40
 271 00a2 FFF7FEFF 		bl	HAL_NVIC_EnableIRQ
 272              	.LVL13:
 273              		.loc 1 112 1 is_stmt 0 view .LVU88
 274 00a6 BCE7     		b	.L7
 275              	.LVL14:
 276              	.L12:
  85:Core/Src/fdcan.c ****     }
 277              		.loc 1 85 7 is_stmt 1 view .LVU89
 278 00a8 FFF7FEFF 		bl	Error_Handler
 279              	.LVL15:
 280 00ac C4E7     		b	.L9
 281              	.L14:
 282 00ae 00BF     		.align	2
 283              	.L13:
 284 00b0 00A40040 		.word	1073783808
 285 00b4 000C0244 		.word	1140984832
 286 00b8 00000242 		.word	1107427328
 287              		.cfi_endproc
 288              	.LFE158:
 290              		.section	.text.HAL_FDCAN_MspDeInit,"ax",%progbits
 291              		.align	1
 292              		.global	HAL_FDCAN_MspDeInit
 293              		.syntax unified
 294              		.thumb
 295              		.thumb_func
 297              	HAL_FDCAN_MspDeInit:
 298              	.LVL16:
 299              	.LFB159:
 113:Core/Src/fdcan.c **** 
 114:Core/Src/fdcan.c **** void HAL_FDCAN_MspDeInit(FDCAN_HandleTypeDef* fdcanHandle)
 115:Core/Src/fdcan.c **** {
 300              		.loc 1 115 1 view -0
 301              		.cfi_startproc
 302              		@ args = 0, pretend = 0, frame = 0
 303              		@ frame_needed = 0, uses_anonymous_args = 0
 304              		.loc 1 115 1 is_stmt 0 view .LVU91
 305 0000 08B5     		push	{r3, lr}
 306              	.LCFI5:
 307              		.cfi_def_cfa_offset 8
 308              		.cfi_offset 3, -8
 309              		.cfi_offset 14, -4
 116:Core/Src/fdcan.c **** 
ARM GAS  /tmp/cclWZGZT.s 			page 9


 117:Core/Src/fdcan.c ****   if(fdcanHandle->Instance==FDCAN1)
 310              		.loc 1 117 3 is_stmt 1 view .LVU92
 311              		.loc 1 117 17 is_stmt 0 view .LVU93
 312 0002 0268     		ldr	r2, [r0]
 313              		.loc 1 117 5 view .LVU94
 314 0004 0B4B     		ldr	r3, .L19
 315 0006 9A42     		cmp	r2, r3
 316 0008 00D0     		beq	.L18
 317              	.LVL17:
 318              	.L15:
 118:Core/Src/fdcan.c ****   {
 119:Core/Src/fdcan.c ****   /* USER CODE BEGIN FDCAN1_MspDeInit 0 */
 120:Core/Src/fdcan.c **** 
 121:Core/Src/fdcan.c ****   /* USER CODE END FDCAN1_MspDeInit 0 */
 122:Core/Src/fdcan.c ****     /* Peripheral clock disable */
 123:Core/Src/fdcan.c ****     __HAL_RCC_FDCAN_CLK_DISABLE();
 124:Core/Src/fdcan.c **** 
 125:Core/Src/fdcan.c ****     /**FDCAN1 GPIO Configuration
 126:Core/Src/fdcan.c ****     PA11     ------> FDCAN1_RX
 127:Core/Src/fdcan.c ****     PA12     ------> FDCAN1_TX
 128:Core/Src/fdcan.c ****     */
 129:Core/Src/fdcan.c ****     HAL_GPIO_DeInit(GPIOA, GPIO_PIN_11|GPIO_PIN_12);
 130:Core/Src/fdcan.c **** 
 131:Core/Src/fdcan.c ****     /* FDCAN1 interrupt Deinit */
 132:Core/Src/fdcan.c ****     HAL_NVIC_DisableIRQ(FDCAN1_IT0_IRQn);
 133:Core/Src/fdcan.c ****     HAL_NVIC_DisableIRQ(FDCAN1_IT1_IRQn);
 134:Core/Src/fdcan.c ****   /* USER CODE BEGIN FDCAN1_MspDeInit 1 */
 135:Core/Src/fdcan.c **** 
 136:Core/Src/fdcan.c ****   /* USER CODE END FDCAN1_MspDeInit 1 */
 137:Core/Src/fdcan.c ****   }
 138:Core/Src/fdcan.c **** }
 319              		.loc 1 138 1 view .LVU95
 320 000a 08BD     		pop	{r3, pc}
 321              	.LVL18:
 322              	.L18:
 123:Core/Src/fdcan.c **** 
 323              		.loc 1 123 5 is_stmt 1 view .LVU96
 324 000c 0A4A     		ldr	r2, .L19+4
 325 000e D2F8A030 		ldr	r3, [r2, #160]
 326 0012 23F40073 		bic	r3, r3, #512
 327 0016 C2F8A030 		str	r3, [r2, #160]
 129:Core/Src/fdcan.c **** 
 328              		.loc 1 129 5 view .LVU97
 329 001a 4FF4C051 		mov	r1, #6144
 330 001e 0748     		ldr	r0, .L19+8
 331              	.LVL19:
 129:Core/Src/fdcan.c **** 
 332              		.loc 1 129 5 is_stmt 0 view .LVU98
 333 0020 FFF7FEFF 		bl	HAL_GPIO_DeInit
 334              	.LVL20:
 132:Core/Src/fdcan.c ****     HAL_NVIC_DisableIRQ(FDCAN1_IT1_IRQn);
 335              		.loc 1 132 5 is_stmt 1 view .LVU99
 336 0024 2720     		movs	r0, #39
 337 0026 FFF7FEFF 		bl	HAL_NVIC_DisableIRQ
 338              	.LVL21:
 133:Core/Src/fdcan.c ****   /* USER CODE BEGIN FDCAN1_MspDeInit 1 */
 339              		.loc 1 133 5 view .LVU100
ARM GAS  /tmp/cclWZGZT.s 			page 10


 340 002a 2820     		movs	r0, #40
 341 002c FFF7FEFF 		bl	HAL_NVIC_DisableIRQ
 342              	.LVL22:
 343              		.loc 1 138 1 is_stmt 0 view .LVU101
 344 0030 EBE7     		b	.L15
 345              	.L20:
 346 0032 00BF     		.align	2
 347              	.L19:
 348 0034 00A40040 		.word	1073783808
 349 0038 000C0244 		.word	1140984832
 350 003c 00000242 		.word	1107427328
 351              		.cfi_endproc
 352              	.LFE159:
 354              		.global	hfdcan1
 355              		.section	.bss.hfdcan1,"aw",%nobits
 356              		.align	2
 359              	hfdcan1:
 360 0000 00000000 		.space	100
 360      00000000 
 360      00000000 
 360      00000000 
 360      00000000 
 361              		.text
 362              	.Letext0:
 363              		.file 2 "Drivers/CMSIS/Device/ST/STM32H5xx/Include/stm32h533xx.h"
 364              		.file 3 "/usr/lib/gcc/arm-none-eabi/13.2.1/include/stdint.h"
 365              		.file 4 "Drivers/CMSIS/Device/ST/STM32H5xx/Include/stm32h5xx.h"
 366              		.file 5 "Drivers/STM32H5xx_HAL_Driver/Inc/stm32h5xx_hal_def.h"
 367              		.file 6 "Drivers/STM32H5xx_HAL_Driver/Inc/stm32h5xx_hal_rcc_ex.h"
 368              		.file 7 "Drivers/STM32H5xx_HAL_Driver/Inc/stm32h5xx_hal_gpio.h"
 369              		.file 8 "Drivers/STM32H5xx_HAL_Driver/Inc/stm32h5xx_hal_fdcan.h"
 370              		.file 9 "Drivers/STM32H5xx_HAL_Driver/Inc/stm32h5xx_hal_cortex.h"
 371              		.file 10 "Core/Inc/fdcan.h"
 372              		.file 11 "Core/Inc/main.h"
 373              		.file 12 "<built-in>"
ARM GAS  /tmp/cclWZGZT.s 			page 11


DEFINED SYMBOLS
                            *ABS*:00000000 fdcan.c
     /tmp/cclWZGZT.s:22     .text.MX_FDCAN1_Init:00000000 $t
     /tmp/cclWZGZT.s:28     .text.MX_FDCAN1_Init:00000000 MX_FDCAN1_Init
     /tmp/cclWZGZT.s:116    .text.MX_FDCAN1_Init:00000040 $d
     /tmp/cclWZGZT.s:359    .bss.hfdcan1:00000000 hfdcan1
     /tmp/cclWZGZT.s:122    .text.HAL_FDCAN_MspInit:00000000 $t
     /tmp/cclWZGZT.s:128    .text.HAL_FDCAN_MspInit:00000000 HAL_FDCAN_MspInit
     /tmp/cclWZGZT.s:284    .text.HAL_FDCAN_MspInit:000000b0 $d
     /tmp/cclWZGZT.s:291    .text.HAL_FDCAN_MspDeInit:00000000 $t
     /tmp/cclWZGZT.s:297    .text.HAL_FDCAN_MspDeInit:00000000 HAL_FDCAN_MspDeInit
     /tmp/cclWZGZT.s:348    .text.HAL_FDCAN_MspDeInit:00000034 $d
     /tmp/cclWZGZT.s:356    .bss.hfdcan1:00000000 $d

UNDEFINED SYMBOLS
HAL_FDCAN_Init
Error_Handler
memset
HAL_RCCEx_PeriphCLKConfig
HAL_GPIO_Init
HAL_NVIC_SetPriority
HAL_NVIC_EnableIRQ
HAL_GPIO_DeInit
HAL_NVIC_DisableIRQ
