ARM GAS  /tmp/cclAVYRx.s 			page 1


   1              		.cpu cortex-m33
   2              		.arch armv8-m.main
   3              		.fpu fpv5-sp-d16
   4              		.arch_extension dsp
   5              		.eabi_attribute 27, 1
   6              		.eabi_attribute 28, 1
   7              		.eabi_attribute 20, 1
   8              		.eabi_attribute 21, 1
   9              		.eabi_attribute 23, 3
  10              		.eabi_attribute 24, 1
  11              		.eabi_attribute 25, 1
  12              		.eabi_attribute 26, 1
  13              		.eabi_attribute 30, 1
  14              		.eabi_attribute 34, 1
  15              		.eabi_attribute 18, 4
  16              		.file	"gpio.c"
  17              		.text
  18              	.Ltext0:
  19              		.cfi_sections	.debug_frame
  20              		.file 1 "Core/Src/gpio.c"
  21              		.section	.text.MX_GPIO_Init,"ax",%progbits
  22              		.align	1
  23              		.global	MX_GPIO_Init
  24              		.syntax unified
  25              		.thumb
  26              		.thumb_func
  28              	MX_GPIO_Init:
  29              	.LFB157:
   1:Core/Src/gpio.c **** /* USER CODE BEGIN Header */
   2:Core/Src/gpio.c **** /**
   3:Core/Src/gpio.c ****   ******************************************************************************
   4:Core/Src/gpio.c ****   * @file    gpio.c
   5:Core/Src/gpio.c ****   * @brief   This file provides code for the configuration
   6:Core/Src/gpio.c ****   *          of all used GPIO pins.
   7:Core/Src/gpio.c ****   ******************************************************************************
   8:Core/Src/gpio.c ****   * @attention
   9:Core/Src/gpio.c ****   *
  10:Core/Src/gpio.c ****   * Copyright (c) 2026 STMicroelectronics.
  11:Core/Src/gpio.c ****   * All rights reserved.
  12:Core/Src/gpio.c ****   *
  13:Core/Src/gpio.c ****   * This software is licensed under terms that can be found in the LICENSE file
  14:Core/Src/gpio.c ****   * in the root directory of this software component.
  15:Core/Src/gpio.c ****   * If no LICENSE file comes with this software, it is provided AS-IS.
  16:Core/Src/gpio.c ****   *
  17:Core/Src/gpio.c ****   ******************************************************************************
  18:Core/Src/gpio.c ****   */
  19:Core/Src/gpio.c **** /* USER CODE END Header */
  20:Core/Src/gpio.c **** 
  21:Core/Src/gpio.c **** /* Includes ------------------------------------------------------------------*/
  22:Core/Src/gpio.c **** #include "gpio.h"
  23:Core/Src/gpio.c **** 
  24:Core/Src/gpio.c **** /* USER CODE BEGIN 0 */
  25:Core/Src/gpio.c **** 
  26:Core/Src/gpio.c **** /* USER CODE END 0 */
  27:Core/Src/gpio.c **** 
  28:Core/Src/gpio.c **** /*----------------------------------------------------------------------------*/
  29:Core/Src/gpio.c **** /* Configure GPIO                                                             */
ARM GAS  /tmp/cclAVYRx.s 			page 2


  30:Core/Src/gpio.c **** /*----------------------------------------------------------------------------*/
  31:Core/Src/gpio.c **** /* USER CODE BEGIN 1 */
  32:Core/Src/gpio.c **** 
  33:Core/Src/gpio.c **** /* USER CODE END 1 */
  34:Core/Src/gpio.c **** 
  35:Core/Src/gpio.c **** /** Configure pins
  36:Core/Src/gpio.c ****      PH0-OSC_IN(PH0)   ------> RCC_OSC_IN
  37:Core/Src/gpio.c ****      PH1-OSC_OUT(PH1)   ------> RCC_OSC_OUT
  38:Core/Src/gpio.c ****      PA13(JTMS/SWDIO)   ------> DEBUG_JTMS-SWDIO
  39:Core/Src/gpio.c ****      PA14(JTCK/SWCLK)   ------> DEBUG_JTCK-SWCLK
  40:Core/Src/gpio.c **** */
  41:Core/Src/gpio.c **** void MX_GPIO_Init(void)
  42:Core/Src/gpio.c **** {
  30              		.loc 1 42 1 view -0
  31              		.cfi_startproc
  32              		@ args = 0, pretend = 0, frame = 32
  33              		@ frame_needed = 0, uses_anonymous_args = 0
  34 0000 30B5     		push	{r4, r5, lr}
  35              	.LCFI0:
  36              		.cfi_def_cfa_offset 12
  37              		.cfi_offset 4, -12
  38              		.cfi_offset 5, -8
  39              		.cfi_offset 14, -4
  40 0002 89B0     		sub	sp, sp, #36
  41              	.LCFI1:
  42              		.cfi_def_cfa_offset 48
  43:Core/Src/gpio.c **** 
  44:Core/Src/gpio.c ****   GPIO_InitTypeDef GPIO_InitStruct = {0};
  43              		.loc 1 44 3 view .LVU1
  44              		.loc 1 44 20 is_stmt 0 view .LVU2
  45 0004 0024     		movs	r4, #0
  46 0006 0394     		str	r4, [sp, #12]
  47 0008 0494     		str	r4, [sp, #16]
  48 000a 0594     		str	r4, [sp, #20]
  49 000c 0694     		str	r4, [sp, #24]
  50 000e 0794     		str	r4, [sp, #28]
  45:Core/Src/gpio.c **** 
  46:Core/Src/gpio.c ****   /* GPIO Ports Clock Enable */
  47:Core/Src/gpio.c ****   __HAL_RCC_GPIOH_CLK_ENABLE();
  51              		.loc 1 47 3 is_stmt 1 view .LVU3
  52              	.LBB2:
  53              		.loc 1 47 3 view .LVU4
  54              		.loc 1 47 3 view .LVU5
  55 0010 154B     		ldr	r3, .L3
  56 0012 D3F88C20 		ldr	r2, [r3, #140]
  57 0016 42F08002 		orr	r2, r2, #128
  58 001a C3F88C20 		str	r2, [r3, #140]
  59              		.loc 1 47 3 view .LVU6
  60 001e D3F88C20 		ldr	r2, [r3, #140]
  61 0022 02F08002 		and	r2, r2, #128
  62 0026 0192     		str	r2, [sp, #4]
  63              		.loc 1 47 3 view .LVU7
  64 0028 019A     		ldr	r2, [sp, #4]
  65              	.LBE2:
  66              		.loc 1 47 3 view .LVU8
  48:Core/Src/gpio.c ****   __HAL_RCC_GPIOA_CLK_ENABLE();
  67              		.loc 1 48 3 view .LVU9
ARM GAS  /tmp/cclAVYRx.s 			page 3


  68              	.LBB3:
  69              		.loc 1 48 3 view .LVU10
  70              		.loc 1 48 3 view .LVU11
  71 002a D3F88C20 		ldr	r2, [r3, #140]
  72 002e 42F00102 		orr	r2, r2, #1
  73 0032 C3F88C20 		str	r2, [r3, #140]
  74              		.loc 1 48 3 view .LVU12
  75 0036 D3F88C30 		ldr	r3, [r3, #140]
  76 003a 03F00103 		and	r3, r3, #1
  77 003e 0293     		str	r3, [sp, #8]
  78              		.loc 1 48 3 view .LVU13
  79 0040 029B     		ldr	r3, [sp, #8]
  80              	.LBE3:
  81              		.loc 1 48 3 view .LVU14
  49:Core/Src/gpio.c **** 
  50:Core/Src/gpio.c ****   /*Configure GPIO pin Output Level */
  51:Core/Src/gpio.c ****   HAL_GPIO_WritePin(USER_LED_GPIO_Port, USER_LED_Pin, GPIO_PIN_RESET);
  82              		.loc 1 51 3 view .LVU15
  83 0042 0A4D     		ldr	r5, .L3+4
  84 0044 2246     		mov	r2, r4
  85 0046 2021     		movs	r1, #32
  86 0048 2846     		mov	r0, r5
  87 004a FFF7FEFF 		bl	HAL_GPIO_WritePin
  88              	.LVL0:
  52:Core/Src/gpio.c **** 
  53:Core/Src/gpio.c ****   /*Configure GPIO pin : USER_LED_Pin */
  54:Core/Src/gpio.c ****   GPIO_InitStruct.Pin = USER_LED_Pin;
  89              		.loc 1 54 3 view .LVU16
  90              		.loc 1 54 23 is_stmt 0 view .LVU17
  91 004e 2023     		movs	r3, #32
  92 0050 0393     		str	r3, [sp, #12]
  55:Core/Src/gpio.c ****   GPIO_InitStruct.Mode = GPIO_MODE_OUTPUT_PP;
  93              		.loc 1 55 3 is_stmt 1 view .LVU18
  94              		.loc 1 55 24 is_stmt 0 view .LVU19
  95 0052 0123     		movs	r3, #1
  96 0054 0493     		str	r3, [sp, #16]
  56:Core/Src/gpio.c ****   GPIO_InitStruct.Pull = GPIO_NOPULL;
  97              		.loc 1 56 3 is_stmt 1 view .LVU20
  98              		.loc 1 56 24 is_stmt 0 view .LVU21
  99 0056 0594     		str	r4, [sp, #20]
  57:Core/Src/gpio.c ****   GPIO_InitStruct.Speed = GPIO_SPEED_FREQ_LOW;
 100              		.loc 1 57 3 is_stmt 1 view .LVU22
 101              		.loc 1 57 25 is_stmt 0 view .LVU23
 102 0058 0694     		str	r4, [sp, #24]
  58:Core/Src/gpio.c ****   HAL_GPIO_Init(USER_LED_GPIO_Port, &GPIO_InitStruct);
 103              		.loc 1 58 3 is_stmt 1 view .LVU24
 104 005a 03A9     		add	r1, sp, #12
 105 005c 2846     		mov	r0, r5
 106 005e FFF7FEFF 		bl	HAL_GPIO_Init
 107              	.LVL1:
  59:Core/Src/gpio.c **** 
  60:Core/Src/gpio.c **** }
 108              		.loc 1 60 1 is_stmt 0 view .LVU25
 109 0062 09B0     		add	sp, sp, #36
 110              	.LCFI2:
 111              		.cfi_def_cfa_offset 12
 112              		@ sp needed
ARM GAS  /tmp/cclAVYRx.s 			page 4


 113 0064 30BD     		pop	{r4, r5, pc}
 114              	.L4:
 115 0066 00BF     		.align	2
 116              	.L3:
 117 0068 000C0244 		.word	1140984832
 118 006c 00000242 		.word	1107427328
 119              		.cfi_endproc
 120              	.LFE157:
 122              		.text
 123              	.Letext0:
 124              		.file 2 "/usr/lib/gcc/arm-none-eabi/13.2.1/include/stdint.h"
 125              		.file 3 "Drivers/CMSIS/Device/ST/STM32H5xx/Include/stm32h533xx.h"
 126              		.file 4 "Drivers/STM32H5xx_HAL_Driver/Inc/stm32h5xx_hal_gpio.h"
ARM GAS  /tmp/cclAVYRx.s 			page 5


DEFINED SYMBOLS
                            *ABS*:00000000 gpio.c
     /tmp/cclAVYRx.s:22     .text.MX_GPIO_Init:00000000 $t
     /tmp/cclAVYRx.s:28     .text.MX_GPIO_Init:00000000 MX_GPIO_Init
     /tmp/cclAVYRx.s:117    .text.MX_GPIO_Init:00000068 $d

UNDEFINED SYMBOLS
HAL_GPIO_WritePin
HAL_GPIO_Init
