ARM GAS  /tmp/cc8uTBF1.s 			page 1


   1              		.cpu cortex-m33
   2              		.arch armv8-m.main
   3              		.fpu fpv5-sp-d16
   4              		.arch_extension dsp
   5              		.eabi_attribute 27, 1
   6              		.eabi_attribute 28, 1
   7              		.eabi_attribute 20, 1
   8              		.eabi_attribute 21, 1
   9              		.eabi_attribute 23, 3
  10              		.eabi_attribute 24, 1
  11              		.eabi_attribute 25, 1
  12              		.eabi_attribute 26, 1
  13              		.eabi_attribute 30, 1
  14              		.eabi_attribute 34, 1
  15              		.eabi_attribute 18, 4
  16              		.file	"i2c.c"
  17              		.text
  18              	.Ltext0:
  19              		.cfi_sections	.debug_frame
  20              		.file 1 "Core/Src/i2c.c"
  21              		.section	.text.MX_I2C1_Init,"ax",%progbits
  22              		.align	1
  23              		.global	MX_I2C1_Init
  24              		.syntax unified
  25              		.thumb
  26              		.thumb_func
  28              	MX_I2C1_Init:
  29              	.LFB157:
   1:Core/Src/i2c.c **** /* USER CODE BEGIN Header */
   2:Core/Src/i2c.c **** /**
   3:Core/Src/i2c.c ****   ******************************************************************************
   4:Core/Src/i2c.c ****   * @file    i2c.c
   5:Core/Src/i2c.c ****   * @brief   This file provides code for the configuration
   6:Core/Src/i2c.c ****   *          of the I2C instances.
   7:Core/Src/i2c.c ****   ******************************************************************************
   8:Core/Src/i2c.c ****   * @attention
   9:Core/Src/i2c.c ****   *
  10:Core/Src/i2c.c ****   * Copyright (c) 2026 STMicroelectronics.
  11:Core/Src/i2c.c ****   * All rights reserved.
  12:Core/Src/i2c.c ****   *
  13:Core/Src/i2c.c ****   * This software is licensed under terms that can be found in the LICENSE file
  14:Core/Src/i2c.c ****   * in the root directory of this software component.
  15:Core/Src/i2c.c ****   * If no LICENSE file comes with this software, it is provided AS-IS.
  16:Core/Src/i2c.c ****   *
  17:Core/Src/i2c.c ****   ******************************************************************************
  18:Core/Src/i2c.c ****   */
  19:Core/Src/i2c.c **** /* USER CODE END Header */
  20:Core/Src/i2c.c **** /* Includes ------------------------------------------------------------------*/
  21:Core/Src/i2c.c **** #include "i2c.h"
  22:Core/Src/i2c.c **** 
  23:Core/Src/i2c.c **** /* USER CODE BEGIN 0 */
  24:Core/Src/i2c.c **** 
  25:Core/Src/i2c.c **** /* USER CODE END 0 */
  26:Core/Src/i2c.c **** 
  27:Core/Src/i2c.c **** I2C_HandleTypeDef hi2c1;
  28:Core/Src/i2c.c **** 
  29:Core/Src/i2c.c **** /* I2C1 init function */
ARM GAS  /tmp/cc8uTBF1.s 			page 2


  30:Core/Src/i2c.c **** void MX_I2C1_Init(void)
  31:Core/Src/i2c.c **** {
  30              		.loc 1 31 1 view -0
  31              		.cfi_startproc
  32              		@ args = 0, pretend = 0, frame = 0
  33              		@ frame_needed = 0, uses_anonymous_args = 0
  34 0000 08B5     		push	{r3, lr}
  35              	.LCFI0:
  36              		.cfi_def_cfa_offset 8
  37              		.cfi_offset 3, -8
  38              		.cfi_offset 14, -4
  32:Core/Src/i2c.c **** 
  33:Core/Src/i2c.c ****   /* USER CODE BEGIN I2C1_Init 0 */
  34:Core/Src/i2c.c **** 
  35:Core/Src/i2c.c ****   /* USER CODE END I2C1_Init 0 */
  36:Core/Src/i2c.c **** 
  37:Core/Src/i2c.c ****   /* USER CODE BEGIN I2C1_Init 1 */
  38:Core/Src/i2c.c **** 
  39:Core/Src/i2c.c ****   /* USER CODE END I2C1_Init 1 */
  40:Core/Src/i2c.c ****   hi2c1.Instance = I2C1;
  39              		.loc 1 40 3 view .LVU1
  40              		.loc 1 40 18 is_stmt 0 view .LVU2
  41 0002 1248     		ldr	r0, .L9
  42 0004 124B     		ldr	r3, .L9+4
  43 0006 0360     		str	r3, [r0]
  41:Core/Src/i2c.c ****   hi2c1.Init.Timing = 0x60808CD3;
  44              		.loc 1 41 3 is_stmt 1 view .LVU3
  45              		.loc 1 41 21 is_stmt 0 view .LVU4
  46 0008 124B     		ldr	r3, .L9+8
  47 000a 4360     		str	r3, [r0, #4]
  42:Core/Src/i2c.c ****   hi2c1.Init.OwnAddress1 = 0;
  48              		.loc 1 42 3 is_stmt 1 view .LVU5
  49              		.loc 1 42 26 is_stmt 0 view .LVU6
  50 000c 0023     		movs	r3, #0
  51 000e 8360     		str	r3, [r0, #8]
  43:Core/Src/i2c.c ****   hi2c1.Init.AddressingMode = I2C_ADDRESSINGMODE_7BIT;
  52              		.loc 1 43 3 is_stmt 1 view .LVU7
  53              		.loc 1 43 29 is_stmt 0 view .LVU8
  54 0010 0122     		movs	r2, #1
  55 0012 C260     		str	r2, [r0, #12]
  44:Core/Src/i2c.c ****   hi2c1.Init.DualAddressMode = I2C_DUALADDRESS_DISABLE;
  56              		.loc 1 44 3 is_stmt 1 view .LVU9
  57              		.loc 1 44 30 is_stmt 0 view .LVU10
  58 0014 0361     		str	r3, [r0, #16]
  45:Core/Src/i2c.c ****   hi2c1.Init.OwnAddress2 = 0;
  59              		.loc 1 45 3 is_stmt 1 view .LVU11
  60              		.loc 1 45 26 is_stmt 0 view .LVU12
  61 0016 4361     		str	r3, [r0, #20]
  46:Core/Src/i2c.c ****   hi2c1.Init.OwnAddress2Masks = I2C_OA2_NOMASK;
  62              		.loc 1 46 3 is_stmt 1 view .LVU13
  63              		.loc 1 46 31 is_stmt 0 view .LVU14
  64 0018 8361     		str	r3, [r0, #24]
  47:Core/Src/i2c.c ****   hi2c1.Init.GeneralCallMode = I2C_GENERALCALL_DISABLE;
  65              		.loc 1 47 3 is_stmt 1 view .LVU15
  66              		.loc 1 47 30 is_stmt 0 view .LVU16
  67 001a C361     		str	r3, [r0, #28]
  48:Core/Src/i2c.c ****   hi2c1.Init.NoStretchMode = I2C_NOSTRETCH_DISABLE;
ARM GAS  /tmp/cc8uTBF1.s 			page 3


  68              		.loc 1 48 3 is_stmt 1 view .LVU17
  69              		.loc 1 48 28 is_stmt 0 view .LVU18
  70 001c 0362     		str	r3, [r0, #32]
  49:Core/Src/i2c.c ****   if (HAL_I2C_Init(&hi2c1) != HAL_OK)
  71              		.loc 1 49 3 is_stmt 1 view .LVU19
  72              		.loc 1 49 7 is_stmt 0 view .LVU20
  73 001e FFF7FEFF 		bl	HAL_I2C_Init
  74              	.LVL0:
  75              		.loc 1 49 6 discriminator 1 view .LVU21
  76 0022 50B9     		cbnz	r0, .L6
  77              	.L2:
  50:Core/Src/i2c.c ****   {
  51:Core/Src/i2c.c ****     Error_Handler();
  52:Core/Src/i2c.c ****   }
  53:Core/Src/i2c.c **** 
  54:Core/Src/i2c.c ****   /** Configure Analogue filter
  55:Core/Src/i2c.c ****   */
  56:Core/Src/i2c.c ****   if (HAL_I2CEx_ConfigAnalogFilter(&hi2c1, I2C_ANALOGFILTER_ENABLE) != HAL_OK)
  78              		.loc 1 56 3 is_stmt 1 view .LVU22
  79              		.loc 1 56 7 is_stmt 0 view .LVU23
  80 0024 0021     		movs	r1, #0
  81 0026 0948     		ldr	r0, .L9
  82 0028 FFF7FEFF 		bl	HAL_I2CEx_ConfigAnalogFilter
  83              	.LVL1:
  84              		.loc 1 56 6 discriminator 1 view .LVU24
  85 002c 40B9     		cbnz	r0, .L7
  86              	.L3:
  57:Core/Src/i2c.c ****   {
  58:Core/Src/i2c.c ****     Error_Handler();
  59:Core/Src/i2c.c ****   }
  60:Core/Src/i2c.c **** 
  61:Core/Src/i2c.c ****   /** Configure Digital filter
  62:Core/Src/i2c.c ****   */
  63:Core/Src/i2c.c ****   if (HAL_I2CEx_ConfigDigitalFilter(&hi2c1, 0) != HAL_OK)
  87              		.loc 1 63 3 is_stmt 1 view .LVU25
  88              		.loc 1 63 7 is_stmt 0 view .LVU26
  89 002e 0021     		movs	r1, #0
  90 0030 0648     		ldr	r0, .L9
  91 0032 FFF7FEFF 		bl	HAL_I2CEx_ConfigDigitalFilter
  92              	.LVL2:
  93              		.loc 1 63 6 discriminator 1 view .LVU27
  94 0036 30B9     		cbnz	r0, .L8
  95              	.L1:
  64:Core/Src/i2c.c ****   {
  65:Core/Src/i2c.c ****     Error_Handler();
  66:Core/Src/i2c.c ****   }
  67:Core/Src/i2c.c ****   /* USER CODE BEGIN I2C1_Init 2 */
  68:Core/Src/i2c.c **** 
  69:Core/Src/i2c.c ****   /* USER CODE END I2C1_Init 2 */
  70:Core/Src/i2c.c **** 
  71:Core/Src/i2c.c **** }
  96              		.loc 1 71 1 view .LVU28
  97 0038 08BD     		pop	{r3, pc}
  98              	.L6:
  51:Core/Src/i2c.c ****   }
  99              		.loc 1 51 5 is_stmt 1 view .LVU29
 100 003a FFF7FEFF 		bl	Error_Handler
ARM GAS  /tmp/cc8uTBF1.s 			page 4


 101              	.LVL3:
 102 003e F1E7     		b	.L2
 103              	.L7:
  58:Core/Src/i2c.c ****   }
 104              		.loc 1 58 5 view .LVU30
 105 0040 FFF7FEFF 		bl	Error_Handler
 106              	.LVL4:
 107 0044 F3E7     		b	.L3
 108              	.L8:
  65:Core/Src/i2c.c ****   }
 109              		.loc 1 65 5 view .LVU31
 110 0046 FFF7FEFF 		bl	Error_Handler
 111              	.LVL5:
 112              		.loc 1 71 1 is_stmt 0 view .LVU32
 113 004a F5E7     		b	.L1
 114              	.L10:
 115              		.align	2
 116              	.L9:
 117 004c 00000000 		.word	hi2c1
 118 0050 00540040 		.word	1073763328
 119 0054 D38C8060 		.word	1619037395
 120              		.cfi_endproc
 121              	.LFE157:
 123              		.section	.text.HAL_I2C_MspInit,"ax",%progbits
 124              		.align	1
 125              		.global	HAL_I2C_MspInit
 126              		.syntax unified
 127              		.thumb
 128              		.thumb_func
 130              	HAL_I2C_MspInit:
 131              	.LVL6:
 132              	.LFB158:
  72:Core/Src/i2c.c **** 
  73:Core/Src/i2c.c **** void HAL_I2C_MspInit(I2C_HandleTypeDef* i2cHandle)
  74:Core/Src/i2c.c **** {
 133              		.loc 1 74 1 is_stmt 1 view -0
 134              		.cfi_startproc
 135              		@ args = 0, pretend = 0, frame = 240
 136              		@ frame_needed = 0, uses_anonymous_args = 0
 137              		.loc 1 74 1 is_stmt 0 view .LVU34
 138 0000 10B5     		push	{r4, lr}
 139              	.LCFI1:
 140              		.cfi_def_cfa_offset 8
 141              		.cfi_offset 4, -8
 142              		.cfi_offset 14, -4
 143 0002 BCB0     		sub	sp, sp, #240
 144              	.LCFI2:
 145              		.cfi_def_cfa_offset 248
 146 0004 0446     		mov	r4, r0
  75:Core/Src/i2c.c **** 
  76:Core/Src/i2c.c ****   GPIO_InitTypeDef GPIO_InitStruct = {0};
 147              		.loc 1 76 3 is_stmt 1 view .LVU35
 148              		.loc 1 76 20 is_stmt 0 view .LVU36
 149 0006 0021     		movs	r1, #0
 150 0008 3791     		str	r1, [sp, #220]
 151 000a 3891     		str	r1, [sp, #224]
 152 000c 3991     		str	r1, [sp, #228]
ARM GAS  /tmp/cc8uTBF1.s 			page 5


 153 000e 3A91     		str	r1, [sp, #232]
 154 0010 3B91     		str	r1, [sp, #236]
  77:Core/Src/i2c.c ****   RCC_PeriphCLKInitTypeDef PeriphClkInitStruct = {0};
 155              		.loc 1 77 3 is_stmt 1 view .LVU37
 156              		.loc 1 77 28 is_stmt 0 view .LVU38
 157 0012 D022     		movs	r2, #208
 158 0014 02A8     		add	r0, sp, #8
 159              	.LVL7:
 160              		.loc 1 77 28 view .LVU39
 161 0016 FFF7FEFF 		bl	memset
 162              	.LVL8:
  78:Core/Src/i2c.c ****   if(i2cHandle->Instance==I2C1)
 163              		.loc 1 78 3 is_stmt 1 view .LVU40
 164              		.loc 1 78 15 is_stmt 0 view .LVU41
 165 001a 2268     		ldr	r2, [r4]
 166              		.loc 1 78 5 view .LVU42
 167 001c 1B4B     		ldr	r3, .L17
 168 001e 9A42     		cmp	r2, r3
 169 0020 01D0     		beq	.L15
 170              	.LVL9:
 171              	.L11:
  79:Core/Src/i2c.c ****   {
  80:Core/Src/i2c.c ****   /* USER CODE BEGIN I2C1_MspInit 0 */
  81:Core/Src/i2c.c **** 
  82:Core/Src/i2c.c ****   /* USER CODE END I2C1_MspInit 0 */
  83:Core/Src/i2c.c **** 
  84:Core/Src/i2c.c ****   /** Initializes the peripherals clock
  85:Core/Src/i2c.c ****   */
  86:Core/Src/i2c.c ****     PeriphClkInitStruct.PeriphClockSelection = RCC_PERIPHCLK_I2C1;
  87:Core/Src/i2c.c ****     PeriphClkInitStruct.I2c1ClockSelection = RCC_I2C1CLKSOURCE_PCLK1;
  88:Core/Src/i2c.c ****     if (HAL_RCCEx_PeriphCLKConfig(&PeriphClkInitStruct) != HAL_OK)
  89:Core/Src/i2c.c ****     {
  90:Core/Src/i2c.c ****       Error_Handler();
  91:Core/Src/i2c.c ****     }
  92:Core/Src/i2c.c **** 
  93:Core/Src/i2c.c ****     __HAL_RCC_GPIOB_CLK_ENABLE();
  94:Core/Src/i2c.c ****     /**I2C1 GPIO Configuration
  95:Core/Src/i2c.c ****     PB6     ------> I2C1_SCL
  96:Core/Src/i2c.c ****     PB7     ------> I2C1_SDA
  97:Core/Src/i2c.c ****     */
  98:Core/Src/i2c.c ****     GPIO_InitStruct.Pin = GPIO_PIN_6|GPIO_PIN_7;
  99:Core/Src/i2c.c ****     GPIO_InitStruct.Mode = GPIO_MODE_AF_OD;
 100:Core/Src/i2c.c ****     GPIO_InitStruct.Pull = GPIO_NOPULL;
 101:Core/Src/i2c.c ****     GPIO_InitStruct.Speed = GPIO_SPEED_FREQ_LOW;
 102:Core/Src/i2c.c ****     GPIO_InitStruct.Alternate = GPIO_AF4_I2C1;
 103:Core/Src/i2c.c ****     HAL_GPIO_Init(GPIOB, &GPIO_InitStruct);
 104:Core/Src/i2c.c **** 
 105:Core/Src/i2c.c ****     /* I2C1 clock enable */
 106:Core/Src/i2c.c ****     __HAL_RCC_I2C1_CLK_ENABLE();
 107:Core/Src/i2c.c ****   /* USER CODE BEGIN I2C1_MspInit 1 */
 108:Core/Src/i2c.c **** 
 109:Core/Src/i2c.c ****   /* USER CODE END I2C1_MspInit 1 */
 110:Core/Src/i2c.c ****   }
 111:Core/Src/i2c.c **** }
 172              		.loc 1 111 1 view .LVU43
 173 0022 3CB0     		add	sp, sp, #240
 174              	.LCFI3:
ARM GAS  /tmp/cc8uTBF1.s 			page 6


 175              		.cfi_remember_state
 176              		.cfi_def_cfa_offset 8
 177              		@ sp needed
 178 0024 10BD     		pop	{r4, pc}
 179              	.LVL10:
 180              	.L15:
 181              	.LCFI4:
 182              		.cfi_restore_state
  86:Core/Src/i2c.c ****     PeriphClkInitStruct.I2c1ClockSelection = RCC_I2C1CLKSOURCE_PCLK1;
 183              		.loc 1 86 5 is_stmt 1 view .LVU44
  86:Core/Src/i2c.c ****     PeriphClkInitStruct.I2c1ClockSelection = RCC_I2C1CLKSOURCE_PCLK1;
 184              		.loc 1 86 46 is_stmt 0 view .LVU45
 185 0026 4FF40052 		mov	r2, #8192
 186 002a 0023     		movs	r3, #0
 187 002c CDE90223 		strd	r2, [sp, #8]
  87:Core/Src/i2c.c ****     if (HAL_RCCEx_PeriphCLKConfig(&PeriphClkInitStruct) != HAL_OK)
 188              		.loc 1 87 5 is_stmt 1 view .LVU46
  88:Core/Src/i2c.c ****     {
 189              		.loc 1 88 5 view .LVU47
  88:Core/Src/i2c.c ****     {
 190              		.loc 1 88 9 is_stmt 0 view .LVU48
 191 0030 02A8     		add	r0, sp, #8
 192 0032 FFF7FEFF 		bl	HAL_RCCEx_PeriphCLKConfig
 193              	.LVL11:
  88:Core/Src/i2c.c ****     {
 194              		.loc 1 88 8 discriminator 1 view .LVU49
 195 0036 30BB     		cbnz	r0, .L16
 196              	.L13:
  93:Core/Src/i2c.c ****     /**I2C1 GPIO Configuration
 197              		.loc 1 93 5 is_stmt 1 view .LVU50
 198              	.LBB2:
  93:Core/Src/i2c.c ****     /**I2C1 GPIO Configuration
 199              		.loc 1 93 5 view .LVU51
  93:Core/Src/i2c.c ****     /**I2C1 GPIO Configuration
 200              		.loc 1 93 5 view .LVU52
 201 0038 154C     		ldr	r4, .L17+4
 202              	.LVL12:
  93:Core/Src/i2c.c ****     /**I2C1 GPIO Configuration
 203              		.loc 1 93 5 is_stmt 0 view .LVU53
 204 003a D4F88C30 		ldr	r3, [r4, #140]
 205 003e 43F00203 		orr	r3, r3, #2
 206 0042 C4F88C30 		str	r3, [r4, #140]
  93:Core/Src/i2c.c ****     /**I2C1 GPIO Configuration
 207              		.loc 1 93 5 is_stmt 1 view .LVU54
 208 0046 D4F88C30 		ldr	r3, [r4, #140]
 209 004a 03F00203 		and	r3, r3, #2
 210 004e 0093     		str	r3, [sp]
  93:Core/Src/i2c.c ****     /**I2C1 GPIO Configuration
 211              		.loc 1 93 5 view .LVU55
 212 0050 009B     		ldr	r3, [sp]
 213              	.LBE2:
  93:Core/Src/i2c.c ****     /**I2C1 GPIO Configuration
 214              		.loc 1 93 5 view .LVU56
  98:Core/Src/i2c.c ****     GPIO_InitStruct.Mode = GPIO_MODE_AF_OD;
 215              		.loc 1 98 5 view .LVU57
  98:Core/Src/i2c.c ****     GPIO_InitStruct.Mode = GPIO_MODE_AF_OD;
 216              		.loc 1 98 25 is_stmt 0 view .LVU58
ARM GAS  /tmp/cc8uTBF1.s 			page 7


 217 0052 C023     		movs	r3, #192
 218 0054 3793     		str	r3, [sp, #220]
  99:Core/Src/i2c.c ****     GPIO_InitStruct.Pull = GPIO_NOPULL;
 219              		.loc 1 99 5 is_stmt 1 view .LVU59
  99:Core/Src/i2c.c ****     GPIO_InitStruct.Pull = GPIO_NOPULL;
 220              		.loc 1 99 26 is_stmt 0 view .LVU60
 221 0056 1223     		movs	r3, #18
 222 0058 3893     		str	r3, [sp, #224]
 100:Core/Src/i2c.c ****     GPIO_InitStruct.Speed = GPIO_SPEED_FREQ_LOW;
 223              		.loc 1 100 5 is_stmt 1 view .LVU61
 100:Core/Src/i2c.c ****     GPIO_InitStruct.Speed = GPIO_SPEED_FREQ_LOW;
 224              		.loc 1 100 26 is_stmt 0 view .LVU62
 225 005a 0023     		movs	r3, #0
 226 005c 3993     		str	r3, [sp, #228]
 101:Core/Src/i2c.c ****     GPIO_InitStruct.Alternate = GPIO_AF4_I2C1;
 227              		.loc 1 101 5 is_stmt 1 view .LVU63
 101:Core/Src/i2c.c ****     GPIO_InitStruct.Alternate = GPIO_AF4_I2C1;
 228              		.loc 1 101 27 is_stmt 0 view .LVU64
 229 005e 3A93     		str	r3, [sp, #232]
 102:Core/Src/i2c.c ****     HAL_GPIO_Init(GPIOB, &GPIO_InitStruct);
 230              		.loc 1 102 5 is_stmt 1 view .LVU65
 102:Core/Src/i2c.c ****     HAL_GPIO_Init(GPIOB, &GPIO_InitStruct);
 231              		.loc 1 102 31 is_stmt 0 view .LVU66
 232 0060 0423     		movs	r3, #4
 233 0062 3B93     		str	r3, [sp, #236]
 103:Core/Src/i2c.c **** 
 234              		.loc 1 103 5 is_stmt 1 view .LVU67
 235 0064 37A9     		add	r1, sp, #220
 236 0066 0B48     		ldr	r0, .L17+8
 237 0068 FFF7FEFF 		bl	HAL_GPIO_Init
 238              	.LVL13:
 106:Core/Src/i2c.c ****   /* USER CODE BEGIN I2C1_MspInit 1 */
 239              		.loc 1 106 5 view .LVU68
 240              	.LBB3:
 106:Core/Src/i2c.c ****   /* USER CODE BEGIN I2C1_MspInit 1 */
 241              		.loc 1 106 5 view .LVU69
 106:Core/Src/i2c.c ****   /* USER CODE BEGIN I2C1_MspInit 1 */
 242              		.loc 1 106 5 view .LVU70
 243 006c D4F89C30 		ldr	r3, [r4, #156]
 244 0070 43F40013 		orr	r3, r3, #2097152
 245 0074 C4F89C30 		str	r3, [r4, #156]
 106:Core/Src/i2c.c ****   /* USER CODE BEGIN I2C1_MspInit 1 */
 246              		.loc 1 106 5 view .LVU71
 247 0078 D4F89C30 		ldr	r3, [r4, #156]
 248 007c 03F40013 		and	r3, r3, #2097152
 249 0080 0193     		str	r3, [sp, #4]
 106:Core/Src/i2c.c ****   /* USER CODE BEGIN I2C1_MspInit 1 */
 250              		.loc 1 106 5 view .LVU72
 251 0082 019B     		ldr	r3, [sp, #4]
 252              	.LBE3:
 106:Core/Src/i2c.c ****   /* USER CODE BEGIN I2C1_MspInit 1 */
 253              		.loc 1 106 5 discriminator 1 view .LVU73
 254              		.loc 1 111 1 is_stmt 0 view .LVU74
 255 0084 CDE7     		b	.L11
 256              	.LVL14:
 257              	.L16:
  90:Core/Src/i2c.c ****     }
ARM GAS  /tmp/cc8uTBF1.s 			page 8


 258              		.loc 1 90 7 is_stmt 1 view .LVU75
 259 0086 FFF7FEFF 		bl	Error_Handler
 260              	.LVL15:
 261 008a D5E7     		b	.L13
 262              	.L18:
 263              		.align	2
 264              	.L17:
 265 008c 00540040 		.word	1073763328
 266 0090 000C0244 		.word	1140984832
 267 0094 00040242 		.word	1107428352
 268              		.cfi_endproc
 269              	.LFE158:
 271              		.section	.text.HAL_I2C_MspDeInit,"ax",%progbits
 272              		.align	1
 273              		.global	HAL_I2C_MspDeInit
 274              		.syntax unified
 275              		.thumb
 276              		.thumb_func
 278              	HAL_I2C_MspDeInit:
 279              	.LVL16:
 280              	.LFB159:
 112:Core/Src/i2c.c **** 
 113:Core/Src/i2c.c **** void HAL_I2C_MspDeInit(I2C_HandleTypeDef* i2cHandle)
 114:Core/Src/i2c.c **** {
 281              		.loc 1 114 1 view -0
 282              		.cfi_startproc
 283              		@ args = 0, pretend = 0, frame = 0
 284              		@ frame_needed = 0, uses_anonymous_args = 0
 115:Core/Src/i2c.c **** 
 116:Core/Src/i2c.c ****   if(i2cHandle->Instance==I2C1)
 285              		.loc 1 116 3 view .LVU77
 286              		.loc 1 116 15 is_stmt 0 view .LVU78
 287 0000 0268     		ldr	r2, [r0]
 288              		.loc 1 116 5 view .LVU79
 289 0002 0B4B     		ldr	r3, .L26
 290 0004 9A42     		cmp	r2, r3
 291 0006 00D0     		beq	.L25
 292 0008 7047     		bx	lr
 293              	.L25:
 114:Core/Src/i2c.c **** 
 294              		.loc 1 114 1 view .LVU80
 295 000a 10B5     		push	{r4, lr}
 296              	.LCFI5:
 297              		.cfi_def_cfa_offset 8
 298              		.cfi_offset 4, -8
 299              		.cfi_offset 14, -4
 117:Core/Src/i2c.c ****   {
 118:Core/Src/i2c.c ****   /* USER CODE BEGIN I2C1_MspDeInit 0 */
 119:Core/Src/i2c.c **** 
 120:Core/Src/i2c.c ****   /* USER CODE END I2C1_MspDeInit 0 */
 121:Core/Src/i2c.c ****     /* Peripheral clock disable */
 122:Core/Src/i2c.c ****     __HAL_RCC_I2C1_CLK_DISABLE();
 300              		.loc 1 122 5 is_stmt 1 view .LVU81
 301 000c 094A     		ldr	r2, .L26+4
 302 000e D2F89C30 		ldr	r3, [r2, #156]
 303 0012 23F40013 		bic	r3, r3, #2097152
 304 0016 C2F89C30 		str	r3, [r2, #156]
ARM GAS  /tmp/cc8uTBF1.s 			page 9


 123:Core/Src/i2c.c **** 
 124:Core/Src/i2c.c ****     /**I2C1 GPIO Configuration
 125:Core/Src/i2c.c ****     PB6     ------> I2C1_SCL
 126:Core/Src/i2c.c ****     PB7     ------> I2C1_SDA
 127:Core/Src/i2c.c ****     */
 128:Core/Src/i2c.c ****     HAL_GPIO_DeInit(GPIOB, GPIO_PIN_6);
 305              		.loc 1 128 5 view .LVU82
 306 001a 074C     		ldr	r4, .L26+8
 307 001c 4021     		movs	r1, #64
 308 001e 2046     		mov	r0, r4
 309              	.LVL17:
 310              		.loc 1 128 5 is_stmt 0 view .LVU83
 311 0020 FFF7FEFF 		bl	HAL_GPIO_DeInit
 312              	.LVL18:
 129:Core/Src/i2c.c **** 
 130:Core/Src/i2c.c ****     HAL_GPIO_DeInit(GPIOB, GPIO_PIN_7);
 313              		.loc 1 130 5 is_stmt 1 view .LVU84
 314 0024 8021     		movs	r1, #128
 315 0026 2046     		mov	r0, r4
 316 0028 FFF7FEFF 		bl	HAL_GPIO_DeInit
 317              	.LVL19:
 131:Core/Src/i2c.c **** 
 132:Core/Src/i2c.c ****   /* USER CODE BEGIN I2C1_MspDeInit 1 */
 133:Core/Src/i2c.c **** 
 134:Core/Src/i2c.c ****   /* USER CODE END I2C1_MspDeInit 1 */
 135:Core/Src/i2c.c ****   }
 136:Core/Src/i2c.c **** }
 318              		.loc 1 136 1 is_stmt 0 view .LVU85
 319 002c 10BD     		pop	{r4, pc}
 320              	.L27:
 321 002e 00BF     		.align	2
 322              	.L26:
 323 0030 00540040 		.word	1073763328
 324 0034 000C0244 		.word	1140984832
 325 0038 00040242 		.word	1107428352
 326              		.cfi_endproc
 327              	.LFE159:
 329              		.global	hi2c1
 330              		.section	.bss.hi2c1,"aw",%nobits
 331              		.align	2
 334              	hi2c1:
 335 0000 00000000 		.space	84
 335      00000000 
 335      00000000 
 335      00000000 
 335      00000000 
 336              		.text
 337              	.Letext0:
 338              		.file 2 "/usr/lib/gcc/arm-none-eabi/13.2.1/include/stdint.h"
 339              		.file 3 "Drivers/CMSIS/Device/ST/STM32H5xx/Include/stm32h533xx.h"
 340              		.file 4 "Drivers/STM32H5xx_HAL_Driver/Inc/stm32h5xx_hal_def.h"
 341              		.file 5 "Drivers/STM32H5xx_HAL_Driver/Inc/stm32h5xx_hal_rcc_ex.h"
 342              		.file 6 "Drivers/STM32H5xx_HAL_Driver/Inc/stm32h5xx_hal_gpio.h"
 343              		.file 7 "Drivers/STM32H5xx_HAL_Driver/Inc/stm32h5xx_hal_dma.h"
 344              		.file 8 "Drivers/STM32H5xx_HAL_Driver/Inc/stm32h5xx_hal_dma_ex.h"
 345              		.file 9 "Drivers/STM32H5xx_HAL_Driver/Inc/stm32h5xx_hal_i2c.h"
 346              		.file 10 "Drivers/STM32H5xx_HAL_Driver/Inc/stm32h5xx_hal_i2c_ex.h"
ARM GAS  /tmp/cc8uTBF1.s 			page 10


 347              		.file 11 "Core/Inc/i2c.h"
 348              		.file 12 "Core/Inc/main.h"
 349              		.file 13 "<built-in>"
ARM GAS  /tmp/cc8uTBF1.s 			page 11


DEFINED SYMBOLS
                            *ABS*:00000000 i2c.c
     /tmp/cc8uTBF1.s:22     .text.MX_I2C1_Init:00000000 $t
     /tmp/cc8uTBF1.s:28     .text.MX_I2C1_Init:00000000 MX_I2C1_Init
     /tmp/cc8uTBF1.s:117    .text.MX_I2C1_Init:0000004c $d
     /tmp/cc8uTBF1.s:334    .bss.hi2c1:00000000 hi2c1
     /tmp/cc8uTBF1.s:124    .text.HAL_I2C_MspInit:00000000 $t
     /tmp/cc8uTBF1.s:130    .text.HAL_I2C_MspInit:00000000 HAL_I2C_MspInit
     /tmp/cc8uTBF1.s:265    .text.HAL_I2C_MspInit:0000008c $d
     /tmp/cc8uTBF1.s:272    .text.HAL_I2C_MspDeInit:00000000 $t
     /tmp/cc8uTBF1.s:278    .text.HAL_I2C_MspDeInit:00000000 HAL_I2C_MspDeInit
     /tmp/cc8uTBF1.s:323    .text.HAL_I2C_MspDeInit:00000030 $d
     /tmp/cc8uTBF1.s:331    .bss.hi2c1:00000000 $d

UNDEFINED SYMBOLS
HAL_I2C_Init
HAL_I2CEx_ConfigAnalogFilter
HAL_I2CEx_ConfigDigitalFilter
Error_Handler
memset
HAL_RCCEx_PeriphCLKConfig
HAL_GPIO_Init
HAL_GPIO_DeInit
