ARM GAS  /tmp/cckVzBYZ.s 			page 1


   1              		.cpu cortex-m33
   2              		.arch armv8-m.main
   3              		.fpu fpv5-sp-d16
   4              		.arch_extension dsp
   5              		.eabi_attribute 27, 1
   6              		.eabi_attribute 28, 1
   7              		.eabi_attribute 20, 1
   8              		.eabi_attribute 21, 1
   9              		.eabi_attribute 23, 3
  10              		.eabi_attribute 24, 1
  11              		.eabi_attribute 25, 1
  12              		.eabi_attribute 26, 1
  13              		.eabi_attribute 30, 1
  14              		.eabi_attribute 34, 1
  15              		.eabi_attribute 18, 4
  16              		.file	"list.c"
  17              		.text
  18              	.Ltext0:
  19              		.cfi_sections	.debug_frame
  20              		.file 1 "Middlewares/Third_Party/FreeRTOS/Source/list.c"
  21              		.section	.text.vListInitialise,"ax",%progbits
  22              		.align	1
  23              		.global	vListInitialise
  24              		.syntax unified
  25              		.thumb
  26              		.thumb_func
  28              	vListInitialise:
  29              	.LVL0:
  30              	.LFB0:
   1:Middlewares/Third_Party/FreeRTOS/Source/list.c **** /*
   2:Middlewares/Third_Party/FreeRTOS/Source/list.c ****  * FreeRTOS Kernel V11.2.0
   3:Middlewares/Third_Party/FreeRTOS/Source/list.c ****  * Copyright (C) 2021 Amazon.com, Inc. or its affiliates. All Rights Reserved.
   4:Middlewares/Third_Party/FreeRTOS/Source/list.c ****  *
   5:Middlewares/Third_Party/FreeRTOS/Source/list.c ****  * SPDX-License-Identifier: MIT
   6:Middlewares/Third_Party/FreeRTOS/Source/list.c ****  *
   7:Middlewares/Third_Party/FreeRTOS/Source/list.c ****  * Permission is hereby granted, free of charge, to any person obtaining a copy of
   8:Middlewares/Third_Party/FreeRTOS/Source/list.c ****  * this software and associated documentation files (the "Software"), to deal in
   9:Middlewares/Third_Party/FreeRTOS/Source/list.c ****  * the Software without restriction, including without limitation the rights to
  10:Middlewares/Third_Party/FreeRTOS/Source/list.c ****  * use, copy, modify, merge, publish, distribute, sublicense, and/or sell copies of
  11:Middlewares/Third_Party/FreeRTOS/Source/list.c ****  * the Software, and to permit persons to whom the Software is furnished to do so,
  12:Middlewares/Third_Party/FreeRTOS/Source/list.c ****  * subject to the following conditions:
  13:Middlewares/Third_Party/FreeRTOS/Source/list.c ****  *
  14:Middlewares/Third_Party/FreeRTOS/Source/list.c ****  * The above copyright notice and this permission notice shall be included in all
  15:Middlewares/Third_Party/FreeRTOS/Source/list.c ****  * copies or substantial portions of the Software.
  16:Middlewares/Third_Party/FreeRTOS/Source/list.c ****  *
  17:Middlewares/Third_Party/FreeRTOS/Source/list.c ****  * THE SOFTWARE IS PROVIDED "AS IS", WITHOUT WARRANTY OF ANY KIND, EXPRESS OR
  18:Middlewares/Third_Party/FreeRTOS/Source/list.c ****  * IMPLIED, INCLUDING BUT NOT LIMITED TO THE WARRANTIES OF MERCHANTABILITY, FITNESS
  19:Middlewares/Third_Party/FreeRTOS/Source/list.c ****  * FOR A PARTICULAR PURPOSE AND NONINFRINGEMENT. IN NO EVENT SHALL THE AUTHORS OR
  20:Middlewares/Third_Party/FreeRTOS/Source/list.c ****  * COPYRIGHT HOLDERS BE LIABLE FOR ANY CLAIM, DAMAGES OR OTHER LIABILITY, WHETHER
  21:Middlewares/Third_Party/FreeRTOS/Source/list.c ****  * IN AN ACTION OF CONTRACT, TORT OR OTHERWISE, ARISING FROM, OUT OF OR IN
  22:Middlewares/Third_Party/FreeRTOS/Source/list.c ****  * CONNECTION WITH THE SOFTWARE OR THE USE OR OTHER DEALINGS IN THE SOFTWARE.
  23:Middlewares/Third_Party/FreeRTOS/Source/list.c ****  *
  24:Middlewares/Third_Party/FreeRTOS/Source/list.c ****  * https://www.FreeRTOS.org
  25:Middlewares/Third_Party/FreeRTOS/Source/list.c ****  * https://github.com/FreeRTOS
  26:Middlewares/Third_Party/FreeRTOS/Source/list.c ****  *
  27:Middlewares/Third_Party/FreeRTOS/Source/list.c ****  */
  28:Middlewares/Third_Party/FreeRTOS/Source/list.c **** 
ARM GAS  /tmp/cckVzBYZ.s 			page 2


  29:Middlewares/Third_Party/FreeRTOS/Source/list.c **** 
  30:Middlewares/Third_Party/FreeRTOS/Source/list.c **** #include <stdlib.h>
  31:Middlewares/Third_Party/FreeRTOS/Source/list.c **** 
  32:Middlewares/Third_Party/FreeRTOS/Source/list.c **** /* Defining MPU_WRAPPERS_INCLUDED_FROM_API_FILE prevents task.h from redefining
  33:Middlewares/Third_Party/FreeRTOS/Source/list.c ****  * all the API functions to use the MPU wrappers.  That should only be done when
  34:Middlewares/Third_Party/FreeRTOS/Source/list.c ****  * task.h is included from an application file. */
  35:Middlewares/Third_Party/FreeRTOS/Source/list.c **** #define MPU_WRAPPERS_INCLUDED_FROM_API_FILE
  36:Middlewares/Third_Party/FreeRTOS/Source/list.c **** 
  37:Middlewares/Third_Party/FreeRTOS/Source/list.c **** #include "FreeRTOS.h"
  38:Middlewares/Third_Party/FreeRTOS/Source/list.c **** #include "list.h"
  39:Middlewares/Third_Party/FreeRTOS/Source/list.c **** 
  40:Middlewares/Third_Party/FreeRTOS/Source/list.c **** /* The MPU ports require MPU_WRAPPERS_INCLUDED_FROM_API_FILE to be
  41:Middlewares/Third_Party/FreeRTOS/Source/list.c ****  * defined for the header files above, but not in this file, in order to
  42:Middlewares/Third_Party/FreeRTOS/Source/list.c ****  * generate the correct privileged Vs unprivileged linkage and placement. */
  43:Middlewares/Third_Party/FreeRTOS/Source/list.c **** #undef MPU_WRAPPERS_INCLUDED_FROM_API_FILE
  44:Middlewares/Third_Party/FreeRTOS/Source/list.c **** 
  45:Middlewares/Third_Party/FreeRTOS/Source/list.c **** /*-----------------------------------------------------------
  46:Middlewares/Third_Party/FreeRTOS/Source/list.c **** * PUBLIC LIST API documented in list.h
  47:Middlewares/Third_Party/FreeRTOS/Source/list.c **** *----------------------------------------------------------*/
  48:Middlewares/Third_Party/FreeRTOS/Source/list.c **** 
  49:Middlewares/Third_Party/FreeRTOS/Source/list.c **** void vListInitialise( List_t * const pxList )
  50:Middlewares/Third_Party/FreeRTOS/Source/list.c **** {
  31              		.loc 1 50 1 view -0
  32              		.cfi_startproc
  33              		@ args = 0, pretend = 0, frame = 0
  34              		@ frame_needed = 0, uses_anonymous_args = 0
  35              		@ link register save eliminated.
  51:Middlewares/Third_Party/FreeRTOS/Source/list.c ****     traceENTER_vListInitialise( pxList );
  36              		.loc 1 51 41 view .LVU1
  52:Middlewares/Third_Party/FreeRTOS/Source/list.c **** 
  53:Middlewares/Third_Party/FreeRTOS/Source/list.c ****     /* The list structure contains a list item which is used to mark the
  54:Middlewares/Third_Party/FreeRTOS/Source/list.c ****      * end of the list.  To initialise the list the list end is inserted
  55:Middlewares/Third_Party/FreeRTOS/Source/list.c ****      * as the only list entry. */
  56:Middlewares/Third_Party/FreeRTOS/Source/list.c ****     pxList->pxIndex = ( ListItem_t * ) &( pxList->xListEnd );
  37              		.loc 1 56 5 view .LVU2
  38              		.loc 1 56 40 is_stmt 0 view .LVU3
  39 0000 00F10803 		add	r3, r0, #8
  40              		.loc 1 56 21 view .LVU4
  41 0004 4360     		str	r3, [r0, #4]
  57:Middlewares/Third_Party/FreeRTOS/Source/list.c **** 
  58:Middlewares/Third_Party/FreeRTOS/Source/list.c ****     listSET_FIRST_LIST_ITEM_INTEGRITY_CHECK_VALUE( &( pxList->xListEnd ) );
  42              		.loc 1 58 75 is_stmt 1 view .LVU5
  59:Middlewares/Third_Party/FreeRTOS/Source/list.c **** 
  60:Middlewares/Third_Party/FreeRTOS/Source/list.c ****     /* The list end value is the highest possible value in the list to
  61:Middlewares/Third_Party/FreeRTOS/Source/list.c ****      * ensure it remains at the end of the list. */
  62:Middlewares/Third_Party/FreeRTOS/Source/list.c ****     pxList->xListEnd.xItemValue = portMAX_DELAY;
  43              		.loc 1 62 5 view .LVU6
  44              		.loc 1 62 33 is_stmt 0 view .LVU7
  45 0006 4FF0FF32 		mov	r2, #-1
  46 000a 8260     		str	r2, [r0, #8]
  63:Middlewares/Third_Party/FreeRTOS/Source/list.c **** 
  64:Middlewares/Third_Party/FreeRTOS/Source/list.c ****     /* The list end next and previous pointers point to itself so we know
  65:Middlewares/Third_Party/FreeRTOS/Source/list.c ****      * when the list is empty. */
  66:Middlewares/Third_Party/FreeRTOS/Source/list.c ****     pxList->xListEnd.pxNext = ( ListItem_t * ) &( pxList->xListEnd );
  47              		.loc 1 66 5 is_stmt 1 view .LVU8
  48              		.loc 1 66 29 is_stmt 0 view .LVU9
  49 000c C360     		str	r3, [r0, #12]
ARM GAS  /tmp/cckVzBYZ.s 			page 3


  67:Middlewares/Third_Party/FreeRTOS/Source/list.c ****     pxList->xListEnd.pxPrevious = ( ListItem_t * ) &( pxList->xListEnd );
  50              		.loc 1 67 5 is_stmt 1 view .LVU10
  51              		.loc 1 67 33 is_stmt 0 view .LVU11
  52 000e 0361     		str	r3, [r0, #16]
  68:Middlewares/Third_Party/FreeRTOS/Source/list.c **** 
  69:Middlewares/Third_Party/FreeRTOS/Source/list.c ****     /* Initialize the remaining fields of xListEnd when it is a proper ListItem_t */
  70:Middlewares/Third_Party/FreeRTOS/Source/list.c ****     #if ( configUSE_MINI_LIST_ITEM == 0 )
  71:Middlewares/Third_Party/FreeRTOS/Source/list.c ****     {
  72:Middlewares/Third_Party/FreeRTOS/Source/list.c ****         pxList->xListEnd.pvOwner = NULL;
  73:Middlewares/Third_Party/FreeRTOS/Source/list.c ****         pxList->xListEnd.pxContainer = NULL;
  74:Middlewares/Third_Party/FreeRTOS/Source/list.c ****         listSET_SECOND_LIST_ITEM_INTEGRITY_CHECK_VALUE( &( pxList->xListEnd ) );
  75:Middlewares/Third_Party/FreeRTOS/Source/list.c ****     }
  76:Middlewares/Third_Party/FreeRTOS/Source/list.c ****     #endif
  77:Middlewares/Third_Party/FreeRTOS/Source/list.c **** 
  78:Middlewares/Third_Party/FreeRTOS/Source/list.c ****     pxList->uxNumberOfItems = ( UBaseType_t ) 0U;
  53              		.loc 1 78 5 is_stmt 1 view .LVU12
  54              		.loc 1 78 29 is_stmt 0 view .LVU13
  55 0010 0023     		movs	r3, #0
  56 0012 0360     		str	r3, [r0]
  79:Middlewares/Third_Party/FreeRTOS/Source/list.c **** 
  80:Middlewares/Third_Party/FreeRTOS/Source/list.c ****     /* Write known values into the list if
  81:Middlewares/Third_Party/FreeRTOS/Source/list.c ****      * configUSE_LIST_DATA_INTEGRITY_CHECK_BYTES is set to 1. */
  82:Middlewares/Third_Party/FreeRTOS/Source/list.c ****     listSET_LIST_INTEGRITY_CHECK_1_VALUE( pxList );
  57              		.loc 1 82 51 is_stmt 1 view .LVU14
  83:Middlewares/Third_Party/FreeRTOS/Source/list.c ****     listSET_LIST_INTEGRITY_CHECK_2_VALUE( pxList );
  58              		.loc 1 83 51 view .LVU15
  84:Middlewares/Third_Party/FreeRTOS/Source/list.c **** 
  85:Middlewares/Third_Party/FreeRTOS/Source/list.c ****     traceRETURN_vListInitialise();
  59              		.loc 1 85 34 view .LVU16
  86:Middlewares/Third_Party/FreeRTOS/Source/list.c **** }
  60              		.loc 1 86 1 is_stmt 0 view .LVU17
  61 0014 7047     		bx	lr
  62              		.cfi_endproc
  63              	.LFE0:
  65              		.section	.text.vListInitialiseItem,"ax",%progbits
  66              		.align	1
  67              		.global	vListInitialiseItem
  68              		.syntax unified
  69              		.thumb
  70              		.thumb_func
  72              	vListInitialiseItem:
  73              	.LVL1:
  74              	.LFB1:
  87:Middlewares/Third_Party/FreeRTOS/Source/list.c **** /*-----------------------------------------------------------*/
  88:Middlewares/Third_Party/FreeRTOS/Source/list.c **** 
  89:Middlewares/Third_Party/FreeRTOS/Source/list.c **** void vListInitialiseItem( ListItem_t * const pxItem )
  90:Middlewares/Third_Party/FreeRTOS/Source/list.c **** {
  75              		.loc 1 90 1 is_stmt 1 view -0
  76              		.cfi_startproc
  77              		@ args = 0, pretend = 0, frame = 0
  78              		@ frame_needed = 0, uses_anonymous_args = 0
  79              		@ link register save eliminated.
  91:Middlewares/Third_Party/FreeRTOS/Source/list.c ****     traceENTER_vListInitialiseItem( pxItem );
  80              		.loc 1 91 45 view .LVU19
  92:Middlewares/Third_Party/FreeRTOS/Source/list.c **** 
  93:Middlewares/Third_Party/FreeRTOS/Source/list.c ****     /* Make sure the list item is not recorded as being on a list. */
  94:Middlewares/Third_Party/FreeRTOS/Source/list.c ****     pxItem->pxContainer = NULL;
ARM GAS  /tmp/cckVzBYZ.s 			page 4


  81              		.loc 1 94 5 view .LVU20
  82              		.loc 1 94 25 is_stmt 0 view .LVU21
  83 0000 0023     		movs	r3, #0
  84 0002 0361     		str	r3, [r0, #16]
  95:Middlewares/Third_Party/FreeRTOS/Source/list.c **** 
  96:Middlewares/Third_Party/FreeRTOS/Source/list.c ****     /* Write known values into the list item if
  97:Middlewares/Third_Party/FreeRTOS/Source/list.c ****      * configUSE_LIST_DATA_INTEGRITY_CHECK_BYTES is set to 1. */
  98:Middlewares/Third_Party/FreeRTOS/Source/list.c ****     listSET_FIRST_LIST_ITEM_INTEGRITY_CHECK_VALUE( pxItem );
  85              		.loc 1 98 60 is_stmt 1 view .LVU22
  99:Middlewares/Third_Party/FreeRTOS/Source/list.c ****     listSET_SECOND_LIST_ITEM_INTEGRITY_CHECK_VALUE( pxItem );
  86              		.loc 1 99 61 view .LVU23
 100:Middlewares/Third_Party/FreeRTOS/Source/list.c **** 
 101:Middlewares/Third_Party/FreeRTOS/Source/list.c ****     traceRETURN_vListInitialiseItem();
  87              		.loc 1 101 38 view .LVU24
 102:Middlewares/Third_Party/FreeRTOS/Source/list.c **** }
  88              		.loc 1 102 1 is_stmt 0 view .LVU25
  89 0004 7047     		bx	lr
  90              		.cfi_endproc
  91              	.LFE1:
  93              		.section	.text.vListInsertEnd,"ax",%progbits
  94              		.align	1
  95              		.global	vListInsertEnd
  96              		.syntax unified
  97              		.thumb
  98              		.thumb_func
 100              	vListInsertEnd:
 101              	.LVL2:
 102              	.LFB2:
 103:Middlewares/Third_Party/FreeRTOS/Source/list.c **** /*-----------------------------------------------------------*/
 104:Middlewares/Third_Party/FreeRTOS/Source/list.c **** 
 105:Middlewares/Third_Party/FreeRTOS/Source/list.c **** void vListInsertEnd( List_t * const pxList,
 106:Middlewares/Third_Party/FreeRTOS/Source/list.c ****                      ListItem_t * const pxNewListItem )
 107:Middlewares/Third_Party/FreeRTOS/Source/list.c **** {
 103              		.loc 1 107 1 is_stmt 1 view -0
 104              		.cfi_startproc
 105              		@ args = 0, pretend = 0, frame = 0
 106              		@ frame_needed = 0, uses_anonymous_args = 0
 107              		@ link register save eliminated.
 108:Middlewares/Third_Party/FreeRTOS/Source/list.c ****     ListItem_t * const pxIndex = pxList->pxIndex;
 108              		.loc 1 108 5 view .LVU27
 109              		.loc 1 108 24 is_stmt 0 view .LVU28
 110 0000 4368     		ldr	r3, [r0, #4]
 111              	.LVL3:
 109:Middlewares/Third_Party/FreeRTOS/Source/list.c **** 
 110:Middlewares/Third_Party/FreeRTOS/Source/list.c ****     traceENTER_vListInsertEnd( pxList, pxNewListItem );
 112              		.loc 1 110 55 is_stmt 1 view .LVU29
 111:Middlewares/Third_Party/FreeRTOS/Source/list.c **** 
 112:Middlewares/Third_Party/FreeRTOS/Source/list.c ****     /* Only effective when configASSERT() is also defined, these tests may catch
 113:Middlewares/Third_Party/FreeRTOS/Source/list.c ****      * the list data structures being overwritten in memory.  They will not catch
 114:Middlewares/Third_Party/FreeRTOS/Source/list.c ****      * data errors caused by incorrect configuration or use of FreeRTOS. */
 115:Middlewares/Third_Party/FreeRTOS/Source/list.c ****     listTEST_LIST_INTEGRITY( pxList );
 113              		.loc 1 115 38 view .LVU30
 116:Middlewares/Third_Party/FreeRTOS/Source/list.c ****     listTEST_LIST_ITEM_INTEGRITY( pxNewListItem );
 114              		.loc 1 116 50 view .LVU31
 117:Middlewares/Third_Party/FreeRTOS/Source/list.c **** 
 118:Middlewares/Third_Party/FreeRTOS/Source/list.c ****     /* Insert a new list item into pxList, but rather than sort the list,
 119:Middlewares/Third_Party/FreeRTOS/Source/list.c ****      * makes the new list item the last item to be removed by a call to
ARM GAS  /tmp/cckVzBYZ.s 			page 5


 120:Middlewares/Third_Party/FreeRTOS/Source/list.c ****      * listGET_OWNER_OF_NEXT_ENTRY(). */
 121:Middlewares/Third_Party/FreeRTOS/Source/list.c ****     pxNewListItem->pxNext = pxIndex;
 115              		.loc 1 121 5 view .LVU32
 116              		.loc 1 121 27 is_stmt 0 view .LVU33
 117 0002 4B60     		str	r3, [r1, #4]
 122:Middlewares/Third_Party/FreeRTOS/Source/list.c ****     pxNewListItem->pxPrevious = pxIndex->pxPrevious;
 118              		.loc 1 122 5 is_stmt 1 view .LVU34
 119              		.loc 1 122 40 is_stmt 0 view .LVU35
 120 0004 9A68     		ldr	r2, [r3, #8]
 121              		.loc 1 122 31 view .LVU36
 122 0006 8A60     		str	r2, [r1, #8]
 123:Middlewares/Third_Party/FreeRTOS/Source/list.c **** 
 124:Middlewares/Third_Party/FreeRTOS/Source/list.c ****     /* Only used during decision coverage testing. */
 125:Middlewares/Third_Party/FreeRTOS/Source/list.c ****     mtCOVERAGE_TEST_DELAY();
 123              		.loc 1 125 28 is_stmt 1 view .LVU37
 126:Middlewares/Third_Party/FreeRTOS/Source/list.c **** 
 127:Middlewares/Third_Party/FreeRTOS/Source/list.c ****     pxIndex->pxPrevious->pxNext = pxNewListItem;
 124              		.loc 1 127 5 view .LVU38
 125              		.loc 1 127 33 is_stmt 0 view .LVU39
 126 0008 5160     		str	r1, [r2, #4]
 128:Middlewares/Third_Party/FreeRTOS/Source/list.c ****     pxIndex->pxPrevious = pxNewListItem;
 127              		.loc 1 128 5 is_stmt 1 view .LVU40
 128              		.loc 1 128 25 is_stmt 0 view .LVU41
 129 000a 9960     		str	r1, [r3, #8]
 129:Middlewares/Third_Party/FreeRTOS/Source/list.c **** 
 130:Middlewares/Third_Party/FreeRTOS/Source/list.c ****     /* Remember which list the item is in. */
 131:Middlewares/Third_Party/FreeRTOS/Source/list.c ****     pxNewListItem->pxContainer = pxList;
 130              		.loc 1 131 5 is_stmt 1 view .LVU42
 131              		.loc 1 131 32 is_stmt 0 view .LVU43
 132 000c 0861     		str	r0, [r1, #16]
 132:Middlewares/Third_Party/FreeRTOS/Source/list.c **** 
 133:Middlewares/Third_Party/FreeRTOS/Source/list.c ****     ( pxList->uxNumberOfItems ) = ( UBaseType_t ) ( pxList->uxNumberOfItems + 1U );
 133              		.loc 1 133 5 is_stmt 1 view .LVU44
 134              		.loc 1 133 59 is_stmt 0 view .LVU45
 135 000e 0368     		ldr	r3, [r0]
 136              	.LVL4:
 137              		.loc 1 133 35 view .LVU46
 138 0010 0133     		adds	r3, r3, #1
 139              		.loc 1 133 33 view .LVU47
 140 0012 0360     		str	r3, [r0]
 134:Middlewares/Third_Party/FreeRTOS/Source/list.c **** 
 135:Middlewares/Third_Party/FreeRTOS/Source/list.c ****     traceRETURN_vListInsertEnd();
 141              		.loc 1 135 33 is_stmt 1 view .LVU48
 136:Middlewares/Third_Party/FreeRTOS/Source/list.c **** }
 142              		.loc 1 136 1 is_stmt 0 view .LVU49
 143 0014 7047     		bx	lr
 144              		.cfi_endproc
 145              	.LFE2:
 147              		.section	.text.vListInsert,"ax",%progbits
 148              		.align	1
 149              		.global	vListInsert
 150              		.syntax unified
 151              		.thumb
 152              		.thumb_func
 154              	vListInsert:
 155              	.LVL5:
 156              	.LFB3:
ARM GAS  /tmp/cckVzBYZ.s 			page 6


 137:Middlewares/Third_Party/FreeRTOS/Source/list.c **** /*-----------------------------------------------------------*/
 138:Middlewares/Third_Party/FreeRTOS/Source/list.c **** 
 139:Middlewares/Third_Party/FreeRTOS/Source/list.c **** void vListInsert( List_t * const pxList,
 140:Middlewares/Third_Party/FreeRTOS/Source/list.c ****                   ListItem_t * const pxNewListItem )
 141:Middlewares/Third_Party/FreeRTOS/Source/list.c **** {
 157              		.loc 1 141 1 is_stmt 1 view -0
 158              		.cfi_startproc
 159              		@ args = 0, pretend = 0, frame = 0
 160              		@ frame_needed = 0, uses_anonymous_args = 0
 161              		@ link register save eliminated.
 162              		.loc 1 141 1 is_stmt 0 view .LVU51
 163 0000 30B4     		push	{r4, r5}
 164              	.LCFI0:
 165              		.cfi_def_cfa_offset 8
 166              		.cfi_offset 4, -8
 167              		.cfi_offset 5, -4
 142:Middlewares/Third_Party/FreeRTOS/Source/list.c ****     ListItem_t * pxIterator;
 168              		.loc 1 142 5 is_stmt 1 view .LVU52
 143:Middlewares/Third_Party/FreeRTOS/Source/list.c ****     const TickType_t xValueOfInsertion = pxNewListItem->xItemValue;
 169              		.loc 1 143 5 view .LVU53
 170              		.loc 1 143 22 is_stmt 0 view .LVU54
 171 0002 0D68     		ldr	r5, [r1]
 172              	.LVL6:
 144:Middlewares/Third_Party/FreeRTOS/Source/list.c **** 
 145:Middlewares/Third_Party/FreeRTOS/Source/list.c ****     traceENTER_vListInsert( pxList, pxNewListItem );
 173              		.loc 1 145 52 is_stmt 1 view .LVU55
 146:Middlewares/Third_Party/FreeRTOS/Source/list.c **** 
 147:Middlewares/Third_Party/FreeRTOS/Source/list.c ****     /* Only effective when configASSERT() is also defined, these tests may catch
 148:Middlewares/Third_Party/FreeRTOS/Source/list.c ****      * the list data structures being overwritten in memory.  They will not catch
 149:Middlewares/Third_Party/FreeRTOS/Source/list.c ****      * data errors caused by incorrect configuration or use of FreeRTOS. */
 150:Middlewares/Third_Party/FreeRTOS/Source/list.c ****     listTEST_LIST_INTEGRITY( pxList );
 174              		.loc 1 150 38 view .LVU56
 151:Middlewares/Third_Party/FreeRTOS/Source/list.c ****     listTEST_LIST_ITEM_INTEGRITY( pxNewListItem );
 175              		.loc 1 151 50 view .LVU57
 152:Middlewares/Third_Party/FreeRTOS/Source/list.c **** 
 153:Middlewares/Third_Party/FreeRTOS/Source/list.c ****     /* Insert the new list item into the list, sorted in xItemValue order.
 154:Middlewares/Third_Party/FreeRTOS/Source/list.c ****      *
 155:Middlewares/Third_Party/FreeRTOS/Source/list.c ****      * If the list already contains a list item with the same item value then the
 156:Middlewares/Third_Party/FreeRTOS/Source/list.c ****      * new list item should be placed after it.  This ensures that TCBs which are
 157:Middlewares/Third_Party/FreeRTOS/Source/list.c ****      * stored in ready lists (all of which have the same xItemValue value) get a
 158:Middlewares/Third_Party/FreeRTOS/Source/list.c ****      * share of the CPU.  However, if the xItemValue is the same as the back marker
 159:Middlewares/Third_Party/FreeRTOS/Source/list.c ****      * the iteration loop below will not end.  Therefore the value is checked
 160:Middlewares/Third_Party/FreeRTOS/Source/list.c ****      * first, and the algorithm slightly modified if necessary. */
 161:Middlewares/Third_Party/FreeRTOS/Source/list.c ****     if( xValueOfInsertion == portMAX_DELAY )
 176              		.loc 1 161 5 view .LVU58
 177              		.loc 1 161 7 is_stmt 0 view .LVU59
 178 0004 B5F1FF3F 		cmp	r5, #-1
 179 0008 11D0     		beq	.L9
 162:Middlewares/Third_Party/FreeRTOS/Source/list.c ****     {
 163:Middlewares/Third_Party/FreeRTOS/Source/list.c ****         pxIterator = pxList->xListEnd.pxPrevious;
 164:Middlewares/Third_Party/FreeRTOS/Source/list.c ****     }
 165:Middlewares/Third_Party/FreeRTOS/Source/list.c ****     else
 166:Middlewares/Third_Party/FreeRTOS/Source/list.c ****     {
 167:Middlewares/Third_Party/FreeRTOS/Source/list.c ****         /* *** NOTE ***********************************************************
 168:Middlewares/Third_Party/FreeRTOS/Source/list.c ****         *  If you find your application is crashing here then likely causes are
 169:Middlewares/Third_Party/FreeRTOS/Source/list.c ****         *  listed below.  In addition see https://www.freertos.org/Why-FreeRTOS/FAQs for
 170:Middlewares/Third_Party/FreeRTOS/Source/list.c ****         *  more tips, and ensure configASSERT() is defined!
ARM GAS  /tmp/cckVzBYZ.s 			page 7


 171:Middlewares/Third_Party/FreeRTOS/Source/list.c ****         *  https://www.FreeRTOS.org/a00110.html#configASSERT
 172:Middlewares/Third_Party/FreeRTOS/Source/list.c ****         *
 173:Middlewares/Third_Party/FreeRTOS/Source/list.c ****         *   1) Stack overflow -
 174:Middlewares/Third_Party/FreeRTOS/Source/list.c ****         *      see https://www.FreeRTOS.org/Stacks-and-stack-overflow-checking.html
 175:Middlewares/Third_Party/FreeRTOS/Source/list.c ****         *   2) Incorrect interrupt priority assignment, especially on Cortex-M
 176:Middlewares/Third_Party/FreeRTOS/Source/list.c ****         *      parts where numerically high priority values denote low actual
 177:Middlewares/Third_Party/FreeRTOS/Source/list.c ****         *      interrupt priorities, which can seem counter intuitive.  See
 178:Middlewares/Third_Party/FreeRTOS/Source/list.c ****         *      https://www.FreeRTOS.org/RTOS-Cortex-M3-M4.html and the definition
 179:Middlewares/Third_Party/FreeRTOS/Source/list.c ****         *      of configMAX_SYSCALL_INTERRUPT_PRIORITY on
 180:Middlewares/Third_Party/FreeRTOS/Source/list.c ****         *      https://www.FreeRTOS.org/a00110.html
 181:Middlewares/Third_Party/FreeRTOS/Source/list.c ****         *   3) Calling an API function from within a critical section or when
 182:Middlewares/Third_Party/FreeRTOS/Source/list.c ****         *      the scheduler is suspended, or calling an API function that does
 183:Middlewares/Third_Party/FreeRTOS/Source/list.c ****         *      not end in "FromISR" from an interrupt.
 184:Middlewares/Third_Party/FreeRTOS/Source/list.c ****         *   4) Using a queue or semaphore before it has been initialised or
 185:Middlewares/Third_Party/FreeRTOS/Source/list.c ****         *      before the scheduler has been started (are interrupts firing
 186:Middlewares/Third_Party/FreeRTOS/Source/list.c ****         *      before vTaskStartScheduler() has been called?).
 187:Middlewares/Third_Party/FreeRTOS/Source/list.c ****         *   5) If the FreeRTOS port supports interrupt nesting then ensure that
 188:Middlewares/Third_Party/FreeRTOS/Source/list.c ****         *      the priority of the tick interrupt is at or below
 189:Middlewares/Third_Party/FreeRTOS/Source/list.c ****         *      configMAX_SYSCALL_INTERRUPT_PRIORITY.
 190:Middlewares/Third_Party/FreeRTOS/Source/list.c ****         **********************************************************************/
 191:Middlewares/Third_Party/FreeRTOS/Source/list.c **** 
 192:Middlewares/Third_Party/FreeRTOS/Source/list.c ****         for( pxIterator = ( ListItem_t * ) &( pxList->xListEnd ); pxIterator->pxNext->xItemValue <=
 180              		.loc 1 192 9 is_stmt 1 view .LVU60
 181              		.loc 1 192 25 is_stmt 0 view .LVU61
 182 000a 00F10803 		add	r3, r0, #8
 183              	.LVL7:
 184              	.L7:
 185              		.loc 1 192 98 is_stmt 1 discriminator 1 view .LVU62
 186 000e 1C46     		mov	r4, r3
 187              		.loc 1 192 77 is_stmt 0 discriminator 1 view .LVU63
 188 0010 5B68     		ldr	r3, [r3, #4]
 189              	.LVL8:
 190              		.loc 1 192 85 discriminator 1 view .LVU64
 191 0012 1A68     		ldr	r2, [r3]
 192              		.loc 1 192 98 discriminator 1 view .LVU65
 193 0014 AA42     		cmp	r2, r5
 194 0016 FAD9     		bls	.L7
 195              	.L6:
 193:Middlewares/Third_Party/FreeRTOS/Source/list.c ****         {
 194:Middlewares/Third_Party/FreeRTOS/Source/list.c ****             /* There is nothing to do here, just iterating to the wanted
 195:Middlewares/Third_Party/FreeRTOS/Source/list.c ****              * insertion position.
 196:Middlewares/Third_Party/FreeRTOS/Source/list.c ****              * IF YOU FIND YOUR CODE STUCK HERE, SEE THE NOTE JUST ABOVE.
 197:Middlewares/Third_Party/FreeRTOS/Source/list.c ****              */
 198:Middlewares/Third_Party/FreeRTOS/Source/list.c ****         }
 199:Middlewares/Third_Party/FreeRTOS/Source/list.c ****     }
 200:Middlewares/Third_Party/FreeRTOS/Source/list.c **** 
 201:Middlewares/Third_Party/FreeRTOS/Source/list.c ****     pxNewListItem->pxNext = pxIterator->pxNext;
 196              		.loc 1 201 5 is_stmt 1 view .LVU66
 197              		.loc 1 201 39 is_stmt 0 view .LVU67
 198 0018 6368     		ldr	r3, [r4, #4]
 199              		.loc 1 201 27 view .LVU68
 200 001a 4B60     		str	r3, [r1, #4]
 202:Middlewares/Third_Party/FreeRTOS/Source/list.c ****     pxNewListItem->pxNext->pxPrevious = pxNewListItem;
 201              		.loc 1 202 5 is_stmt 1 view .LVU69
 202              		.loc 1 202 39 is_stmt 0 view .LVU70
 203 001c 9960     		str	r1, [r3, #8]
 203:Middlewares/Third_Party/FreeRTOS/Source/list.c ****     pxNewListItem->pxPrevious = pxIterator;
ARM GAS  /tmp/cckVzBYZ.s 			page 8


 204              		.loc 1 203 5 is_stmt 1 view .LVU71
 205              		.loc 1 203 31 is_stmt 0 view .LVU72
 206 001e 8C60     		str	r4, [r1, #8]
 204:Middlewares/Third_Party/FreeRTOS/Source/list.c ****     pxIterator->pxNext = pxNewListItem;
 207              		.loc 1 204 5 is_stmt 1 view .LVU73
 208              		.loc 1 204 24 is_stmt 0 view .LVU74
 209 0020 6160     		str	r1, [r4, #4]
 205:Middlewares/Third_Party/FreeRTOS/Source/list.c **** 
 206:Middlewares/Third_Party/FreeRTOS/Source/list.c ****     /* Remember which list the item is in.  This allows fast removal of the
 207:Middlewares/Third_Party/FreeRTOS/Source/list.c ****      * item later. */
 208:Middlewares/Third_Party/FreeRTOS/Source/list.c ****     pxNewListItem->pxContainer = pxList;
 210              		.loc 1 208 5 is_stmt 1 view .LVU75
 211              		.loc 1 208 32 is_stmt 0 view .LVU76
 212 0022 0861     		str	r0, [r1, #16]
 209:Middlewares/Third_Party/FreeRTOS/Source/list.c **** 
 210:Middlewares/Third_Party/FreeRTOS/Source/list.c ****     ( pxList->uxNumberOfItems ) = ( UBaseType_t ) ( pxList->uxNumberOfItems + 1U );
 213              		.loc 1 210 5 is_stmt 1 view .LVU77
 214              		.loc 1 210 59 is_stmt 0 view .LVU78
 215 0024 0368     		ldr	r3, [r0]
 216              		.loc 1 210 35 view .LVU79
 217 0026 0133     		adds	r3, r3, #1
 218              		.loc 1 210 33 view .LVU80
 219 0028 0360     		str	r3, [r0]
 211:Middlewares/Third_Party/FreeRTOS/Source/list.c **** 
 212:Middlewares/Third_Party/FreeRTOS/Source/list.c ****     traceRETURN_vListInsert();
 220              		.loc 1 212 30 is_stmt 1 view .LVU81
 213:Middlewares/Third_Party/FreeRTOS/Source/list.c **** }
 221              		.loc 1 213 1 is_stmt 0 view .LVU82
 222 002a 30BC     		pop	{r4, r5}
 223              	.LCFI1:
 224              		.cfi_remember_state
 225              		.cfi_restore 5
 226              		.cfi_restore 4
 227              		.cfi_def_cfa_offset 0
 228              	.LVL9:
 229              		.loc 1 213 1 view .LVU83
 230 002c 7047     		bx	lr
 231              	.LVL10:
 232              	.L9:
 233              	.LCFI2:
 234              		.cfi_restore_state
 163:Middlewares/Third_Party/FreeRTOS/Source/list.c ****     }
 235              		.loc 1 163 9 is_stmt 1 view .LVU84
 163:Middlewares/Third_Party/FreeRTOS/Source/list.c ****     }
 236              		.loc 1 163 20 is_stmt 0 view .LVU85
 237 002e 0469     		ldr	r4, [r0, #16]
 238              	.LVL11:
 163:Middlewares/Third_Party/FreeRTOS/Source/list.c ****     }
 239              		.loc 1 163 20 view .LVU86
 240 0030 F2E7     		b	.L6
 241              		.cfi_endproc
 242              	.LFE3:
 244              		.section	.text.uxListRemove,"ax",%progbits
 245              		.align	1
 246              		.global	uxListRemove
 247              		.syntax unified
 248              		.thumb
ARM GAS  /tmp/cckVzBYZ.s 			page 9


 249              		.thumb_func
 251              	uxListRemove:
 252              	.LVL12:
 253              	.LFB4:
 214:Middlewares/Third_Party/FreeRTOS/Source/list.c **** /*-----------------------------------------------------------*/
 215:Middlewares/Third_Party/FreeRTOS/Source/list.c **** 
 216:Middlewares/Third_Party/FreeRTOS/Source/list.c **** 
 217:Middlewares/Third_Party/FreeRTOS/Source/list.c **** UBaseType_t uxListRemove( ListItem_t * const pxItemToRemove )
 218:Middlewares/Third_Party/FreeRTOS/Source/list.c **** {
 254              		.loc 1 218 1 is_stmt 1 view -0
 255              		.cfi_startproc
 256              		@ args = 0, pretend = 0, frame = 0
 257              		@ frame_needed = 0, uses_anonymous_args = 0
 258              		@ link register save eliminated.
 219:Middlewares/Third_Party/FreeRTOS/Source/list.c ****     /* The list item knows which list it is in.  Obtain the list from the list
 220:Middlewares/Third_Party/FreeRTOS/Source/list.c ****      * item. */
 221:Middlewares/Third_Party/FreeRTOS/Source/list.c ****     List_t * const pxList = pxItemToRemove->pxContainer;
 259              		.loc 1 221 5 view .LVU88
 260              		.loc 1 221 20 is_stmt 0 view .LVU89
 261 0000 0369     		ldr	r3, [r0, #16]
 262              	.LVL13:
 222:Middlewares/Third_Party/FreeRTOS/Source/list.c **** 
 223:Middlewares/Third_Party/FreeRTOS/Source/list.c ****     traceENTER_uxListRemove( pxItemToRemove );
 263              		.loc 1 223 46 is_stmt 1 view .LVU90
 224:Middlewares/Third_Party/FreeRTOS/Source/list.c **** 
 225:Middlewares/Third_Party/FreeRTOS/Source/list.c ****     pxItemToRemove->pxNext->pxPrevious = pxItemToRemove->pxPrevious;
 264              		.loc 1 225 5 view .LVU91
 265              		.loc 1 225 19 is_stmt 0 view .LVU92
 266 0002 4168     		ldr	r1, [r0, #4]
 267              		.loc 1 225 56 view .LVU93
 268 0004 8268     		ldr	r2, [r0, #8]
 269              		.loc 1 225 40 view .LVU94
 270 0006 8A60     		str	r2, [r1, #8]
 226:Middlewares/Third_Party/FreeRTOS/Source/list.c ****     pxItemToRemove->pxPrevious->pxNext = pxItemToRemove->pxNext;
 271              		.loc 1 226 5 is_stmt 1 view .LVU95
 272              		.loc 1 226 56 is_stmt 0 view .LVU96
 273 0008 4168     		ldr	r1, [r0, #4]
 274              		.loc 1 226 40 view .LVU97
 275 000a 5160     		str	r1, [r2, #4]
 227:Middlewares/Third_Party/FreeRTOS/Source/list.c **** 
 228:Middlewares/Third_Party/FreeRTOS/Source/list.c ****     /* Only used during decision coverage testing. */
 229:Middlewares/Third_Party/FreeRTOS/Source/list.c ****     mtCOVERAGE_TEST_DELAY();
 276              		.loc 1 229 28 is_stmt 1 view .LVU98
 230:Middlewares/Third_Party/FreeRTOS/Source/list.c **** 
 231:Middlewares/Third_Party/FreeRTOS/Source/list.c ****     /* Make sure the index is left pointing to a valid item. */
 232:Middlewares/Third_Party/FreeRTOS/Source/list.c ****     if( pxList->pxIndex == pxItemToRemove )
 277              		.loc 1 232 5 view .LVU99
 278              		.loc 1 232 15 is_stmt 0 view .LVU100
 279 000c 5A68     		ldr	r2, [r3, #4]
 280              		.loc 1 232 7 view .LVU101
 281 000e 8242     		cmp	r2, r0
 282 0010 05D0     		beq	.L12
 283              	.L11:
 233:Middlewares/Third_Party/FreeRTOS/Source/list.c ****     {
 234:Middlewares/Third_Party/FreeRTOS/Source/list.c ****         pxList->pxIndex = pxItemToRemove->pxPrevious;
 235:Middlewares/Third_Party/FreeRTOS/Source/list.c ****     }
 236:Middlewares/Third_Party/FreeRTOS/Source/list.c ****     else
ARM GAS  /tmp/cckVzBYZ.s 			page 10


 237:Middlewares/Third_Party/FreeRTOS/Source/list.c ****     {
 238:Middlewares/Third_Party/FreeRTOS/Source/list.c ****         mtCOVERAGE_TEST_MARKER();
 284              		.loc 1 238 33 is_stmt 1 view .LVU102
 239:Middlewares/Third_Party/FreeRTOS/Source/list.c ****     }
 240:Middlewares/Third_Party/FreeRTOS/Source/list.c **** 
 241:Middlewares/Third_Party/FreeRTOS/Source/list.c ****     pxItemToRemove->pxContainer = NULL;
 285              		.loc 1 241 5 view .LVU103
 286              		.loc 1 241 33 is_stmt 0 view .LVU104
 287 0012 0022     		movs	r2, #0
 288 0014 0261     		str	r2, [r0, #16]
 242:Middlewares/Third_Party/FreeRTOS/Source/list.c ****     ( pxList->uxNumberOfItems ) = ( UBaseType_t ) ( pxList->uxNumberOfItems - 1U );
 289              		.loc 1 242 5 is_stmt 1 view .LVU105
 290              		.loc 1 242 59 is_stmt 0 view .LVU106
 291 0016 1868     		ldr	r0, [r3]
 292              	.LVL14:
 293              		.loc 1 242 35 view .LVU107
 294 0018 0138     		subs	r0, r0, #1
 295              		.loc 1 242 33 view .LVU108
 296 001a 1860     		str	r0, [r3]
 243:Middlewares/Third_Party/FreeRTOS/Source/list.c **** 
 244:Middlewares/Third_Party/FreeRTOS/Source/list.c ****     traceRETURN_uxListRemove( pxList->uxNumberOfItems );
 297              		.loc 1 244 56 is_stmt 1 view .LVU109
 245:Middlewares/Third_Party/FreeRTOS/Source/list.c **** 
 246:Middlewares/Third_Party/FreeRTOS/Source/list.c ****     return pxList->uxNumberOfItems;
 298              		.loc 1 246 5 view .LVU110
 247:Middlewares/Third_Party/FreeRTOS/Source/list.c **** }
 299              		.loc 1 247 1 is_stmt 0 view .LVU111
 300 001c 7047     		bx	lr
 301              	.LVL15:
 302              	.L12:
 234:Middlewares/Third_Party/FreeRTOS/Source/list.c ****     }
 303              		.loc 1 234 9 is_stmt 1 view .LVU112
 234:Middlewares/Third_Party/FreeRTOS/Source/list.c ****     }
 304              		.loc 1 234 41 is_stmt 0 view .LVU113
 305 001e 8268     		ldr	r2, [r0, #8]
 234:Middlewares/Third_Party/FreeRTOS/Source/list.c ****     }
 306              		.loc 1 234 25 view .LVU114
 307 0020 5A60     		str	r2, [r3, #4]
 308 0022 F6E7     		b	.L11
 309              		.cfi_endproc
 310              	.LFE4:
 312              		.text
 313              	.Letext0:
 314              		.file 2 "/usr/lib/gcc/arm-none-eabi/13.2.1/include/stdint.h"
 315              		.file 3 "Middlewares/Third_Party/FreeRTOS/Source/portable/GCC/ARM_CM33_NTZ/non_secure/portmacrocom
 316              		.file 4 "Middlewares/Third_Party/FreeRTOS/Source/include/list.h"
ARM GAS  /tmp/cckVzBYZ.s 			page 11


DEFINED SYMBOLS
                            *ABS*:00000000 list.c
     /tmp/cckVzBYZ.s:22     .text.vListInitialise:00000000 $t
     /tmp/cckVzBYZ.s:28     .text.vListInitialise:00000000 vListInitialise
     /tmp/cckVzBYZ.s:66     .text.vListInitialiseItem:00000000 $t
     /tmp/cckVzBYZ.s:72     .text.vListInitialiseItem:00000000 vListInitialiseItem
     /tmp/cckVzBYZ.s:94     .text.vListInsertEnd:00000000 $t
     /tmp/cckVzBYZ.s:100    .text.vListInsertEnd:00000000 vListInsertEnd
     /tmp/cckVzBYZ.s:148    .text.vListInsert:00000000 $t
     /tmp/cckVzBYZ.s:154    .text.vListInsert:00000000 vListInsert
     /tmp/cckVzBYZ.s:245    .text.uxListRemove:00000000 $t
     /tmp/cckVzBYZ.s:251    .text.uxListRemove:00000000 uxListRemove

NO UNDEFINED SYMBOLS
