ARM GAS  /tmp/ccIbs8WP.s 			page 1


   1              		.cpu cortex-m33
   2              		.arch armv8-m.main
   3              		.fpu fpv5-sp-d16
   4              		.arch_extension dsp
   5              		.eabi_attribute 27, 1
   6              		.eabi_attribute 28, 1
   7              		.eabi_attribute 20, 1
   8              		.eabi_attribute 21, 1
   9              		.eabi_attribute 23, 3
  10              		.eabi_attribute 24, 1
  11              		.eabi_attribute 25, 1
  12              		.eabi_attribute 26, 1
  13              		.eabi_attribute 30, 1
  14              		.eabi_attribute 34, 1
  15              		.eabi_attribute 18, 4
  16              		.file	"spi.c"
  17              		.text
  18              	.Ltext0:
  19              		.cfi_sections	.debug_frame
  20              		.file 1 "Core/Src/spi.c"
  21              		.section	.text.MX_SPI2_Init,"ax",%progbits
  22              		.align	1
  23              		.global	MX_SPI2_Init
  24              		.syntax unified
  25              		.thumb
  26              		.thumb_func
  28              	MX_SPI2_Init:
  29              	.LFB157:
   1:Core/Src/spi.c **** /* USER CODE BEGIN Header */
   2:Core/Src/spi.c **** /**
   3:Core/Src/spi.c ****   ******************************************************************************
   4:Core/Src/spi.c ****   * @file    spi.c
   5:Core/Src/spi.c ****   * @brief   This file provides code for the configuration
   6:Core/Src/spi.c ****   *          of the SPI instances.
   7:Core/Src/spi.c ****   ******************************************************************************
   8:Core/Src/spi.c ****   * @attention
   9:Core/Src/spi.c ****   *
  10:Core/Src/spi.c ****   * Copyright (c) 2026 STMicroelectronics.
  11:Core/Src/spi.c ****   * All rights reserved.
  12:Core/Src/spi.c ****   *
  13:Core/Src/spi.c ****   * This software is licensed under terms that can be found in the LICENSE file
  14:Core/Src/spi.c ****   * in the root directory of this software component.
  15:Core/Src/spi.c ****   * If no LICENSE file comes with this software, it is provided AS-IS.
  16:Core/Src/spi.c ****   *
  17:Core/Src/spi.c ****   ******************************************************************************
  18:Core/Src/spi.c ****   */
  19:Core/Src/spi.c **** /* USER CODE END Header */
  20:Core/Src/spi.c **** /* Includes ------------------------------------------------------------------*/
  21:Core/Src/spi.c **** #include "spi.h"
  22:Core/Src/spi.c **** 
  23:Core/Src/spi.c **** /* USER CODE BEGIN 0 */
  24:Core/Src/spi.c **** 
  25:Core/Src/spi.c **** /* USER CODE END 0 */
  26:Core/Src/spi.c **** 
  27:Core/Src/spi.c **** SPI_HandleTypeDef hspi2;
  28:Core/Src/spi.c **** DMA_HandleTypeDef handle_GPDMA1_Channel3;
  29:Core/Src/spi.c **** DMA_HandleTypeDef handle_GPDMA1_Channel2;
ARM GAS  /tmp/ccIbs8WP.s 			page 2


  30:Core/Src/spi.c **** 
  31:Core/Src/spi.c **** /* SPI2 init function */
  32:Core/Src/spi.c **** void MX_SPI2_Init(void)
  33:Core/Src/spi.c **** {
  30              		.loc 1 33 1 view -0
  31              		.cfi_startproc
  32              		@ args = 0, pretend = 0, frame = 0
  33              		@ frame_needed = 0, uses_anonymous_args = 0
  34 0000 08B5     		push	{r3, lr}
  35              	.LCFI0:
  36              		.cfi_def_cfa_offset 8
  37              		.cfi_offset 3, -8
  38              		.cfi_offset 14, -4
  34:Core/Src/spi.c **** 
  35:Core/Src/spi.c ****   /* USER CODE BEGIN SPI2_Init 0 */
  36:Core/Src/spi.c **** 
  37:Core/Src/spi.c ****   /* USER CODE END SPI2_Init 0 */
  38:Core/Src/spi.c **** 
  39:Core/Src/spi.c ****   /* USER CODE BEGIN SPI2_Init 1 */
  40:Core/Src/spi.c **** 
  41:Core/Src/spi.c ****   /* USER CODE END SPI2_Init 1 */
  42:Core/Src/spi.c ****   hspi2.Instance = SPI2;
  39              		.loc 1 42 3 view .LVU1
  40              		.loc 1 42 18 is_stmt 0 view .LVU2
  41 0002 1348     		ldr	r0, .L5
  42 0004 134B     		ldr	r3, .L5+4
  43 0006 0360     		str	r3, [r0]
  43:Core/Src/spi.c ****   hspi2.Init.Mode = SPI_MODE_MASTER;
  44              		.loc 1 43 3 is_stmt 1 view .LVU3
  45              		.loc 1 43 19 is_stmt 0 view .LVU4
  46 0008 4FF48003 		mov	r3, #4194304
  47 000c 4360     		str	r3, [r0, #4]
  44:Core/Src/spi.c ****   hspi2.Init.Direction = SPI_DIRECTION_2LINES;
  48              		.loc 1 44 3 is_stmt 1 view .LVU5
  49              		.loc 1 44 24 is_stmt 0 view .LVU6
  50 000e 0023     		movs	r3, #0
  51 0010 8360     		str	r3, [r0, #8]
  45:Core/Src/spi.c ****   hspi2.Init.DataSize = SPI_DATASIZE_8BIT;
  52              		.loc 1 45 3 is_stmt 1 view .LVU7
  53              		.loc 1 45 23 is_stmt 0 view .LVU8
  54 0012 0722     		movs	r2, #7
  55 0014 C260     		str	r2, [r0, #12]
  46:Core/Src/spi.c ****   hspi2.Init.CLKPolarity = SPI_POLARITY_LOW;
  56              		.loc 1 46 3 is_stmt 1 view .LVU9
  57              		.loc 1 46 26 is_stmt 0 view .LVU10
  58 0016 0361     		str	r3, [r0, #16]
  47:Core/Src/spi.c ****   hspi2.Init.CLKPhase = SPI_PHASE_1EDGE;
  59              		.loc 1 47 3 is_stmt 1 view .LVU11
  60              		.loc 1 47 23 is_stmt 0 view .LVU12
  61 0018 4361     		str	r3, [r0, #20]
  48:Core/Src/spi.c ****   hspi2.Init.NSS = SPI_NSS_SOFT;
  62              		.loc 1 48 3 is_stmt 1 view .LVU13
  63              		.loc 1 48 18 is_stmt 0 view .LVU14
  64 001a 4FF08061 		mov	r1, #67108864
  65 001e 8161     		str	r1, [r0, #24]
  49:Core/Src/spi.c ****   hspi2.Init.BaudRatePrescaler = SPI_BAUDRATEPRESCALER_2;
  66              		.loc 1 49 3 is_stmt 1 view .LVU15
ARM GAS  /tmp/ccIbs8WP.s 			page 3


  67              		.loc 1 49 32 is_stmt 0 view .LVU16
  68 0020 C361     		str	r3, [r0, #28]
  50:Core/Src/spi.c ****   hspi2.Init.FirstBit = SPI_FIRSTBIT_MSB;
  69              		.loc 1 50 3 is_stmt 1 view .LVU17
  70              		.loc 1 50 23 is_stmt 0 view .LVU18
  71 0022 0362     		str	r3, [r0, #32]
  51:Core/Src/spi.c ****   hspi2.Init.TIMode = SPI_TIMODE_DISABLE;
  72              		.loc 1 51 3 is_stmt 1 view .LVU19
  73              		.loc 1 51 21 is_stmt 0 view .LVU20
  74 0024 4362     		str	r3, [r0, #36]
  52:Core/Src/spi.c ****   hspi2.Init.CRCCalculation = SPI_CRCCALCULATION_DISABLE;
  75              		.loc 1 52 3 is_stmt 1 view .LVU21
  76              		.loc 1 52 29 is_stmt 0 view .LVU22
  77 0026 8362     		str	r3, [r0, #40]
  53:Core/Src/spi.c ****   hspi2.Init.CRCPolynomial = 0x7;
  78              		.loc 1 53 3 is_stmt 1 view .LVU23
  79              		.loc 1 53 28 is_stmt 0 view .LVU24
  80 0028 C262     		str	r2, [r0, #44]
  54:Core/Src/spi.c ****   hspi2.Init.NSSPMode = SPI_NSS_PULSE_ENABLE;
  81              		.loc 1 54 3 is_stmt 1 view .LVU25
  82              		.loc 1 54 23 is_stmt 0 view .LVU26
  83 002a 4FF08042 		mov	r2, #1073741824
  84 002e 4263     		str	r2, [r0, #52]
  55:Core/Src/spi.c ****   hspi2.Init.NSSPolarity = SPI_NSS_POLARITY_LOW;
  85              		.loc 1 55 3 is_stmt 1 view .LVU27
  86              		.loc 1 55 26 is_stmt 0 view .LVU28
  87 0030 8363     		str	r3, [r0, #56]
  56:Core/Src/spi.c ****   hspi2.Init.FifoThreshold = SPI_FIFO_THRESHOLD_01DATA;
  88              		.loc 1 56 3 is_stmt 1 view .LVU29
  89              		.loc 1 56 28 is_stmt 0 view .LVU30
  90 0032 C363     		str	r3, [r0, #60]
  57:Core/Src/spi.c ****   hspi2.Init.MasterSSIdleness = SPI_MASTER_SS_IDLENESS_00CYCLE;
  91              		.loc 1 57 3 is_stmt 1 view .LVU31
  92              		.loc 1 57 31 is_stmt 0 view .LVU32
  93 0034 8364     		str	r3, [r0, #72]
  58:Core/Src/spi.c ****   hspi2.Init.MasterInterDataIdleness = SPI_MASTER_INTERDATA_IDLENESS_00CYCLE;
  94              		.loc 1 58 3 is_stmt 1 view .LVU33
  95              		.loc 1 58 38 is_stmt 0 view .LVU34
  96 0036 C364     		str	r3, [r0, #76]
  59:Core/Src/spi.c ****   hspi2.Init.MasterReceiverAutoSusp = SPI_MASTER_RX_AUTOSUSP_DISABLE;
  97              		.loc 1 59 3 is_stmt 1 view .LVU35
  98              		.loc 1 59 37 is_stmt 0 view .LVU36
  99 0038 0365     		str	r3, [r0, #80]
  60:Core/Src/spi.c ****   hspi2.Init.MasterKeepIOState = SPI_MASTER_KEEP_IO_STATE_DISABLE;
 100              		.loc 1 60 3 is_stmt 1 view .LVU37
 101              		.loc 1 60 32 is_stmt 0 view .LVU38
 102 003a 4365     		str	r3, [r0, #84]
  61:Core/Src/spi.c ****   hspi2.Init.IOSwap = SPI_IO_SWAP_DISABLE;
 103              		.loc 1 61 3 is_stmt 1 view .LVU39
 104              		.loc 1 61 21 is_stmt 0 view .LVU40
 105 003c 8365     		str	r3, [r0, #88]
  62:Core/Src/spi.c ****   hspi2.Init.ReadyMasterManagement = SPI_RDY_MASTER_MANAGEMENT_INTERNALLY;
 106              		.loc 1 62 3 is_stmt 1 view .LVU41
 107              		.loc 1 62 36 is_stmt 0 view .LVU42
 108 003e C365     		str	r3, [r0, #92]
  63:Core/Src/spi.c ****   hspi2.Init.ReadyPolarity = SPI_RDY_POLARITY_HIGH;
 109              		.loc 1 63 3 is_stmt 1 view .LVU43
ARM GAS  /tmp/ccIbs8WP.s 			page 4


 110              		.loc 1 63 28 is_stmt 0 view .LVU44
 111 0040 0366     		str	r3, [r0, #96]
  64:Core/Src/spi.c ****   if (HAL_SPI_Init(&hspi2) != HAL_OK)
 112              		.loc 1 64 3 is_stmt 1 view .LVU45
 113              		.loc 1 64 7 is_stmt 0 view .LVU46
 114 0042 FFF7FEFF 		bl	HAL_SPI_Init
 115              	.LVL0:
 116              		.loc 1 64 6 discriminator 1 view .LVU47
 117 0046 00B9     		cbnz	r0, .L4
 118              	.L1:
  65:Core/Src/spi.c ****   {
  66:Core/Src/spi.c ****     Error_Handler();
  67:Core/Src/spi.c ****   }
  68:Core/Src/spi.c ****   /* USER CODE BEGIN SPI2_Init 2 */
  69:Core/Src/spi.c **** 
  70:Core/Src/spi.c ****   /* USER CODE END SPI2_Init 2 */
  71:Core/Src/spi.c **** 
  72:Core/Src/spi.c **** }
 119              		.loc 1 72 1 view .LVU48
 120 0048 08BD     		pop	{r3, pc}
 121              	.L4:
  66:Core/Src/spi.c ****   }
 122              		.loc 1 66 5 is_stmt 1 view .LVU49
 123 004a FFF7FEFF 		bl	Error_Handler
 124              	.LVL1:
 125              		.loc 1 72 1 is_stmt 0 view .LVU50
 126 004e FBE7     		b	.L1
 127              	.L6:
 128              		.align	2
 129              	.L5:
 130 0050 00000000 		.word	hspi2
 131 0054 00380040 		.word	1073756160
 132              		.cfi_endproc
 133              	.LFE157:
 135              		.section	.text.HAL_SPI_MspInit,"ax",%progbits
 136              		.align	1
 137              		.global	HAL_SPI_MspInit
 138              		.syntax unified
 139              		.thumb
 140              		.thumb_func
 142              	HAL_SPI_MspInit:
 143              	.LVL2:
 144              	.LFB158:
  73:Core/Src/spi.c **** 
  74:Core/Src/spi.c **** void HAL_SPI_MspInit(SPI_HandleTypeDef* spiHandle)
  75:Core/Src/spi.c **** {
 145              		.loc 1 75 1 is_stmt 1 view -0
 146              		.cfi_startproc
 147              		@ args = 0, pretend = 0, frame = 248
 148              		@ frame_needed = 0, uses_anonymous_args = 0
 149              		.loc 1 75 1 is_stmt 0 view .LVU52
 150 0000 F0B5     		push	{r4, r5, r6, r7, lr}
 151              	.LCFI1:
 152              		.cfi_def_cfa_offset 20
 153              		.cfi_offset 4, -20
 154              		.cfi_offset 5, -16
 155              		.cfi_offset 6, -12
ARM GAS  /tmp/ccIbs8WP.s 			page 5


 156              		.cfi_offset 7, -8
 157              		.cfi_offset 14, -4
 158 0002 BFB0     		sub	sp, sp, #252
 159              	.LCFI2:
 160              		.cfi_def_cfa_offset 272
 161 0004 0446     		mov	r4, r0
  76:Core/Src/spi.c **** 
  77:Core/Src/spi.c ****   GPIO_InitTypeDef GPIO_InitStruct = {0};
 162              		.loc 1 77 3 is_stmt 1 view .LVU53
 163              		.loc 1 77 20 is_stmt 0 view .LVU54
 164 0006 0021     		movs	r1, #0
 165 0008 3991     		str	r1, [sp, #228]
 166 000a 3A91     		str	r1, [sp, #232]
 167 000c 3B91     		str	r1, [sp, #236]
 168 000e 3C91     		str	r1, [sp, #240]
 169 0010 3D91     		str	r1, [sp, #244]
  78:Core/Src/spi.c ****   RCC_PeriphCLKInitTypeDef PeriphClkInitStruct = {0};
 170              		.loc 1 78 3 is_stmt 1 view .LVU55
 171              		.loc 1 78 28 is_stmt 0 view .LVU56
 172 0012 D022     		movs	r2, #208
 173 0014 04A8     		add	r0, sp, #16
 174              	.LVL3:
 175              		.loc 1 78 28 view .LVU57
 176 0016 FFF7FEFF 		bl	memset
 177              	.LVL4:
  79:Core/Src/spi.c ****   if(spiHandle->Instance==SPI2)
 178              		.loc 1 79 3 is_stmt 1 view .LVU58
 179              		.loc 1 79 15 is_stmt 0 view .LVU59
 180 001a 2268     		ldr	r2, [r4]
 181              		.loc 1 79 5 view .LVU60
 182 001c 544B     		ldr	r3, .L21
 183 001e 9A42     		cmp	r2, r3
 184 0020 01D0     		beq	.L15
 185              	.L7:
  80:Core/Src/spi.c ****   {
  81:Core/Src/spi.c ****   /* USER CODE BEGIN SPI2_MspInit 0 */
  82:Core/Src/spi.c **** 
  83:Core/Src/spi.c ****   /* USER CODE END SPI2_MspInit 0 */
  84:Core/Src/spi.c **** 
  85:Core/Src/spi.c ****   /** Initializes the peripherals clock
  86:Core/Src/spi.c ****   */
  87:Core/Src/spi.c ****     PeriphClkInitStruct.PeriphClockSelection = RCC_PERIPHCLK_SPI2;
  88:Core/Src/spi.c ****     PeriphClkInitStruct.Spi2ClockSelection = RCC_SPI2CLKSOURCE_PLL1Q;
  89:Core/Src/spi.c ****     if (HAL_RCCEx_PeriphCLKConfig(&PeriphClkInitStruct) != HAL_OK)
  90:Core/Src/spi.c ****     {
  91:Core/Src/spi.c ****       Error_Handler();
  92:Core/Src/spi.c ****     }
  93:Core/Src/spi.c **** 
  94:Core/Src/spi.c ****     /* SPI2 clock enable */
  95:Core/Src/spi.c ****     __HAL_RCC_SPI2_CLK_ENABLE();
  96:Core/Src/spi.c **** 
  97:Core/Src/spi.c ****     __HAL_RCC_GPIOC_CLK_ENABLE();
  98:Core/Src/spi.c ****     __HAL_RCC_GPIOB_CLK_ENABLE();
  99:Core/Src/spi.c ****     /**SPI2 GPIO Configuration
 100:Core/Src/spi.c ****     PC1     ------> SPI2_MOSI
 101:Core/Src/spi.c ****     PC2     ------> SPI2_MISO
 102:Core/Src/spi.c ****     PB2     ------> SPI2_SCK
ARM GAS  /tmp/ccIbs8WP.s 			page 6


 103:Core/Src/spi.c ****     */
 104:Core/Src/spi.c ****     GPIO_InitStruct.Pin = GPIO_PIN_1|GPIO_PIN_2;
 105:Core/Src/spi.c ****     GPIO_InitStruct.Mode = GPIO_MODE_AF_PP;
 106:Core/Src/spi.c ****     GPIO_InitStruct.Pull = GPIO_NOPULL;
 107:Core/Src/spi.c ****     GPIO_InitStruct.Speed = GPIO_SPEED_FREQ_LOW;
 108:Core/Src/spi.c ****     GPIO_InitStruct.Alternate = GPIO_AF5_SPI2;
 109:Core/Src/spi.c ****     HAL_GPIO_Init(GPIOC, &GPIO_InitStruct);
 110:Core/Src/spi.c **** 
 111:Core/Src/spi.c ****     GPIO_InitStruct.Pin = GPIO_PIN_2;
 112:Core/Src/spi.c ****     GPIO_InitStruct.Mode = GPIO_MODE_AF_PP;
 113:Core/Src/spi.c ****     GPIO_InitStruct.Pull = GPIO_NOPULL;
 114:Core/Src/spi.c ****     GPIO_InitStruct.Speed = GPIO_SPEED_FREQ_LOW;
 115:Core/Src/spi.c ****     GPIO_InitStruct.Alternate = GPIO_AF6_SPI2;
 116:Core/Src/spi.c ****     HAL_GPIO_Init(GPIOB, &GPIO_InitStruct);
 117:Core/Src/spi.c **** 
 118:Core/Src/spi.c ****     /* SPI2 DMA Init */
 119:Core/Src/spi.c ****     /* GPDMA1_REQUEST_SPI2_RX Init */
 120:Core/Src/spi.c ****     handle_GPDMA1_Channel3.Instance = GPDMA1_Channel3;
 121:Core/Src/spi.c ****     handle_GPDMA1_Channel3.Init.Request = GPDMA1_REQUEST_SPI2_RX;
 122:Core/Src/spi.c ****     handle_GPDMA1_Channel3.Init.BlkHWRequest = DMA_BREQ_SINGLE_BURST;
 123:Core/Src/spi.c ****     handle_GPDMA1_Channel3.Init.Direction = DMA_PERIPH_TO_MEMORY;
 124:Core/Src/spi.c ****     handle_GPDMA1_Channel3.Init.SrcInc = DMA_SINC_FIXED;
 125:Core/Src/spi.c ****     handle_GPDMA1_Channel3.Init.DestInc = DMA_DINC_INCREMENTED;
 126:Core/Src/spi.c ****     handle_GPDMA1_Channel3.Init.SrcDataWidth = DMA_SRC_DATAWIDTH_BYTE;
 127:Core/Src/spi.c ****     handle_GPDMA1_Channel3.Init.DestDataWidth = DMA_DEST_DATAWIDTH_BYTE;
 128:Core/Src/spi.c ****     handle_GPDMA1_Channel3.Init.Priority = DMA_LOW_PRIORITY_MID_WEIGHT;
 129:Core/Src/spi.c ****     handle_GPDMA1_Channel3.Init.SrcBurstLength = 1;
 130:Core/Src/spi.c ****     handle_GPDMA1_Channel3.Init.DestBurstLength = 1;
 131:Core/Src/spi.c ****     handle_GPDMA1_Channel3.Init.TransferAllocatedPort = DMA_SRC_ALLOCATED_PORT0|DMA_DEST_ALLOCATED_
 132:Core/Src/spi.c ****     handle_GPDMA1_Channel3.Init.TransferEventMode = DMA_TCEM_BLOCK_TRANSFER;
 133:Core/Src/spi.c ****     handle_GPDMA1_Channel3.Init.Mode = DMA_NORMAL;
 134:Core/Src/spi.c ****     if (HAL_DMA_Init(&handle_GPDMA1_Channel3) != HAL_OK)
 135:Core/Src/spi.c ****     {
 136:Core/Src/spi.c ****       Error_Handler();
 137:Core/Src/spi.c ****     }
 138:Core/Src/spi.c **** 
 139:Core/Src/spi.c ****     __HAL_LINKDMA(spiHandle, hdmarx, handle_GPDMA1_Channel3);
 140:Core/Src/spi.c **** 
 141:Core/Src/spi.c ****     if (HAL_DMA_ConfigChannelAttributes(&handle_GPDMA1_Channel3, DMA_CHANNEL_NPRIV) != HAL_OK)
 142:Core/Src/spi.c ****     {
 143:Core/Src/spi.c ****       Error_Handler();
 144:Core/Src/spi.c ****     }
 145:Core/Src/spi.c **** 
 146:Core/Src/spi.c ****     /* GPDMA1_REQUEST_SPI2_TX Init */
 147:Core/Src/spi.c ****     handle_GPDMA1_Channel2.Instance = GPDMA1_Channel2;
 148:Core/Src/spi.c ****     handle_GPDMA1_Channel2.Init.Request = GPDMA1_REQUEST_SPI2_TX;
 149:Core/Src/spi.c ****     handle_GPDMA1_Channel2.Init.BlkHWRequest = DMA_BREQ_SINGLE_BURST;
 150:Core/Src/spi.c ****     handle_GPDMA1_Channel2.Init.Direction = DMA_MEMORY_TO_PERIPH;
 151:Core/Src/spi.c ****     handle_GPDMA1_Channel2.Init.SrcInc = DMA_SINC_INCREMENTED;
 152:Core/Src/spi.c ****     handle_GPDMA1_Channel2.Init.DestInc = DMA_DINC_FIXED;
 153:Core/Src/spi.c ****     handle_GPDMA1_Channel2.Init.SrcDataWidth = DMA_SRC_DATAWIDTH_BYTE;
 154:Core/Src/spi.c ****     handle_GPDMA1_Channel2.Init.DestDataWidth = DMA_DEST_DATAWIDTH_BYTE;
 155:Core/Src/spi.c ****     handle_GPDMA1_Channel2.Init.Priority = DMA_LOW_PRIORITY_MID_WEIGHT;
 156:Core/Src/spi.c ****     handle_GPDMA1_Channel2.Init.SrcBurstLength = 1;
 157:Core/Src/spi.c ****     handle_GPDMA1_Channel2.Init.DestBurstLength = 1;
 158:Core/Src/spi.c ****     handle_GPDMA1_Channel2.Init.TransferAllocatedPort = DMA_SRC_ALLOCATED_PORT0|DMA_DEST_ALLOCATED_
 159:Core/Src/spi.c ****     handle_GPDMA1_Channel2.Init.TransferEventMode = DMA_TCEM_BLOCK_TRANSFER;
ARM GAS  /tmp/ccIbs8WP.s 			page 7


 160:Core/Src/spi.c ****     handle_GPDMA1_Channel2.Init.Mode = DMA_NORMAL;
 161:Core/Src/spi.c ****     if (HAL_DMA_Init(&handle_GPDMA1_Channel2) != HAL_OK)
 162:Core/Src/spi.c ****     {
 163:Core/Src/spi.c ****       Error_Handler();
 164:Core/Src/spi.c ****     }
 165:Core/Src/spi.c **** 
 166:Core/Src/spi.c ****     __HAL_LINKDMA(spiHandle, hdmatx, handle_GPDMA1_Channel2);
 167:Core/Src/spi.c **** 
 168:Core/Src/spi.c ****     if (HAL_DMA_ConfigChannelAttributes(&handle_GPDMA1_Channel2, DMA_CHANNEL_NPRIV) != HAL_OK)
 169:Core/Src/spi.c ****     {
 170:Core/Src/spi.c ****       Error_Handler();
 171:Core/Src/spi.c ****     }
 172:Core/Src/spi.c **** 
 173:Core/Src/spi.c ****     /* SPI2 interrupt Init */
 174:Core/Src/spi.c ****     HAL_NVIC_SetPriority(SPI2_IRQn, 5, 0);
 175:Core/Src/spi.c ****     HAL_NVIC_EnableIRQ(SPI2_IRQn);
 176:Core/Src/spi.c ****   /* USER CODE BEGIN SPI2_MspInit 1 */
 177:Core/Src/spi.c **** 
 178:Core/Src/spi.c ****   /* USER CODE END SPI2_MspInit 1 */
 179:Core/Src/spi.c ****   }
 180:Core/Src/spi.c **** }
 186              		.loc 1 180 1 view .LVU61
 187 0022 3FB0     		add	sp, sp, #252
 188              	.LCFI3:
 189              		.cfi_remember_state
 190              		.cfi_def_cfa_offset 20
 191              		@ sp needed
 192 0024 F0BD     		pop	{r4, r5, r6, r7, pc}
 193              	.LVL5:
 194              	.L15:
 195              	.LCFI4:
 196              		.cfi_restore_state
  87:Core/Src/spi.c ****     PeriphClkInitStruct.Spi2ClockSelection = RCC_SPI2CLKSOURCE_PLL1Q;
 197              		.loc 1 87 5 is_stmt 1 view .LVU62
  87:Core/Src/spi.c ****     PeriphClkInitStruct.Spi2ClockSelection = RCC_SPI2CLKSOURCE_PLL1Q;
 198              		.loc 1 87 46 is_stmt 0 view .LVU63
 199 0026 4FF08052 		mov	r2, #268435456
 200 002a 0023     		movs	r3, #0
 201 002c CDE90423 		strd	r2, [sp, #16]
  88:Core/Src/spi.c ****     if (HAL_RCCEx_PeriphCLKConfig(&PeriphClkInitStruct) != HAL_OK)
 202              		.loc 1 88 5 is_stmt 1 view .LVU64
  89:Core/Src/spi.c ****     {
 203              		.loc 1 89 5 view .LVU65
  89:Core/Src/spi.c ****     {
 204              		.loc 1 89 9 is_stmt 0 view .LVU66
 205 0030 04A8     		add	r0, sp, #16
 206 0032 FFF7FEFF 		bl	HAL_RCCEx_PeriphCLKConfig
 207              	.LVL6:
  89:Core/Src/spi.c ****     {
 208              		.loc 1 89 8 discriminator 1 view .LVU67
 209 0036 0028     		cmp	r0, #0
 210 0038 40F08B80 		bne	.L16
 211              	.L9:
  95:Core/Src/spi.c **** 
 212              		.loc 1 95 5 is_stmt 1 view .LVU68
 213              	.LBB2:
  95:Core/Src/spi.c **** 
ARM GAS  /tmp/ccIbs8WP.s 			page 8


 214              		.loc 1 95 5 view .LVU69
  95:Core/Src/spi.c **** 
 215              		.loc 1 95 5 view .LVU70
 216 003c 4D4B     		ldr	r3, .L21+4
 217 003e D3F89C20 		ldr	r2, [r3, #156]
 218 0042 42F48042 		orr	r2, r2, #16384
 219 0046 C3F89C20 		str	r2, [r3, #156]
  95:Core/Src/spi.c **** 
 220              		.loc 1 95 5 view .LVU71
 221 004a D3F89C20 		ldr	r2, [r3, #156]
 222 004e 02F48042 		and	r2, r2, #16384
 223 0052 0192     		str	r2, [sp, #4]
  95:Core/Src/spi.c **** 
 224              		.loc 1 95 5 view .LVU72
 225 0054 019A     		ldr	r2, [sp, #4]
 226              	.LBE2:
  95:Core/Src/spi.c **** 
 227              		.loc 1 95 5 view .LVU73
  97:Core/Src/spi.c ****     __HAL_RCC_GPIOB_CLK_ENABLE();
 228              		.loc 1 97 5 view .LVU74
 229              	.LBB3:
  97:Core/Src/spi.c ****     __HAL_RCC_GPIOB_CLK_ENABLE();
 230              		.loc 1 97 5 view .LVU75
  97:Core/Src/spi.c ****     __HAL_RCC_GPIOB_CLK_ENABLE();
 231              		.loc 1 97 5 view .LVU76
 232 0056 D3F88C20 		ldr	r2, [r3, #140]
 233 005a 42F00402 		orr	r2, r2, #4
 234 005e C3F88C20 		str	r2, [r3, #140]
  97:Core/Src/spi.c ****     __HAL_RCC_GPIOB_CLK_ENABLE();
 235              		.loc 1 97 5 view .LVU77
 236 0062 D3F88C20 		ldr	r2, [r3, #140]
 237 0066 02F00402 		and	r2, r2, #4
 238 006a 0292     		str	r2, [sp, #8]
  97:Core/Src/spi.c ****     __HAL_RCC_GPIOB_CLK_ENABLE();
 239              		.loc 1 97 5 view .LVU78
 240 006c 029A     		ldr	r2, [sp, #8]
 241              	.LBE3:
  97:Core/Src/spi.c ****     __HAL_RCC_GPIOB_CLK_ENABLE();
 242              		.loc 1 97 5 view .LVU79
  98:Core/Src/spi.c ****     /**SPI2 GPIO Configuration
 243              		.loc 1 98 5 view .LVU80
 244              	.LBB4:
  98:Core/Src/spi.c ****     /**SPI2 GPIO Configuration
 245              		.loc 1 98 5 view .LVU81
  98:Core/Src/spi.c ****     /**SPI2 GPIO Configuration
 246              		.loc 1 98 5 view .LVU82
 247 006e D3F88C20 		ldr	r2, [r3, #140]
 248 0072 42F00202 		orr	r2, r2, #2
 249 0076 C3F88C20 		str	r2, [r3, #140]
  98:Core/Src/spi.c ****     /**SPI2 GPIO Configuration
 250              		.loc 1 98 5 view .LVU83
 251 007a D3F88C30 		ldr	r3, [r3, #140]
 252 007e 03F00203 		and	r3, r3, #2
 253 0082 0393     		str	r3, [sp, #12]
  98:Core/Src/spi.c ****     /**SPI2 GPIO Configuration
 254              		.loc 1 98 5 view .LVU84
 255 0084 039B     		ldr	r3, [sp, #12]
ARM GAS  /tmp/ccIbs8WP.s 			page 9


 256              	.LBE4:
  98:Core/Src/spi.c ****     /**SPI2 GPIO Configuration
 257              		.loc 1 98 5 view .LVU85
 104:Core/Src/spi.c ****     GPIO_InitStruct.Mode = GPIO_MODE_AF_PP;
 258              		.loc 1 104 5 view .LVU86
 104:Core/Src/spi.c ****     GPIO_InitStruct.Mode = GPIO_MODE_AF_PP;
 259              		.loc 1 104 25 is_stmt 0 view .LVU87
 260 0086 0626     		movs	r6, #6
 261 0088 3996     		str	r6, [sp, #228]
 105:Core/Src/spi.c ****     GPIO_InitStruct.Pull = GPIO_NOPULL;
 262              		.loc 1 105 5 is_stmt 1 view .LVU88
 105:Core/Src/spi.c ****     GPIO_InitStruct.Pull = GPIO_NOPULL;
 263              		.loc 1 105 26 is_stmt 0 view .LVU89
 264 008a 0227     		movs	r7, #2
 265 008c 3A97     		str	r7, [sp, #232]
 106:Core/Src/spi.c ****     GPIO_InitStruct.Speed = GPIO_SPEED_FREQ_LOW;
 266              		.loc 1 106 5 is_stmt 1 view .LVU90
 106:Core/Src/spi.c ****     GPIO_InitStruct.Speed = GPIO_SPEED_FREQ_LOW;
 267              		.loc 1 106 26 is_stmt 0 view .LVU91
 268 008e 0025     		movs	r5, #0
 269 0090 3B95     		str	r5, [sp, #236]
 107:Core/Src/spi.c ****     GPIO_InitStruct.Alternate = GPIO_AF5_SPI2;
 270              		.loc 1 107 5 is_stmt 1 view .LVU92
 107:Core/Src/spi.c ****     GPIO_InitStruct.Alternate = GPIO_AF5_SPI2;
 271              		.loc 1 107 27 is_stmt 0 view .LVU93
 272 0092 3C95     		str	r5, [sp, #240]
 108:Core/Src/spi.c ****     HAL_GPIO_Init(GPIOC, &GPIO_InitStruct);
 273              		.loc 1 108 5 is_stmt 1 view .LVU94
 108:Core/Src/spi.c ****     HAL_GPIO_Init(GPIOC, &GPIO_InitStruct);
 274              		.loc 1 108 31 is_stmt 0 view .LVU95
 275 0094 0523     		movs	r3, #5
 276 0096 3D93     		str	r3, [sp, #244]
 109:Core/Src/spi.c **** 
 277              		.loc 1 109 5 is_stmt 1 view .LVU96
 278 0098 39A9     		add	r1, sp, #228
 279 009a 3748     		ldr	r0, .L21+8
 280 009c FFF7FEFF 		bl	HAL_GPIO_Init
 281              	.LVL7:
 111:Core/Src/spi.c ****     GPIO_InitStruct.Mode = GPIO_MODE_AF_PP;
 282              		.loc 1 111 5 view .LVU97
 111:Core/Src/spi.c ****     GPIO_InitStruct.Mode = GPIO_MODE_AF_PP;
 283              		.loc 1 111 25 is_stmt 0 view .LVU98
 284 00a0 0423     		movs	r3, #4
 285 00a2 3993     		str	r3, [sp, #228]
 112:Core/Src/spi.c ****     GPIO_InitStruct.Pull = GPIO_NOPULL;
 286              		.loc 1 112 5 is_stmt 1 view .LVU99
 112:Core/Src/spi.c ****     GPIO_InitStruct.Pull = GPIO_NOPULL;
 287              		.loc 1 112 26 is_stmt 0 view .LVU100
 288 00a4 3A97     		str	r7, [sp, #232]
 113:Core/Src/spi.c ****     GPIO_InitStruct.Speed = GPIO_SPEED_FREQ_LOW;
 289              		.loc 1 113 5 is_stmt 1 view .LVU101
 113:Core/Src/spi.c ****     GPIO_InitStruct.Speed = GPIO_SPEED_FREQ_LOW;
 290              		.loc 1 113 26 is_stmt 0 view .LVU102
 291 00a6 3B95     		str	r5, [sp, #236]
 114:Core/Src/spi.c ****     GPIO_InitStruct.Alternate = GPIO_AF6_SPI2;
 292              		.loc 1 114 5 is_stmt 1 view .LVU103
 114:Core/Src/spi.c ****     GPIO_InitStruct.Alternate = GPIO_AF6_SPI2;
ARM GAS  /tmp/ccIbs8WP.s 			page 10


 293              		.loc 1 114 27 is_stmt 0 view .LVU104
 294 00a8 3C95     		str	r5, [sp, #240]
 115:Core/Src/spi.c ****     HAL_GPIO_Init(GPIOB, &GPIO_InitStruct);
 295              		.loc 1 115 5 is_stmt 1 view .LVU105
 115:Core/Src/spi.c ****     HAL_GPIO_Init(GPIOB, &GPIO_InitStruct);
 296              		.loc 1 115 31 is_stmt 0 view .LVU106
 297 00aa 3D96     		str	r6, [sp, #244]
 116:Core/Src/spi.c **** 
 298              		.loc 1 116 5 is_stmt 1 view .LVU107
 299 00ac 39A9     		add	r1, sp, #228
 300 00ae 3348     		ldr	r0, .L21+12
 301 00b0 FFF7FEFF 		bl	HAL_GPIO_Init
 302              	.LVL8:
 120:Core/Src/spi.c ****     handle_GPDMA1_Channel3.Init.Request = GPDMA1_REQUEST_SPI2_RX;
 303              		.loc 1 120 5 view .LVU108
 120:Core/Src/spi.c ****     handle_GPDMA1_Channel3.Init.Request = GPDMA1_REQUEST_SPI2_RX;
 304              		.loc 1 120 37 is_stmt 0 view .LVU109
 305 00b4 3248     		ldr	r0, .L21+16
 306 00b6 334B     		ldr	r3, .L21+20
 307 00b8 0360     		str	r3, [r0]
 121:Core/Src/spi.c ****     handle_GPDMA1_Channel3.Init.BlkHWRequest = DMA_BREQ_SINGLE_BURST;
 308              		.loc 1 121 5 is_stmt 1 view .LVU110
 121:Core/Src/spi.c ****     handle_GPDMA1_Channel3.Init.BlkHWRequest = DMA_BREQ_SINGLE_BURST;
 309              		.loc 1 121 41 is_stmt 0 view .LVU111
 310 00ba 0823     		movs	r3, #8
 311 00bc 4360     		str	r3, [r0, #4]
 122:Core/Src/spi.c ****     handle_GPDMA1_Channel3.Init.Direction = DMA_PERIPH_TO_MEMORY;
 312              		.loc 1 122 5 is_stmt 1 view .LVU112
 122:Core/Src/spi.c ****     handle_GPDMA1_Channel3.Init.Direction = DMA_PERIPH_TO_MEMORY;
 313              		.loc 1 122 46 is_stmt 0 view .LVU113
 314 00be 8560     		str	r5, [r0, #8]
 123:Core/Src/spi.c ****     handle_GPDMA1_Channel3.Init.SrcInc = DMA_SINC_FIXED;
 315              		.loc 1 123 5 is_stmt 1 view .LVU114
 123:Core/Src/spi.c ****     handle_GPDMA1_Channel3.Init.SrcInc = DMA_SINC_FIXED;
 316              		.loc 1 123 43 is_stmt 0 view .LVU115
 317 00c0 C560     		str	r5, [r0, #12]
 124:Core/Src/spi.c ****     handle_GPDMA1_Channel3.Init.DestInc = DMA_DINC_INCREMENTED;
 318              		.loc 1 124 5 is_stmt 1 view .LVU116
 124:Core/Src/spi.c ****     handle_GPDMA1_Channel3.Init.DestInc = DMA_DINC_INCREMENTED;
 319              		.loc 1 124 40 is_stmt 0 view .LVU117
 320 00c2 0561     		str	r5, [r0, #16]
 125:Core/Src/spi.c ****     handle_GPDMA1_Channel3.Init.SrcDataWidth = DMA_SRC_DATAWIDTH_BYTE;
 321              		.loc 1 125 5 is_stmt 1 view .LVU118
 125:Core/Src/spi.c ****     handle_GPDMA1_Channel3.Init.SrcDataWidth = DMA_SRC_DATAWIDTH_BYTE;
 322              		.loc 1 125 41 is_stmt 0 view .LVU119
 323 00c4 4FF40023 		mov	r3, #524288
 324 00c8 4361     		str	r3, [r0, #20]
 126:Core/Src/spi.c ****     handle_GPDMA1_Channel3.Init.DestDataWidth = DMA_DEST_DATAWIDTH_BYTE;
 325              		.loc 1 126 5 is_stmt 1 view .LVU120
 126:Core/Src/spi.c ****     handle_GPDMA1_Channel3.Init.DestDataWidth = DMA_DEST_DATAWIDTH_BYTE;
 326              		.loc 1 126 46 is_stmt 0 view .LVU121
 327 00ca 8561     		str	r5, [r0, #24]
 127:Core/Src/spi.c ****     handle_GPDMA1_Channel3.Init.Priority = DMA_LOW_PRIORITY_MID_WEIGHT;
 328              		.loc 1 127 5 is_stmt 1 view .LVU122
 127:Core/Src/spi.c ****     handle_GPDMA1_Channel3.Init.Priority = DMA_LOW_PRIORITY_MID_WEIGHT;
 329              		.loc 1 127 47 is_stmt 0 view .LVU123
 330 00cc C561     		str	r5, [r0, #28]
ARM GAS  /tmp/ccIbs8WP.s 			page 11


 128:Core/Src/spi.c ****     handle_GPDMA1_Channel3.Init.SrcBurstLength = 1;
 331              		.loc 1 128 5 is_stmt 1 view .LVU124
 128:Core/Src/spi.c ****     handle_GPDMA1_Channel3.Init.SrcBurstLength = 1;
 332              		.loc 1 128 42 is_stmt 0 view .LVU125
 333 00ce 4FF48003 		mov	r3, #4194304
 334 00d2 0362     		str	r3, [r0, #32]
 129:Core/Src/spi.c ****     handle_GPDMA1_Channel3.Init.DestBurstLength = 1;
 335              		.loc 1 129 5 is_stmt 1 view .LVU126
 129:Core/Src/spi.c ****     handle_GPDMA1_Channel3.Init.DestBurstLength = 1;
 336              		.loc 1 129 48 is_stmt 0 view .LVU127
 337 00d4 0123     		movs	r3, #1
 338 00d6 4362     		str	r3, [r0, #36]
 130:Core/Src/spi.c ****     handle_GPDMA1_Channel3.Init.TransferAllocatedPort = DMA_SRC_ALLOCATED_PORT0|DMA_DEST_ALLOCATED_
 339              		.loc 1 130 5 is_stmt 1 view .LVU128
 130:Core/Src/spi.c ****     handle_GPDMA1_Channel3.Init.TransferAllocatedPort = DMA_SRC_ALLOCATED_PORT0|DMA_DEST_ALLOCATED_
 340              		.loc 1 130 49 is_stmt 0 view .LVU129
 341 00d8 8362     		str	r3, [r0, #40]
 131:Core/Src/spi.c ****     handle_GPDMA1_Channel3.Init.TransferEventMode = DMA_TCEM_BLOCK_TRANSFER;
 342              		.loc 1 131 5 is_stmt 1 view .LVU130
 131:Core/Src/spi.c ****     handle_GPDMA1_Channel3.Init.TransferEventMode = DMA_TCEM_BLOCK_TRANSFER;
 343              		.loc 1 131 55 is_stmt 0 view .LVU131
 344 00da C562     		str	r5, [r0, #44]
 132:Core/Src/spi.c ****     handle_GPDMA1_Channel3.Init.Mode = DMA_NORMAL;
 345              		.loc 1 132 5 is_stmt 1 view .LVU132
 132:Core/Src/spi.c ****     handle_GPDMA1_Channel3.Init.Mode = DMA_NORMAL;
 346              		.loc 1 132 51 is_stmt 0 view .LVU133
 347 00dc 0563     		str	r5, [r0, #48]
 133:Core/Src/spi.c ****     if (HAL_DMA_Init(&handle_GPDMA1_Channel3) != HAL_OK)
 348              		.loc 1 133 5 is_stmt 1 view .LVU134
 133:Core/Src/spi.c ****     if (HAL_DMA_Init(&handle_GPDMA1_Channel3) != HAL_OK)
 349              		.loc 1 133 38 is_stmt 0 view .LVU135
 350 00de 4563     		str	r5, [r0, #52]
 134:Core/Src/spi.c ****     {
 351              		.loc 1 134 5 is_stmt 1 view .LVU136
 134:Core/Src/spi.c ****     {
 352              		.loc 1 134 9 is_stmt 0 view .LVU137
 353 00e0 FFF7FEFF 		bl	HAL_DMA_Init
 354              	.LVL9:
 134:Core/Src/spi.c ****     {
 355              		.loc 1 134 8 discriminator 1 view .LVU138
 356 00e4 0028     		cmp	r0, #0
 357 00e6 37D1     		bne	.L17
 358              	.L10:
 139:Core/Src/spi.c **** 
 359              		.loc 1 139 5 is_stmt 1 view .LVU139
 139:Core/Src/spi.c **** 
 360              		.loc 1 139 5 view .LVU140
 361 00e8 2548     		ldr	r0, .L21+16
 362 00ea C4F88400 		str	r0, [r4, #132]
 139:Core/Src/spi.c **** 
 363              		.loc 1 139 5 view .LVU141
 364 00ee C465     		str	r4, [r0, #92]
 139:Core/Src/spi.c **** 
 365              		.loc 1 139 5 view .LVU142
 141:Core/Src/spi.c ****     {
 366              		.loc 1 141 5 view .LVU143
 141:Core/Src/spi.c ****     {
ARM GAS  /tmp/ccIbs8WP.s 			page 12


 367              		.loc 1 141 9 is_stmt 0 view .LVU144
 368 00f0 1021     		movs	r1, #16
 369 00f2 FFF7FEFF 		bl	HAL_DMA_ConfigChannelAttributes
 370              	.LVL10:
 141:Core/Src/spi.c ****     {
 371              		.loc 1 141 8 discriminator 1 view .LVU145
 372 00f6 0028     		cmp	r0, #0
 373 00f8 31D1     		bne	.L18
 374              	.L11:
 147:Core/Src/spi.c ****     handle_GPDMA1_Channel2.Init.Request = GPDMA1_REQUEST_SPI2_TX;
 375              		.loc 1 147 5 is_stmt 1 view .LVU146
 147:Core/Src/spi.c ****     handle_GPDMA1_Channel2.Init.Request = GPDMA1_REQUEST_SPI2_TX;
 376              		.loc 1 147 37 is_stmt 0 view .LVU147
 377 00fa 2348     		ldr	r0, .L21+24
 378 00fc 234B     		ldr	r3, .L21+28
 379 00fe 0360     		str	r3, [r0]
 148:Core/Src/spi.c ****     handle_GPDMA1_Channel2.Init.BlkHWRequest = DMA_BREQ_SINGLE_BURST;
 380              		.loc 1 148 5 is_stmt 1 view .LVU148
 148:Core/Src/spi.c ****     handle_GPDMA1_Channel2.Init.BlkHWRequest = DMA_BREQ_SINGLE_BURST;
 381              		.loc 1 148 41 is_stmt 0 view .LVU149
 382 0100 0923     		movs	r3, #9
 383 0102 4360     		str	r3, [r0, #4]
 149:Core/Src/spi.c ****     handle_GPDMA1_Channel2.Init.Direction = DMA_MEMORY_TO_PERIPH;
 384              		.loc 1 149 5 is_stmt 1 view .LVU150
 149:Core/Src/spi.c ****     handle_GPDMA1_Channel2.Init.Direction = DMA_MEMORY_TO_PERIPH;
 385              		.loc 1 149 46 is_stmt 0 view .LVU151
 386 0104 0023     		movs	r3, #0
 387 0106 8360     		str	r3, [r0, #8]
 150:Core/Src/spi.c ****     handle_GPDMA1_Channel2.Init.SrcInc = DMA_SINC_INCREMENTED;
 388              		.loc 1 150 5 is_stmt 1 view .LVU152
 150:Core/Src/spi.c ****     handle_GPDMA1_Channel2.Init.SrcInc = DMA_SINC_INCREMENTED;
 389              		.loc 1 150 43 is_stmt 0 view .LVU153
 390 0108 4FF48062 		mov	r2, #1024
 391 010c C260     		str	r2, [r0, #12]
 151:Core/Src/spi.c ****     handle_GPDMA1_Channel2.Init.DestInc = DMA_DINC_FIXED;
 392              		.loc 1 151 5 is_stmt 1 view .LVU154
 151:Core/Src/spi.c ****     handle_GPDMA1_Channel2.Init.DestInc = DMA_DINC_FIXED;
 393              		.loc 1 151 40 is_stmt 0 view .LVU155
 394 010e 0822     		movs	r2, #8
 395 0110 0261     		str	r2, [r0, #16]
 152:Core/Src/spi.c ****     handle_GPDMA1_Channel2.Init.SrcDataWidth = DMA_SRC_DATAWIDTH_BYTE;
 396              		.loc 1 152 5 is_stmt 1 view .LVU156
 152:Core/Src/spi.c ****     handle_GPDMA1_Channel2.Init.SrcDataWidth = DMA_SRC_DATAWIDTH_BYTE;
 397              		.loc 1 152 41 is_stmt 0 view .LVU157
 398 0112 4361     		str	r3, [r0, #20]
 153:Core/Src/spi.c ****     handle_GPDMA1_Channel2.Init.DestDataWidth = DMA_DEST_DATAWIDTH_BYTE;
 399              		.loc 1 153 5 is_stmt 1 view .LVU158
 153:Core/Src/spi.c ****     handle_GPDMA1_Channel2.Init.DestDataWidth = DMA_DEST_DATAWIDTH_BYTE;
 400              		.loc 1 153 46 is_stmt 0 view .LVU159
 401 0114 8361     		str	r3, [r0, #24]
 154:Core/Src/spi.c ****     handle_GPDMA1_Channel2.Init.Priority = DMA_LOW_PRIORITY_MID_WEIGHT;
 402              		.loc 1 154 5 is_stmt 1 view .LVU160
 154:Core/Src/spi.c ****     handle_GPDMA1_Channel2.Init.Priority = DMA_LOW_PRIORITY_MID_WEIGHT;
 403              		.loc 1 154 47 is_stmt 0 view .LVU161
 404 0116 C361     		str	r3, [r0, #28]
 155:Core/Src/spi.c ****     handle_GPDMA1_Channel2.Init.SrcBurstLength = 1;
 405              		.loc 1 155 5 is_stmt 1 view .LVU162
ARM GAS  /tmp/ccIbs8WP.s 			page 13


 155:Core/Src/spi.c ****     handle_GPDMA1_Channel2.Init.SrcBurstLength = 1;
 406              		.loc 1 155 42 is_stmt 0 view .LVU163
 407 0118 4FF48002 		mov	r2, #4194304
 408 011c 0262     		str	r2, [r0, #32]
 156:Core/Src/spi.c ****     handle_GPDMA1_Channel2.Init.DestBurstLength = 1;
 409              		.loc 1 156 5 is_stmt 1 view .LVU164
 156:Core/Src/spi.c ****     handle_GPDMA1_Channel2.Init.DestBurstLength = 1;
 410              		.loc 1 156 48 is_stmt 0 view .LVU165
 411 011e 0122     		movs	r2, #1
 412 0120 4262     		str	r2, [r0, #36]
 157:Core/Src/spi.c ****     handle_GPDMA1_Channel2.Init.TransferAllocatedPort = DMA_SRC_ALLOCATED_PORT0|DMA_DEST_ALLOCATED_
 413              		.loc 1 157 5 is_stmt 1 view .LVU166
 157:Core/Src/spi.c ****     handle_GPDMA1_Channel2.Init.TransferAllocatedPort = DMA_SRC_ALLOCATED_PORT0|DMA_DEST_ALLOCATED_
 414              		.loc 1 157 49 is_stmt 0 view .LVU167
 415 0122 8262     		str	r2, [r0, #40]
 158:Core/Src/spi.c ****     handle_GPDMA1_Channel2.Init.TransferEventMode = DMA_TCEM_BLOCK_TRANSFER;
 416              		.loc 1 158 5 is_stmt 1 view .LVU168
 158:Core/Src/spi.c ****     handle_GPDMA1_Channel2.Init.TransferEventMode = DMA_TCEM_BLOCK_TRANSFER;
 417              		.loc 1 158 55 is_stmt 0 view .LVU169
 418 0124 C362     		str	r3, [r0, #44]
 159:Core/Src/spi.c ****     handle_GPDMA1_Channel2.Init.Mode = DMA_NORMAL;
 419              		.loc 1 159 5 is_stmt 1 view .LVU170
 159:Core/Src/spi.c ****     handle_GPDMA1_Channel2.Init.Mode = DMA_NORMAL;
 420              		.loc 1 159 51 is_stmt 0 view .LVU171
 421 0126 0363     		str	r3, [r0, #48]
 160:Core/Src/spi.c ****     if (HAL_DMA_Init(&handle_GPDMA1_Channel2) != HAL_OK)
 422              		.loc 1 160 5 is_stmt 1 view .LVU172
 160:Core/Src/spi.c ****     if (HAL_DMA_Init(&handle_GPDMA1_Channel2) != HAL_OK)
 423              		.loc 1 160 38 is_stmt 0 view .LVU173
 424 0128 4363     		str	r3, [r0, #52]
 161:Core/Src/spi.c ****     {
 425              		.loc 1 161 5 is_stmt 1 view .LVU174
 161:Core/Src/spi.c ****     {
 426              		.loc 1 161 9 is_stmt 0 view .LVU175
 427 012a FFF7FEFF 		bl	HAL_DMA_Init
 428              	.LVL11:
 161:Core/Src/spi.c ****     {
 429              		.loc 1 161 8 discriminator 1 view .LVU176
 430 012e C8B9     		cbnz	r0, .L19
 431              	.L12:
 166:Core/Src/spi.c **** 
 432              		.loc 1 166 5 is_stmt 1 view .LVU177
 166:Core/Src/spi.c **** 
 433              		.loc 1 166 5 view .LVU178
 434 0130 1548     		ldr	r0, .L21+24
 435 0132 C4F88000 		str	r0, [r4, #128]
 166:Core/Src/spi.c **** 
 436              		.loc 1 166 5 view .LVU179
 437 0136 C465     		str	r4, [r0, #92]
 166:Core/Src/spi.c **** 
 438              		.loc 1 166 5 view .LVU180
 168:Core/Src/spi.c ****     {
 439              		.loc 1 168 5 view .LVU181
 168:Core/Src/spi.c ****     {
 440              		.loc 1 168 9 is_stmt 0 view .LVU182
 441 0138 1021     		movs	r1, #16
 442 013a FFF7FEFF 		bl	HAL_DMA_ConfigChannelAttributes
ARM GAS  /tmp/ccIbs8WP.s 			page 14


 443              	.LVL12:
 168:Core/Src/spi.c ****     {
 444              		.loc 1 168 8 discriminator 1 view .LVU183
 445 013e A0B9     		cbnz	r0, .L20
 446              	.L13:
 174:Core/Src/spi.c ****     HAL_NVIC_EnableIRQ(SPI2_IRQn);
 447              		.loc 1 174 5 is_stmt 1 view .LVU184
 448 0140 0022     		movs	r2, #0
 449 0142 0521     		movs	r1, #5
 450 0144 3820     		movs	r0, #56
 451 0146 FFF7FEFF 		bl	HAL_NVIC_SetPriority
 452              	.LVL13:
 175:Core/Src/spi.c ****   /* USER CODE BEGIN SPI2_MspInit 1 */
 453              		.loc 1 175 5 view .LVU185
 454 014a 3820     		movs	r0, #56
 455 014c FFF7FEFF 		bl	HAL_NVIC_EnableIRQ
 456              	.LVL14:
 457              		.loc 1 180 1 is_stmt 0 view .LVU186
 458 0150 67E7     		b	.L7
 459              	.L16:
  91:Core/Src/spi.c ****     }
 460              		.loc 1 91 7 is_stmt 1 view .LVU187
 461 0152 FFF7FEFF 		bl	Error_Handler
 462              	.LVL15:
 463 0156 71E7     		b	.L9
 464              	.L17:
 136:Core/Src/spi.c ****     }
 465              		.loc 1 136 7 view .LVU188
 466 0158 FFF7FEFF 		bl	Error_Handler
 467              	.LVL16:
 468 015c C4E7     		b	.L10
 469              	.L18:
 143:Core/Src/spi.c ****     }
 470              		.loc 1 143 7 view .LVU189
 471 015e FFF7FEFF 		bl	Error_Handler
 472              	.LVL17:
 473 0162 CAE7     		b	.L11
 474              	.L19:
 163:Core/Src/spi.c ****     }
 475              		.loc 1 163 7 view .LVU190
 476 0164 FFF7FEFF 		bl	Error_Handler
 477              	.LVL18:
 478 0168 E2E7     		b	.L12
 479              	.L20:
 170:Core/Src/spi.c ****     }
 480              		.loc 1 170 7 view .LVU191
 481 016a FFF7FEFF 		bl	Error_Handler
 482              	.LVL19:
 483 016e E7E7     		b	.L13
 484              	.L22:
 485              		.align	2
 486              	.L21:
 487 0170 00380040 		.word	1073756160
 488 0174 000C0244 		.word	1140984832
 489 0178 00080242 		.word	1107429376
 490 017c 00040242 		.word	1107428352
 491 0180 00000000 		.word	handle_GPDMA1_Channel3
ARM GAS  /tmp/ccIbs8WP.s 			page 15


 492 0184 D0010240 		.word	1073873360
 493 0188 00000000 		.word	handle_GPDMA1_Channel2
 494 018c 50010240 		.word	1073873232
 495              		.cfi_endproc
 496              	.LFE158:
 498              		.section	.text.HAL_SPI_MspDeInit,"ax",%progbits
 499              		.align	1
 500              		.global	HAL_SPI_MspDeInit
 501              		.syntax unified
 502              		.thumb
 503              		.thumb_func
 505              	HAL_SPI_MspDeInit:
 506              	.LVL20:
 507              	.LFB159:
 181:Core/Src/spi.c **** 
 182:Core/Src/spi.c **** void HAL_SPI_MspDeInit(SPI_HandleTypeDef* spiHandle)
 183:Core/Src/spi.c **** {
 508              		.loc 1 183 1 view -0
 509              		.cfi_startproc
 510              		@ args = 0, pretend = 0, frame = 0
 511              		@ frame_needed = 0, uses_anonymous_args = 0
 184:Core/Src/spi.c **** 
 185:Core/Src/spi.c ****   if(spiHandle->Instance==SPI2)
 512              		.loc 1 185 3 view .LVU193
 513              		.loc 1 185 15 is_stmt 0 view .LVU194
 514 0000 0268     		ldr	r2, [r0]
 515              		.loc 1 185 5 view .LVU195
 516 0002 104B     		ldr	r3, .L30
 517 0004 9A42     		cmp	r2, r3
 518 0006 00D0     		beq	.L29
 519 0008 7047     		bx	lr
 520              	.L29:
 183:Core/Src/spi.c **** 
 521              		.loc 1 183 1 view .LVU196
 522 000a 10B5     		push	{r4, lr}
 523              	.LCFI5:
 524              		.cfi_def_cfa_offset 8
 525              		.cfi_offset 4, -8
 526              		.cfi_offset 14, -4
 527 000c 0446     		mov	r4, r0
 186:Core/Src/spi.c ****   {
 187:Core/Src/spi.c ****   /* USER CODE BEGIN SPI2_MspDeInit 0 */
 188:Core/Src/spi.c **** 
 189:Core/Src/spi.c ****   /* USER CODE END SPI2_MspDeInit 0 */
 190:Core/Src/spi.c ****     /* Peripheral clock disable */
 191:Core/Src/spi.c ****     __HAL_RCC_SPI2_CLK_DISABLE();
 528              		.loc 1 191 5 is_stmt 1 view .LVU197
 529 000e 0E4A     		ldr	r2, .L30+4
 530 0010 D2F89C30 		ldr	r3, [r2, #156]
 531 0014 23F48043 		bic	r3, r3, #16384
 532 0018 C2F89C30 		str	r3, [r2, #156]
 192:Core/Src/spi.c **** 
 193:Core/Src/spi.c ****     /**SPI2 GPIO Configuration
 194:Core/Src/spi.c ****     PC1     ------> SPI2_MOSI
 195:Core/Src/spi.c ****     PC2     ------> SPI2_MISO
 196:Core/Src/spi.c ****     PB2     ------> SPI2_SCK
 197:Core/Src/spi.c ****     */
ARM GAS  /tmp/ccIbs8WP.s 			page 16


 198:Core/Src/spi.c ****     HAL_GPIO_DeInit(GPIOC, GPIO_PIN_1|GPIO_PIN_2);
 533              		.loc 1 198 5 view .LVU198
 534 001c 0621     		movs	r1, #6
 535 001e 0B48     		ldr	r0, .L30+8
 536              	.LVL21:
 537              		.loc 1 198 5 is_stmt 0 view .LVU199
 538 0020 FFF7FEFF 		bl	HAL_GPIO_DeInit
 539              	.LVL22:
 199:Core/Src/spi.c **** 
 200:Core/Src/spi.c ****     HAL_GPIO_DeInit(GPIOB, GPIO_PIN_2);
 540              		.loc 1 200 5 is_stmt 1 view .LVU200
 541 0024 0421     		movs	r1, #4
 542 0026 0A48     		ldr	r0, .L30+12
 543 0028 FFF7FEFF 		bl	HAL_GPIO_DeInit
 544              	.LVL23:
 201:Core/Src/spi.c **** 
 202:Core/Src/spi.c ****     /* SPI2 DMA DeInit */
 203:Core/Src/spi.c ****     HAL_DMA_DeInit(spiHandle->hdmarx);
 545              		.loc 1 203 5 view .LVU201
 546 002c D4F88400 		ldr	r0, [r4, #132]
 547 0030 FFF7FEFF 		bl	HAL_DMA_DeInit
 548              	.LVL24:
 204:Core/Src/spi.c ****     HAL_DMA_DeInit(spiHandle->hdmatx);
 549              		.loc 1 204 5 view .LVU202
 550 0034 D4F88000 		ldr	r0, [r4, #128]
 551 0038 FFF7FEFF 		bl	HAL_DMA_DeInit
 552              	.LVL25:
 205:Core/Src/spi.c **** 
 206:Core/Src/spi.c ****     /* SPI2 interrupt Deinit */
 207:Core/Src/spi.c ****     HAL_NVIC_DisableIRQ(SPI2_IRQn);
 553              		.loc 1 207 5 view .LVU203
 554 003c 3820     		movs	r0, #56
 555 003e FFF7FEFF 		bl	HAL_NVIC_DisableIRQ
 556              	.LVL26:
 208:Core/Src/spi.c ****   /* USER CODE BEGIN SPI2_MspDeInit 1 */
 209:Core/Src/spi.c **** 
 210:Core/Src/spi.c ****   /* USER CODE END SPI2_MspDeInit 1 */
 211:Core/Src/spi.c ****   }
 212:Core/Src/spi.c **** }
 557              		.loc 1 212 1 is_stmt 0 view .LVU204
 558 0042 10BD     		pop	{r4, pc}
 559              	.LVL27:
 560              	.L31:
 561              		.loc 1 212 1 view .LVU205
 562              		.align	2
 563              	.L30:
 564 0044 00380040 		.word	1073756160
 565 0048 000C0244 		.word	1140984832
 566 004c 00080242 		.word	1107429376
 567 0050 00040242 		.word	1107428352
 568              		.cfi_endproc
 569              	.LFE159:
 571              		.global	handle_GPDMA1_Channel2
 572              		.section	.bss.handle_GPDMA1_Channel2,"aw",%nobits
 573              		.align	2
 576              	handle_GPDMA1_Channel2:
 577 0000 00000000 		.space	120
ARM GAS  /tmp/ccIbs8WP.s 			page 17


 577      00000000 
 577      00000000 
 577      00000000 
 577      00000000 
 578              		.global	handle_GPDMA1_Channel3
 579              		.section	.bss.handle_GPDMA1_Channel3,"aw",%nobits
 580              		.align	2
 583              	handle_GPDMA1_Channel3:
 584 0000 00000000 		.space	120
 584      00000000 
 584      00000000 
 584      00000000 
 584      00000000 
 585              		.global	hspi2
 586              		.section	.bss.hspi2,"aw",%nobits
 587              		.align	2
 590              	hspi2:
 591 0000 00000000 		.space	144
 591      00000000 
 591      00000000 
 591      00000000 
 591      00000000 
 592              		.text
 593              	.Letext0:
 594              		.file 2 "Drivers/CMSIS/Device/ST/STM32H5xx/Include/stm32h533xx.h"
 595              		.file 3 "/usr/lib/gcc/arm-none-eabi/13.2.1/include/stdint.h"
 596              		.file 4 "Drivers/STM32H5xx_HAL_Driver/Inc/stm32h5xx_hal_def.h"
 597              		.file 5 "Drivers/STM32H5xx_HAL_Driver/Inc/stm32h5xx_hal_rcc_ex.h"
 598              		.file 6 "Drivers/STM32H5xx_HAL_Driver/Inc/stm32h5xx_hal_gpio.h"
 599              		.file 7 "Drivers/STM32H5xx_HAL_Driver/Inc/stm32h5xx_hal_dma.h"
 600              		.file 8 "Drivers/STM32H5xx_HAL_Driver/Inc/stm32h5xx_hal_dma_ex.h"
 601              		.file 9 "Drivers/STM32H5xx_HAL_Driver/Inc/stm32h5xx_hal_spi.h"
 602              		.file 10 "Core/Inc/spi.h"
 603              		.file 11 "Drivers/STM32H5xx_HAL_Driver/Inc/stm32h5xx_hal_cortex.h"
 604              		.file 12 "Core/Inc/main.h"
 605              		.file 13 "<built-in>"
ARM GAS  /tmp/ccIbs8WP.s 			page 18


DEFINED SYMBOLS
                            *ABS*:00000000 spi.c
     /tmp/ccIbs8WP.s:22     .text.MX_SPI2_Init:00000000 $t
     /tmp/ccIbs8WP.s:28     .text.MX_SPI2_Init:00000000 MX_SPI2_Init
     /tmp/ccIbs8WP.s:130    .text.MX_SPI2_Init:00000050 $d
     /tmp/ccIbs8WP.s:590    .bss.hspi2:00000000 hspi2
     /tmp/ccIbs8WP.s:136    .text.HAL_SPI_MspInit:00000000 $t
     /tmp/ccIbs8WP.s:142    .text.HAL_SPI_MspInit:00000000 HAL_SPI_MspInit
     /tmp/ccIbs8WP.s:487    .text.HAL_SPI_MspInit:00000170 $d
     /tmp/ccIbs8WP.s:583    .bss.handle_GPDMA1_Channel3:00000000 handle_GPDMA1_Channel3
     /tmp/ccIbs8WP.s:576    .bss.handle_GPDMA1_Channel2:00000000 handle_GPDMA1_Channel2
     /tmp/ccIbs8WP.s:499    .text.HAL_SPI_MspDeInit:00000000 $t
     /tmp/ccIbs8WP.s:505    .text.HAL_SPI_MspDeInit:00000000 HAL_SPI_MspDeInit
     /tmp/ccIbs8WP.s:564    .text.HAL_SPI_MspDeInit:00000044 $d
     /tmp/ccIbs8WP.s:573    .bss.handle_GPDMA1_Channel2:00000000 $d
     /tmp/ccIbs8WP.s:580    .bss.handle_GPDMA1_Channel3:00000000 $d
     /tmp/ccIbs8WP.s:587    .bss.hspi2:00000000 $d

UNDEFINED SYMBOLS
HAL_SPI_Init
Error_Handler
memset
HAL_RCCEx_PeriphCLKConfig
HAL_GPIO_Init
HAL_DMA_Init
HAL_DMA_ConfigChannelAttributes
HAL_NVIC_SetPriority
HAL_NVIC_EnableIRQ
HAL_GPIO_DeInit
HAL_DMA_DeInit
HAL_NVIC_DisableIRQ
