ARM GAS  /tmp/ccMFaR3k.s 			page 1


   1              		.cpu cortex-m33
   2              		.arch armv8-m.main
   3              		.fpu fpv5-sp-d16
   4              		.arch_extension dsp
   5              		.eabi_attribute 27, 1
   6              		.eabi_attribute 28, 1
   7              		.eabi_attribute 20, 1
   8              		.eabi_attribute 21, 1
   9              		.eabi_attribute 23, 3
  10              		.eabi_attribute 24, 1
  11              		.eabi_attribute 25, 1
  12              		.eabi_attribute 26, 1
  13              		.eabi_attribute 30, 1
  14              		.eabi_attribute 34, 1
  15              		.eabi_attribute 18, 4
  16              		.file	"stm32h5xx_hal_msp.c"
  17              		.text
  18              	.Ltext0:
  19              		.cfi_sections	.debug_frame
  20              		.file 1 "Core/Src/stm32h5xx_hal_msp.c"
  21              		.section	.text.HAL_MspInit,"ax",%progbits
  22              		.align	1
  23              		.global	HAL_MspInit
  24              		.syntax unified
  25              		.thumb
  26              		.thumb_func
  28              	HAL_MspInit:
  29              	.LFB157:
   1:Core/Src/stm32h5xx_hal_msp.c **** /* USER CODE BEGIN Header */
   2:Core/Src/stm32h5xx_hal_msp.c **** /**
   3:Core/Src/stm32h5xx_hal_msp.c ****   ******************************************************************************
   4:Core/Src/stm32h5xx_hal_msp.c ****   * @file         stm32h5xx_hal_msp.c
   5:Core/Src/stm32h5xx_hal_msp.c ****   * @brief        This file provides code for the MSP Initialization
   6:Core/Src/stm32h5xx_hal_msp.c ****   *               and de-Initialization codes.
   7:Core/Src/stm32h5xx_hal_msp.c ****   ******************************************************************************
   8:Core/Src/stm32h5xx_hal_msp.c ****   * @attention
   9:Core/Src/stm32h5xx_hal_msp.c ****   *
  10:Core/Src/stm32h5xx_hal_msp.c ****   * Copyright (c) 2026 STMicroelectronics.
  11:Core/Src/stm32h5xx_hal_msp.c ****   * All rights reserved.
  12:Core/Src/stm32h5xx_hal_msp.c ****   *
  13:Core/Src/stm32h5xx_hal_msp.c ****   * This software is licensed under terms that can be found in the LICENSE file
  14:Core/Src/stm32h5xx_hal_msp.c ****   * in the root directory of this software component.
  15:Core/Src/stm32h5xx_hal_msp.c ****   * If no LICENSE file comes with this software, it is provided AS-IS.
  16:Core/Src/stm32h5xx_hal_msp.c ****   *
  17:Core/Src/stm32h5xx_hal_msp.c ****   ******************************************************************************
  18:Core/Src/stm32h5xx_hal_msp.c ****   */
  19:Core/Src/stm32h5xx_hal_msp.c **** /* USER CODE END Header */
  20:Core/Src/stm32h5xx_hal_msp.c **** /* Includes ------------------------------------------------------------------*/
  21:Core/Src/stm32h5xx_hal_msp.c **** #include "main.h"
  22:Core/Src/stm32h5xx_hal_msp.c **** /* USER CODE BEGIN Includes */
  23:Core/Src/stm32h5xx_hal_msp.c **** 
  24:Core/Src/stm32h5xx_hal_msp.c **** /* USER CODE END Includes */
  25:Core/Src/stm32h5xx_hal_msp.c **** 
  26:Core/Src/stm32h5xx_hal_msp.c **** /* Private typedef -----------------------------------------------------------*/
  27:Core/Src/stm32h5xx_hal_msp.c **** /* USER CODE BEGIN TD */
  28:Core/Src/stm32h5xx_hal_msp.c **** 
  29:Core/Src/stm32h5xx_hal_msp.c **** /* USER CODE END TD */
ARM GAS  /tmp/ccMFaR3k.s 			page 2


  30:Core/Src/stm32h5xx_hal_msp.c **** 
  31:Core/Src/stm32h5xx_hal_msp.c **** /* Private define ------------------------------------------------------------*/
  32:Core/Src/stm32h5xx_hal_msp.c **** /* USER CODE BEGIN Define */
  33:Core/Src/stm32h5xx_hal_msp.c **** 
  34:Core/Src/stm32h5xx_hal_msp.c **** /* USER CODE END Define */
  35:Core/Src/stm32h5xx_hal_msp.c **** 
  36:Core/Src/stm32h5xx_hal_msp.c **** /* Private macro -------------------------------------------------------------*/
  37:Core/Src/stm32h5xx_hal_msp.c **** /* USER CODE BEGIN Macro */
  38:Core/Src/stm32h5xx_hal_msp.c **** 
  39:Core/Src/stm32h5xx_hal_msp.c **** /* USER CODE END Macro */
  40:Core/Src/stm32h5xx_hal_msp.c **** 
  41:Core/Src/stm32h5xx_hal_msp.c **** /* Private variables ---------------------------------------------------------*/
  42:Core/Src/stm32h5xx_hal_msp.c **** /* USER CODE BEGIN PV */
  43:Core/Src/stm32h5xx_hal_msp.c **** 
  44:Core/Src/stm32h5xx_hal_msp.c **** /* USER CODE END PV */
  45:Core/Src/stm32h5xx_hal_msp.c **** 
  46:Core/Src/stm32h5xx_hal_msp.c **** /* Private function prototypes -----------------------------------------------*/
  47:Core/Src/stm32h5xx_hal_msp.c **** /* USER CODE BEGIN PFP */
  48:Core/Src/stm32h5xx_hal_msp.c **** 
  49:Core/Src/stm32h5xx_hal_msp.c **** /* USER CODE END PFP */
  50:Core/Src/stm32h5xx_hal_msp.c **** 
  51:Core/Src/stm32h5xx_hal_msp.c **** /* External functions --------------------------------------------------------*/
  52:Core/Src/stm32h5xx_hal_msp.c **** /* USER CODE BEGIN ExternalFunctions */
  53:Core/Src/stm32h5xx_hal_msp.c **** 
  54:Core/Src/stm32h5xx_hal_msp.c **** /* USER CODE END ExternalFunctions */
  55:Core/Src/stm32h5xx_hal_msp.c **** 
  56:Core/Src/stm32h5xx_hal_msp.c **** /* USER CODE BEGIN 0 */
  57:Core/Src/stm32h5xx_hal_msp.c **** 
  58:Core/Src/stm32h5xx_hal_msp.c **** /* USER CODE END 0 */
  59:Core/Src/stm32h5xx_hal_msp.c **** /**
  60:Core/Src/stm32h5xx_hal_msp.c ****   * Initializes the Global MSP.
  61:Core/Src/stm32h5xx_hal_msp.c ****   */
  62:Core/Src/stm32h5xx_hal_msp.c **** void HAL_MspInit(void)
  63:Core/Src/stm32h5xx_hal_msp.c **** {
  30              		.loc 1 63 1 view -0
  31              		.cfi_startproc
  32              		@ args = 0, pretend = 0, frame = 0
  33              		@ frame_needed = 0, uses_anonymous_args = 0
  34 0000 08B5     		push	{r3, lr}
  35              	.LCFI0:
  36              		.cfi_def_cfa_offset 8
  37              		.cfi_offset 3, -8
  38              		.cfi_offset 14, -4
  64:Core/Src/stm32h5xx_hal_msp.c **** 
  65:Core/Src/stm32h5xx_hal_msp.c ****   /* USER CODE BEGIN MspInit 0 */
  66:Core/Src/stm32h5xx_hal_msp.c **** 
  67:Core/Src/stm32h5xx_hal_msp.c ****   /* USER CODE END MspInit 0 */
  68:Core/Src/stm32h5xx_hal_msp.c **** 
  69:Core/Src/stm32h5xx_hal_msp.c ****   /* System interrupt init*/
  70:Core/Src/stm32h5xx_hal_msp.c ****   /* PendSV_IRQn interrupt configuration */
  71:Core/Src/stm32h5xx_hal_msp.c ****   HAL_NVIC_SetPriority(PendSV_IRQn, 15, 0);
  39              		.loc 1 71 3 view .LVU1
  40 0002 0022     		movs	r2, #0
  41 0004 0F21     		movs	r1, #15
  42 0006 6FF00100 		mvn	r0, #1
  43 000a FFF7FEFF 		bl	HAL_NVIC_SetPriority
  44              	.LVL0:
ARM GAS  /tmp/ccMFaR3k.s 			page 3


  72:Core/Src/stm32h5xx_hal_msp.c **** 
  73:Core/Src/stm32h5xx_hal_msp.c ****   /* USER CODE BEGIN MspInit 1 */
  74:Core/Src/stm32h5xx_hal_msp.c **** 
  75:Core/Src/stm32h5xx_hal_msp.c ****   /* USER CODE END MspInit 1 */
  76:Core/Src/stm32h5xx_hal_msp.c **** }
  45              		.loc 1 76 1 is_stmt 0 view .LVU2
  46 000e 08BD     		pop	{r3, pc}
  47              		.cfi_endproc
  48              	.LFE157:
  50              		.text
  51              	.Letext0:
  52              		.file 2 "Drivers/CMSIS/Device/ST/STM32H5xx/Include/stm32h533xx.h"
  53              		.file 3 "/usr/lib/gcc/arm-none-eabi/13.2.1/include/stdint.h"
  54              		.file 4 "Drivers/STM32H5xx_HAL_Driver/Inc/stm32h5xx_hal_cortex.h"
ARM GAS  /tmp/ccMFaR3k.s 			page 4


DEFINED SYMBOLS
                            *ABS*:00000000 stm32h5xx_hal_msp.c
     /tmp/ccMFaR3k.s:22     .text.HAL_MspInit:00000000 $t
     /tmp/ccMFaR3k.s:28     .text.HAL_MspInit:00000000 HAL_MspInit

UNDEFINED SYMBOLS
HAL_NVIC_SetPriority
